<!doctype html public "-//w3c//dtd html 4.0 transitional//en">
<html><head>
<title>Static Call Graph - [.\Objects\RBCS_Seekya.axf]</title></head>
<body><HR>
<H1>Static Call Graph for image .\Objects\RBCS_Seekya.axf</H1><HR>
<BR><P>#&#060CALLGRAPH&#062# ARM Linker, 5050106: Last Updated: Fri Dec 13 10:50:10 2019
<BR><P>
<H3>Maximum Stack Usage =       1824 bytes + Unknown(Cycles, Untraceable Function Pointers)</H3><H3>
Call chain for Maximum Stack Depth:</H3>
main &rArr; Curve_PROM &rArr; RUN_Program &rArr; SD_SAVE &rArr; f_open &rArr; dir_register &rArr; dir_find &rArr; dir_next &rArr; create_chain &rArr; put_fat &rArr; move_window &rArr; sync_window &rArr; disk_write &rArr;  disk_write (Cycle)
<P>
<H3>
Mutually Recursive functions
</H3> <LI><a href="#[39]">ADC3_IRQHandler</a>&nbsp;&nbsp;&nbsp;&rArr;&nbsp;&nbsp;&nbsp;<a href="#[39]">ADC3_IRQHandler</a><BR>
 <LI><a href="#[1ef]">disk_read</a>&nbsp;&nbsp;&nbsp;&rArr;&nbsp;&nbsp;&nbsp;<a href="#[1ef]">disk_read</a><BR>
 <LI><a href="#[1f0]">disk_write</a>&nbsp;&nbsp;&nbsp;&rArr;&nbsp;&nbsp;&nbsp;<a href="#[1f0]">disk_write</a><BR>
</UL>
<P>
<H3>
Function Pointers
</H3><UL>
 <LI><a href="#[1c]">ADC1_2_IRQHandler</a> from adc.o(i.ADC1_2_IRQHandler) referenced from startup_stm32f10x_hd.o(RESET)
 <LI><a href="#[39]">ADC3_IRQHandler</a> from startup_stm32f10x_hd.o(.text) referenced from startup_stm32f10x_hd.o(RESET)
 <LI><a href="#[4]">BusFault_Handler</a> from stm32f10x_it.o(i.BusFault_Handler) referenced from startup_stm32f10x_hd.o(RESET)
 <LI><a href="#[1f]">CAN1_RX1_IRQHandler</a> from startup_stm32f10x_hd.o(.text) referenced from startup_stm32f10x_hd.o(RESET)
 <LI><a href="#[20]">CAN1_SCE_IRQHandler</a> from startup_stm32f10x_hd.o(.text) referenced from startup_stm32f10x_hd.o(RESET)
 <LI><a href="#[15]">DMA1_Channel1_IRQHandler</a> from startup_stm32f10x_hd.o(.text) referenced from startup_stm32f10x_hd.o(RESET)
 <LI><a href="#[16]">DMA1_Channel2_IRQHandler</a> from startup_stm32f10x_hd.o(.text) referenced from startup_stm32f10x_hd.o(RESET)
 <LI><a href="#[17]">DMA1_Channel3_IRQHandler</a> from startup_stm32f10x_hd.o(.text) referenced from startup_stm32f10x_hd.o(RESET)
 <LI><a href="#[18]">DMA1_Channel4_IRQHandler</a> from startup_stm32f10x_hd.o(.text) referenced from startup_stm32f10x_hd.o(RESET)
 <LI><a href="#[19]">DMA1_Channel5_IRQHandler</a> from startup_stm32f10x_hd.o(.text) referenced from startup_stm32f10x_hd.o(RESET)
 <LI><a href="#[1a]">DMA1_Channel6_IRQHandler</a> from startup_stm32f10x_hd.o(.text) referenced from startup_stm32f10x_hd.o(RESET)
 <LI><a href="#[1b]">DMA1_Channel7_IRQHandler</a> from startup_stm32f10x_hd.o(.text) referenced from startup_stm32f10x_hd.o(RESET)
 <LI><a href="#[42]">DMA2_Channel1_IRQHandler</a> from startup_stm32f10x_hd.o(.text) referenced from startup_stm32f10x_hd.o(RESET)
 <LI><a href="#[43]">DMA2_Channel2_IRQHandler</a> from startup_stm32f10x_hd.o(.text) referenced from startup_stm32f10x_hd.o(RESET)
 <LI><a href="#[44]">DMA2_Channel3_IRQHandler</a> from startup_stm32f10x_hd.o(.text) referenced from startup_stm32f10x_hd.o(RESET)
 <LI><a href="#[45]">DMA2_Channel4_5_IRQHandler</a> from startup_stm32f10x_hd.o(.text) referenced from startup_stm32f10x_hd.o(RESET)
 <LI><a href="#[7]">DebugMon_Handler</a> from stm32f10x_it.o(i.DebugMon_Handler) referenced from startup_stm32f10x_hd.o(RESET)
 <LI><a href="#[10]">EXTI0_IRQHandler</a> from startup_stm32f10x_hd.o(.text) referenced from startup_stm32f10x_hd.o(RESET)
 <LI><a href="#[32]">EXTI15_10_IRQHandler</a> from startup_stm32f10x_hd.o(.text) referenced from startup_stm32f10x_hd.o(RESET)
 <LI><a href="#[11]">EXTI1_IRQHandler</a> from startup_stm32f10x_hd.o(.text) referenced from startup_stm32f10x_hd.o(RESET)
 <LI><a href="#[12]">EXTI2_IRQHandler</a> from startup_stm32f10x_hd.o(.text) referenced from startup_stm32f10x_hd.o(RESET)
 <LI><a href="#[13]">EXTI3_IRQHandler</a> from startup_stm32f10x_hd.o(.text) referenced from startup_stm32f10x_hd.o(RESET)
 <LI><a href="#[14]">EXTI4_IRQHandler</a> from startup_stm32f10x_hd.o(.text) referenced from startup_stm32f10x_hd.o(RESET)
 <LI><a href="#[21]">EXTI9_5_IRQHandler</a> from startup_stm32f10x_hd.o(.text) referenced from startup_stm32f10x_hd.o(RESET)
 <LI><a href="#[e]">FLASH_IRQHandler</a> from startup_stm32f10x_hd.o(.text) referenced from startup_stm32f10x_hd.o(RESET)
 <LI><a href="#[3a]">FSMC_IRQHandler</a> from startup_stm32f10x_hd.o(.text) referenced from startup_stm32f10x_hd.o(RESET)
 <LI><a href="#[2]">HardFault_Handler</a> from stm32f10x_it.o(i.HardFault_Handler) referenced from startup_stm32f10x_hd.o(RESET)
 <LI><a href="#[2a]">I2C1_ER_IRQHandler</a> from startup_stm32f10x_hd.o(.text) referenced from startup_stm32f10x_hd.o(RESET)
 <LI><a href="#[29]">I2C1_EV_IRQHandler</a> from startup_stm32f10x_hd.o(.text) referenced from startup_stm32f10x_hd.o(RESET)
 <LI><a href="#[2c]">I2C2_ER_IRQHandler</a> from startup_stm32f10x_hd.o(.text) referenced from startup_stm32f10x_hd.o(RESET)
 <LI><a href="#[2b]">I2C2_EV_IRQHandler</a> from startup_stm32f10x_hd.o(.text) referenced from startup_stm32f10x_hd.o(RESET)
 <LI><a href="#[4d]">IsKeyDEC</a> from bsp_button.o(i.IsKeyDEC) referenced from bsp_button.o(i.bsp_InitButtonVar)
 <LI><a href="#[4e]">IsKeyINC</a> from bsp_button.o(i.IsKeyINC) referenced from bsp_button.o(i.bsp_InitButtonVar)
 <LI><a href="#[4c]">IsKeyPHOTOL</a> from bsp_button.o(i.IsKeyPHOTOL) referenced from bsp_button.o(i.bsp_InitButtonVar)
 <LI><a href="#[50]">IsKeyPHOTOR</a> from bsp_button.o(i.IsKeyPHOTOR) referenced from bsp_button.o(i.bsp_InitButtonVar)
 <LI><a href="#[4b]">IsKeyRUN</a> from bsp_button.o(i.IsKeyRUN) referenced from bsp_button.o(i.bsp_InitButtonVar)
 <LI><a href="#[4f]">IsKeySET</a> from bsp_button.o(i.IsKeySET) referenced from bsp_button.o(i.bsp_InitButtonVar)
 <LI><a href="#[3]">MemManage_Handler</a> from stm32f10x_it.o(i.MemManage_Handler) referenced from startup_stm32f10x_hd.o(RESET)
 <LI><a href="#[1]">NMI_Handler</a> from stm32f10x_it.o(i.NMI_Handler) referenced from startup_stm32f10x_hd.o(RESET)
 <LI><a href="#[b]">PVD_IRQHandler</a> from startup_stm32f10x_hd.o(.text) referenced from startup_stm32f10x_hd.o(RESET)
 <LI><a href="#[8]">PendSV_Handler</a> from stm32f10x_it.o(i.PendSV_Handler) referenced from startup_stm32f10x_hd.o(RESET)
 <LI><a href="#[f]">RCC_IRQHandler</a> from startup_stm32f10x_hd.o(.text) referenced from startup_stm32f10x_hd.o(RESET)
 <LI><a href="#[33]">RTCAlarm_IRQHandler</a> from startup_stm32f10x_hd.o(.text) referenced from startup_stm32f10x_hd.o(RESET)
 <LI><a href="#[d]">RTC_IRQHandler</a> from rtc.o(i.RTC_IRQHandler) referenced from startup_stm32f10x_hd.o(RESET)
 <LI><a href="#[0]">Reset_Handler</a> from startup_stm32f10x_hd.o(.text) referenced from startup_stm32f10x_hd.o(RESET)
 <LI><a href="#[3b]">SDIO_IRQHandler</a> from stm32f10x_it.o(i.SDIO_IRQHandler) referenced from startup_stm32f10x_hd.o(RESET)
 <LI><a href="#[2d]">SPI1_IRQHandler</a> from startup_stm32f10x_hd.o(.text) referenced from startup_stm32f10x_hd.o(RESET)
 <LI><a href="#[2e]">SPI2_IRQHandler</a> from startup_stm32f10x_hd.o(.text) referenced from startup_stm32f10x_hd.o(RESET)
 <LI><a href="#[3d]">SPI3_IRQHandler</a> from startup_stm32f10x_hd.o(.text) referenced from startup_stm32f10x_hd.o(RESET)
 <LI><a href="#[6]">SVC_Handler</a> from stm32f10x_it.o(i.SVC_Handler) referenced from startup_stm32f10x_hd.o(RESET)
 <LI><a href="#[9]">SysTick_Handler</a> from systick.o(i.SysTick_Handler) referenced from startup_stm32f10x_hd.o(RESET)
 <LI><a href="#[47]">SystemInit</a> from system_stm32f10x.o(i.SystemInit) referenced from startup_stm32f10x_hd.o(.text)
 <LI><a href="#[c]">TAMPER_IRQHandler</a> from startup_stm32f10x_hd.o(.text) referenced from startup_stm32f10x_hd.o(RESET)
 <LI><a href="#[22]">TIM1_BRK_IRQHandler</a> from startup_stm32f10x_hd.o(.text) referenced from startup_stm32f10x_hd.o(RESET)
 <LI><a href="#[25]">TIM1_CC_IRQHandler</a> from startup_stm32f10x_hd.o(.text) referenced from startup_stm32f10x_hd.o(RESET)
 <LI><a href="#[24]">TIM1_TRG_COM_IRQHandler</a> from startup_stm32f10x_hd.o(.text) referenced from startup_stm32f10x_hd.o(RESET)
 <LI><a href="#[23]">TIM1_UP_IRQHandler</a> from startup_stm32f10x_hd.o(.text) referenced from startup_stm32f10x_hd.o(RESET)
 <LI><a href="#[26]">TIM2_IRQHandler</a> from stm32f10x_it.o(i.TIM2_IRQHandler) referenced from startup_stm32f10x_hd.o(RESET)
 <LI><a href="#[27]">TIM3_IRQHandler</a> from startup_stm32f10x_hd.o(.text) referenced from startup_stm32f10x_hd.o(RESET)
 <LI><a href="#[28]">TIM4_IRQHandler</a> from startup_stm32f10x_hd.o(.text) referenced from startup_stm32f10x_hd.o(RESET)
 <LI><a href="#[3c]">TIM5_IRQHandler</a> from startup_stm32f10x_hd.o(.text) referenced from startup_stm32f10x_hd.o(RESET)
 <LI><a href="#[40]">TIM6_IRQHandler</a> from stm32f10x_it.o(i.TIM6_IRQHandler) referenced from startup_stm32f10x_hd.o(RESET)
 <LI><a href="#[41]">TIM7_IRQHandler</a> from stm32f10x_it.o(i.TIM7_IRQHandler) referenced from startup_stm32f10x_hd.o(RESET)
 <LI><a href="#[35]">TIM8_BRK_IRQHandler</a> from startup_stm32f10x_hd.o(.text) referenced from startup_stm32f10x_hd.o(RESET)
 <LI><a href="#[38]">TIM8_CC_IRQHandler</a> from startup_stm32f10x_hd.o(.text) referenced from startup_stm32f10x_hd.o(RESET)
 <LI><a href="#[37]">TIM8_TRG_COM_IRQHandler</a> from startup_stm32f10x_hd.o(.text) referenced from startup_stm32f10x_hd.o(RESET)
 <LI><a href="#[36]">TIM8_UP_IRQHandler</a> from startup_stm32f10x_hd.o(.text) referenced from startup_stm32f10x_hd.o(RESET)
 <LI><a href="#[3e]">UART4_IRQHandler</a> from startup_stm32f10x_hd.o(.text) referenced from startup_stm32f10x_hd.o(RESET)
 <LI><a href="#[3f]">UART5_IRQHandler</a> from startup_stm32f10x_hd.o(.text) referenced from startup_stm32f10x_hd.o(RESET)
 <LI><a href="#[2f]">USART1_IRQHandler</a> from bsp_usart.o(i.USART1_IRQHandler) referenced from startup_stm32f10x_hd.o(RESET)
 <LI><a href="#[30]">USART2_IRQHandler</a> from startup_stm32f10x_hd.o(.text) referenced from startup_stm32f10x_hd.o(RESET)
 <LI><a href="#[31]">USART3_IRQHandler</a> from co2_serial.o(i.USART3_IRQHandler) referenced from startup_stm32f10x_hd.o(RESET)
 <LI><a href="#[34]">USBWakeUp_IRQHandler</a> from startup_stm32f10x_hd.o(.text) referenced from startup_stm32f10x_hd.o(RESET)
 <LI><a href="#[1d]">USB_HP_CAN1_TX_IRQHandler</a> from startup_stm32f10x_hd.o(.text) referenced from startup_stm32f10x_hd.o(RESET)
 <LI><a href="#[1e]">USB_LP_CAN1_RX0_IRQHandler</a> from startup_stm32f10x_hd.o(.text) referenced from startup_stm32f10x_hd.o(RESET)
 <LI><a href="#[5]">UsageFault_Handler</a> from stm32f10x_it.o(i.UsageFault_Handler) referenced from startup_stm32f10x_hd.o(RESET)
 <LI><a href="#[a]">WWDG_IRQHandler</a> from startup_stm32f10x_hd.o(.text) referenced from startup_stm32f10x_hd.o(RESET)
 <LI><a href="#[48]">__main</a> from entry.o(.ARM.Collect$$$$00000000) referenced from startup_stm32f10x_hd.o(.text)
 <LI><a href="#[4a]">_sputc</a> from printfa.o(i._sputc) referenced from printfa.o(i.__0sprintf)
 <LI><a href="#[49]">fputc</a> from bsp_usart.o(i.fputc) referenced from printfa.o(i.__0printf)
 <LI><a href="#[46]">main</a> from main.o(i.main) referenced from entry9a.o(.ARM.Collect$$$$0000000B)
</UL>
<P>
<H3>
Global Symbols
</H3>
<P><STRONG><a name="[48]"></a>__main</STRONG> (Thumb, 0 bytes, Stack size unknown bytes, entry.o(.ARM.Collect$$$$00000000))
<BR>[Address Reference Count : 1]<UL><LI> startup_stm32f10x_hd.o(.text)
</UL>
<P><STRONG><a name="[20c]"></a>_main_stk</STRONG> (Thumb, 0 bytes, Stack size unknown bytes, entry2.o(.ARM.Collect$$$$00000001))

<P><STRONG><a name="[51]"></a>_main_scatterload</STRONG> (Thumb, 0 bytes, Stack size unknown bytes, entry5.o(.ARM.Collect$$$$00000004))
<BR><BR>[Calls]<UL><LI><a href="#[52]">&gt;&gt;</a>&nbsp;&nbsp;&nbsp;__scatterload
</UL>

<P><STRONG><a name="[6f]"></a>__main_after_scatterload</STRONG> (Thumb, 0 bytes, Stack size unknown bytes, entry5.o(.ARM.Collect$$$$00000004))
<BR><BR>[Called By]<UL><LI><a href="#[52]">&gt;&gt;</a>&nbsp;&nbsp;&nbsp;__scatterload
</UL>

<P><STRONG><a name="[20d]"></a>_main_clock</STRONG> (Thumb, 0 bytes, Stack size unknown bytes, entry7b.o(.ARM.Collect$$$$00000008))

<P><STRONG><a name="[20e]"></a>_main_cpp_init</STRONG> (Thumb, 0 bytes, Stack size unknown bytes, entry8b.o(.ARM.Collect$$$$0000000A))

<P><STRONG><a name="[20f]"></a>_main_init</STRONG> (Thumb, 0 bytes, Stack size unknown bytes, entry9a.o(.ARM.Collect$$$$0000000B))

<P><STRONG><a name="[210]"></a>__rt_final_cpp</STRONG> (Thumb, 0 bytes, Stack size unknown bytes, entry10a.o(.ARM.Collect$$$$0000000D))

<P><STRONG><a name="[211]"></a>__rt_final_exit</STRONG> (Thumb, 0 bytes, Stack size unknown bytes, entry11a.o(.ARM.Collect$$$$0000000F))

<P><STRONG><a name="[0]"></a>Reset_Handler</STRONG> (Thumb, 8 bytes, Stack size 0 bytes, startup_stm32f10x_hd.o(.text))
<BR>[Address Reference Count : 1]<UL><LI> startup_stm32f10x_hd.o(RESET)
</UL>
<P><STRONG><a name="[39]"></a>ADC3_IRQHandler</STRONG> (Thumb, 0 bytes, Stack size 0 bytes, startup_stm32f10x_hd.o(.text))
<BR><BR>[Calls]<UL><LI><a href="#[39]">&gt;&gt;</a>&nbsp;&nbsp;&nbsp;ADC3_IRQHandler
</UL>
<BR>[Called By]<UL><LI><a href="#[39]">&gt;&gt;</a>&nbsp;&nbsp;&nbsp;ADC3_IRQHandler
</UL>
<BR>[Address Reference Count : 1]<UL><LI> startup_stm32f10x_hd.o(RESET)
</UL>
<P><STRONG><a name="[1f]"></a>CAN1_RX1_IRQHandler</STRONG> (Thumb, 0 bytes, Stack size 0 bytes, startup_stm32f10x_hd.o(.text))
<BR>[Address Reference Count : 1]<UL><LI> startup_stm32f10x_hd.o(RESET)
</UL>
<P><STRONG><a name="[20]"></a>CAN1_SCE_IRQHandler</STRONG> (Thumb, 0 bytes, Stack size 0 bytes, startup_stm32f10x_hd.o(.text))
<BR>[Address Reference Count : 1]<UL><LI> startup_stm32f10x_hd.o(RESET)
</UL>
<P><STRONG><a name="[15]"></a>DMA1_Channel1_IRQHandler</STRONG> (Thumb, 0 bytes, Stack size 0 bytes, startup_stm32f10x_hd.o(.text))
<BR>[Address Reference Count : 1]<UL><LI> startup_stm32f10x_hd.o(RESET)
</UL>
<P><STRONG><a name="[16]"></a>DMA1_Channel2_IRQHandler</STRONG> (Thumb, 0 bytes, Stack size 0 bytes, startup_stm32f10x_hd.o(.text))
<BR>[Address Reference Count : 1]<UL><LI> startup_stm32f10x_hd.o(RESET)
</UL>
<P><STRONG><a name="[17]"></a>DMA1_Channel3_IRQHandler</STRONG> (Thumb, 0 bytes, Stack size 0 bytes, startup_stm32f10x_hd.o(.text))
<BR>[Address Reference Count : 1]<UL><LI> startup_stm32f10x_hd.o(RESET)
</UL>
<P><STRONG><a name="[18]"></a>DMA1_Channel4_IRQHandler</STRONG> (Thumb, 0 bytes, Stack size 0 bytes, startup_stm32f10x_hd.o(.text))
<BR>[Address Reference Count : 1]<UL><LI> startup_stm32f10x_hd.o(RESET)
</UL>
<P><STRONG><a name="[19]"></a>DMA1_Channel5_IRQHandler</STRONG> (Thumb, 0 bytes, Stack size 0 bytes, startup_stm32f10x_hd.o(.text))
<BR>[Address Reference Count : 1]<UL><LI> startup_stm32f10x_hd.o(RESET)
</UL>
<P><STRONG><a name="[1a]"></a>DMA1_Channel6_IRQHandler</STRONG> (Thumb, 0 bytes, Stack size 0 bytes, startup_stm32f10x_hd.o(.text))
<BR>[Address Reference Count : 1]<UL><LI> startup_stm32f10x_hd.o(RESET)
</UL>
<P><STRONG><a name="[1b]"></a>DMA1_Channel7_IRQHandler</STRONG> (Thumb, 0 bytes, Stack size 0 bytes, startup_stm32f10x_hd.o(.text))
<BR>[Address Reference Count : 1]<UL><LI> startup_stm32f10x_hd.o(RESET)
</UL>
<P><STRONG><a name="[42]"></a>DMA2_Channel1_IRQHandler</STRONG> (Thumb, 0 bytes, Stack size 0 bytes, startup_stm32f10x_hd.o(.text))
<BR>[Address Reference Count : 1]<UL><LI> startup_stm32f10x_hd.o(RESET)
</UL>
<P><STRONG><a name="[43]"></a>DMA2_Channel2_IRQHandler</STRONG> (Thumb, 0 bytes, Stack size 0 bytes, startup_stm32f10x_hd.o(.text))
<BR>[Address Reference Count : 1]<UL><LI> startup_stm32f10x_hd.o(RESET)
</UL>
<P><STRONG><a name="[44]"></a>DMA2_Channel3_IRQHandler</STRONG> (Thumb, 0 bytes, Stack size 0 bytes, startup_stm32f10x_hd.o(.text))
<BR>[Address Reference Count : 1]<UL><LI> startup_stm32f10x_hd.o(RESET)
</UL>
<P><STRONG><a name="[45]"></a>DMA2_Channel4_5_IRQHandler</STRONG> (Thumb, 0 bytes, Stack size 0 bytes, startup_stm32f10x_hd.o(.text))
<BR>[Address Reference Count : 1]<UL><LI> startup_stm32f10x_hd.o(RESET)
</UL>
<P><STRONG><a name="[10]"></a>EXTI0_IRQHandler</STRONG> (Thumb, 0 bytes, Stack size 0 bytes, startup_stm32f10x_hd.o(.text))
<BR>[Address Reference Count : 1]<UL><LI> startup_stm32f10x_hd.o(RESET)
</UL>
<P><STRONG><a name="[32]"></a>EXTI15_10_IRQHandler</STRONG> (Thumb, 0 bytes, Stack size 0 bytes, startup_stm32f10x_hd.o(.text))
<BR>[Address Reference Count : 1]<UL><LI> startup_stm32f10x_hd.o(RESET)
</UL>
<P><STRONG><a name="[11]"></a>EXTI1_IRQHandler</STRONG> (Thumb, 0 bytes, Stack size 0 bytes, startup_stm32f10x_hd.o(.text))
<BR>[Address Reference Count : 1]<UL><LI> startup_stm32f10x_hd.o(RESET)
</UL>
<P><STRONG><a name="[12]"></a>EXTI2_IRQHandler</STRONG> (Thumb, 0 bytes, Stack size 0 bytes, startup_stm32f10x_hd.o(.text))
<BR>[Address Reference Count : 1]<UL><LI> startup_stm32f10x_hd.o(RESET)
</UL>
<P><STRONG><a name="[13]"></a>EXTI3_IRQHandler</STRONG> (Thumb, 0 bytes, Stack size 0 bytes, startup_stm32f10x_hd.o(.text))
<BR>[Address Reference Count : 1]<UL><LI> startup_stm32f10x_hd.o(RESET)
</UL>
<P><STRONG><a name="[14]"></a>EXTI4_IRQHandler</STRONG> (Thumb, 0 bytes, Stack size 0 bytes, startup_stm32f10x_hd.o(.text))
<BR>[Address Reference Count : 1]<UL><LI> startup_stm32f10x_hd.o(RESET)
</UL>
<P><STRONG><a name="[21]"></a>EXTI9_5_IRQHandler</STRONG> (Thumb, 0 bytes, Stack size 0 bytes, startup_stm32f10x_hd.o(.text))
<BR>[Address Reference Count : 1]<UL><LI> startup_stm32f10x_hd.o(RESET)
</UL>
<P><STRONG><a name="[e]"></a>FLASH_IRQHandler</STRONG> (Thumb, 0 bytes, Stack size 0 bytes, startup_stm32f10x_hd.o(.text))
<BR>[Address Reference Count : 1]<UL><LI> startup_stm32f10x_hd.o(RESET)
</UL>
<P><STRONG><a name="[3a]"></a>FSMC_IRQHandler</STRONG> (Thumb, 0 bytes, Stack size 0 bytes, startup_stm32f10x_hd.o(.text))
<BR>[Address Reference Count : 1]<UL><LI> startup_stm32f10x_hd.o(RESET)
</UL>
<P><STRONG><a name="[2a]"></a>I2C1_ER_IRQHandler</STRONG> (Thumb, 0 bytes, Stack size 0 bytes, startup_stm32f10x_hd.o(.text))
<BR>[Address Reference Count : 1]<UL><LI> startup_stm32f10x_hd.o(RESET)
</UL>
<P><STRONG><a name="[29]"></a>I2C1_EV_IRQHandler</STRONG> (Thumb, 0 bytes, Stack size 0 bytes, startup_stm32f10x_hd.o(.text))
<BR>[Address Reference Count : 1]<UL><LI> startup_stm32f10x_hd.o(RESET)
</UL>
<P><STRONG><a name="[2c]"></a>I2C2_ER_IRQHandler</STRONG> (Thumb, 0 bytes, Stack size 0 bytes, startup_stm32f10x_hd.o(.text))
<BR>[Address Reference Count : 1]<UL><LI> startup_stm32f10x_hd.o(RESET)
</UL>
<P><STRONG><a name="[2b]"></a>I2C2_EV_IRQHandler</STRONG> (Thumb, 0 bytes, Stack size 0 bytes, startup_stm32f10x_hd.o(.text))
<BR>[Address Reference Count : 1]<UL><LI> startup_stm32f10x_hd.o(RESET)
</UL>
<P><STRONG><a name="[b]"></a>PVD_IRQHandler</STRONG> (Thumb, 0 bytes, Stack size 0 bytes, startup_stm32f10x_hd.o(.text))
<BR>[Address Reference Count : 1]<UL><LI> startup_stm32f10x_hd.o(RESET)
</UL>
<P><STRONG><a name="[f]"></a>RCC_IRQHandler</STRONG> (Thumb, 0 bytes, Stack size 0 bytes, startup_stm32f10x_hd.o(.text))
<BR>[Address Reference Count : 1]<UL><LI> startup_stm32f10x_hd.o(RESET)
</UL>
<P><STRONG><a name="[33]"></a>RTCAlarm_IRQHandler</STRONG> (Thumb, 0 bytes, Stack size 0 bytes, startup_stm32f10x_hd.o(.text))
<BR>[Address Reference Count : 1]<UL><LI> startup_stm32f10x_hd.o(RESET)
</UL>
<P><STRONG><a name="[2d]"></a>SPI1_IRQHandler</STRONG> (Thumb, 0 bytes, Stack size 0 bytes, startup_stm32f10x_hd.o(.text))
<BR>[Address Reference Count : 1]<UL><LI> startup_stm32f10x_hd.o(RESET)
</UL>
<P><STRONG><a name="[2e]"></a>SPI2_IRQHandler</STRONG> (Thumb, 0 bytes, Stack size 0 bytes, startup_stm32f10x_hd.o(.text))
<BR>[Address Reference Count : 1]<UL><LI> startup_stm32f10x_hd.o(RESET)
</UL>
<P><STRONG><a name="[3d]"></a>SPI3_IRQHandler</STRONG> (Thumb, 0 bytes, Stack size 0 bytes, startup_stm32f10x_hd.o(.text))
<BR>[Address Reference Count : 1]<UL><LI> startup_stm32f10x_hd.o(RESET)
</UL>
<P><STRONG><a name="[c]"></a>TAMPER_IRQHandler</STRONG> (Thumb, 0 bytes, Stack size 0 bytes, startup_stm32f10x_hd.o(.text))
<BR>[Address Reference Count : 1]<UL><LI> startup_stm32f10x_hd.o(RESET)
</UL>
<P><STRONG><a name="[22]"></a>TIM1_BRK_IRQHandler</STRONG> (Thumb, 0 bytes, Stack size 0 bytes, startup_stm32f10x_hd.o(.text))
<BR>[Address Reference Count : 1]<UL><LI> startup_stm32f10x_hd.o(RESET)
</UL>
<P><STRONG><a name="[25]"></a>TIM1_CC_IRQHandler</STRONG> (Thumb, 0 bytes, Stack size 0 bytes, startup_stm32f10x_hd.o(.text))
<BR>[Address Reference Count : 1]<UL><LI> startup_stm32f10x_hd.o(RESET)
</UL>
<P><STRONG><a name="[24]"></a>TIM1_TRG_COM_IRQHandler</STRONG> (Thumb, 0 bytes, Stack size 0 bytes, startup_stm32f10x_hd.o(.text))
<BR>[Address Reference Count : 1]<UL><LI> startup_stm32f10x_hd.o(RESET)
</UL>
<P><STRONG><a name="[23]"></a>TIM1_UP_IRQHandler</STRONG> (Thumb, 0 bytes, Stack size 0 bytes, startup_stm32f10x_hd.o(.text))
<BR>[Address Reference Count : 1]<UL><LI> startup_stm32f10x_hd.o(RESET)
</UL>
<P><STRONG><a name="[27]"></a>TIM3_IRQHandler</STRONG> (Thumb, 0 bytes, Stack size 0 bytes, startup_stm32f10x_hd.o(.text))
<BR>[Address Reference Count : 1]<UL><LI> startup_stm32f10x_hd.o(RESET)
</UL>
<P><STRONG><a name="[28]"></a>TIM4_IRQHandler</STRONG> (Thumb, 0 bytes, Stack size 0 bytes, startup_stm32f10x_hd.o(.text))
<BR>[Address Reference Count : 1]<UL><LI> startup_stm32f10x_hd.o(RESET)
</UL>
<P><STRONG><a name="[3c]"></a>TIM5_IRQHandler</STRONG> (Thumb, 0 bytes, Stack size 0 bytes, startup_stm32f10x_hd.o(.text))
<BR>[Address Reference Count : 1]<UL><LI> startup_stm32f10x_hd.o(RESET)
</UL>
<P><STRONG><a name="[35]"></a>TIM8_BRK_IRQHandler</STRONG> (Thumb, 0 bytes, Stack size 0 bytes, startup_stm32f10x_hd.o(.text))
<BR>[Address Reference Count : 1]<UL><LI> startup_stm32f10x_hd.o(RESET)
</UL>
<P><STRONG><a name="[38]"></a>TIM8_CC_IRQHandler</STRONG> (Thumb, 0 bytes, Stack size 0 bytes, startup_stm32f10x_hd.o(.text))
<BR>[Address Reference Count : 1]<UL><LI> startup_stm32f10x_hd.o(RESET)
</UL>
<P><STRONG><a name="[37]"></a>TIM8_TRG_COM_IRQHandler</STRONG> (Thumb, 0 bytes, Stack size 0 bytes, startup_stm32f10x_hd.o(.text))
<BR>[Address Reference Count : 1]<UL><LI> startup_stm32f10x_hd.o(RESET)
</UL>
<P><STRONG><a name="[36]"></a>TIM8_UP_IRQHandler</STRONG> (Thumb, 0 bytes, Stack size 0 bytes, startup_stm32f10x_hd.o(.text))
<BR>[Address Reference Count : 1]<UL><LI> startup_stm32f10x_hd.o(RESET)
</UL>
<P><STRONG><a name="[3e]"></a>UART4_IRQHandler</STRONG> (Thumb, 0 bytes, Stack size 0 bytes, startup_stm32f10x_hd.o(.text))
<BR>[Address Reference Count : 1]<UL><LI> startup_stm32f10x_hd.o(RESET)
</UL>
<P><STRONG><a name="[3f]"></a>UART5_IRQHandler</STRONG> (Thumb, 0 bytes, Stack size 0 bytes, startup_stm32f10x_hd.o(.text))
<BR>[Address Reference Count : 1]<UL><LI> startup_stm32f10x_hd.o(RESET)
</UL>
<P><STRONG><a name="[30]"></a>USART2_IRQHandler</STRONG> (Thumb, 0 bytes, Stack size 0 bytes, startup_stm32f10x_hd.o(.text))
<BR>[Address Reference Count : 1]<UL><LI> startup_stm32f10x_hd.o(RESET)
</UL>
<P><STRONG><a name="[34]"></a>USBWakeUp_IRQHandler</STRONG> (Thumb, 0 bytes, Stack size 0 bytes, startup_stm32f10x_hd.o(.text))
<BR>[Address Reference Count : 1]<UL><LI> startup_stm32f10x_hd.o(RESET)
</UL>
<P><STRONG><a name="[1d]"></a>USB_HP_CAN1_TX_IRQHandler</STRONG> (Thumb, 0 bytes, Stack size 0 bytes, startup_stm32f10x_hd.o(.text))
<BR>[Address Reference Count : 1]<UL><LI> startup_stm32f10x_hd.o(RESET)
</UL>
<P><STRONG><a name="[1e]"></a>USB_LP_CAN1_RX0_IRQHandler</STRONG> (Thumb, 0 bytes, Stack size 0 bytes, startup_stm32f10x_hd.o(.text))
<BR>[Address Reference Count : 1]<UL><LI> startup_stm32f10x_hd.o(RESET)
</UL>
<P><STRONG><a name="[a]"></a>WWDG_IRQHandler</STRONG> (Thumb, 0 bytes, Stack size 0 bytes, startup_stm32f10x_hd.o(.text))
<BR>[Address Reference Count : 1]<UL><LI> startup_stm32f10x_hd.o(RESET)
</UL>
<P><STRONG><a name="[18d]"></a>__aeabi_memcpy</STRONG> (Thumb, 36 bytes, Stack size 0 bytes, memcpya.o(.text))
<BR><BR>[Called By]<UL><LI><a href="#[16c]">&gt;&gt;</a>&nbsp;&nbsp;&nbsp;SD_SAVE
<LI><a href="#[1f0]">&gt;&gt;</a>&nbsp;&nbsp;&nbsp;disk_write
<LI><a href="#[1ef]">&gt;&gt;</a>&nbsp;&nbsp;&nbsp;disk_read
</UL>

<P><STRONG><a name="[124]"></a>__aeabi_memcpy4</STRONG> (Thumb, 0 bytes, Stack size 0 bytes, memcpya.o(.text))
<BR><BR>[Called By]<UL><LI><a href="#[123]">&gt;&gt;</a>&nbsp;&nbsp;&nbsp;GregorianDay
</UL>

<P><STRONG><a name="[212]"></a>__aeabi_memcpy8</STRONG> (Thumb, 0 bytes, Stack size 0 bytes, memcpya.o(.text), UNUSED)

<P><STRONG><a name="[54]"></a>__aeabi_memset</STRONG> (Thumb, 14 bytes, Stack size 0 bytes, memseta.o(.text))
<BR><BR>[Called By]<UL><LI><a href="#[55]">&gt;&gt;</a>&nbsp;&nbsp;&nbsp;_memset$wrapper
<LI><a href="#[53]">&gt;&gt;</a>&nbsp;&nbsp;&nbsp;__aeabi_memclr
</UL>

<P><STRONG><a name="[213]"></a>__aeabi_memset4</STRONG> (Thumb, 0 bytes, Stack size 0 bytes, memseta.o(.text), UNUSED)

<P><STRONG><a name="[214]"></a>__aeabi_memset8</STRONG> (Thumb, 0 bytes, Stack size 0 bytes, memseta.o(.text), UNUSED)

<P><STRONG><a name="[53]"></a>__aeabi_memclr</STRONG> (Thumb, 4 bytes, Stack size 0 bytes, memseta.o(.text))
<BR><BR>[Calls]<UL><LI><a href="#[54]">&gt;&gt;</a>&nbsp;&nbsp;&nbsp;__aeabi_memset
</UL>
<BR>[Called By]<UL><LI><a href="#[16c]">&gt;&gt;</a>&nbsp;&nbsp;&nbsp;SD_SAVE
</UL>

<P><STRONG><a name="[93]"></a>__aeabi_memclr4</STRONG> (Thumb, 0 bytes, Stack size 0 bytes, memseta.o(.text))
<BR><BR>[Called By]<UL><LI><a href="#[92]">&gt;&gt;</a>&nbsp;&nbsp;&nbsp;BME280_CalibParam
</UL>

<P><STRONG><a name="[215]"></a>__aeabi_memclr8</STRONG> (Thumb, 0 bytes, Stack size 0 bytes, memseta.o(.text), UNUSED)

<P><STRONG><a name="[55]"></a>_memset$wrapper</STRONG> (Thumb, 18 bytes, Stack size 8 bytes, memseta.o(.text), UNUSED)
<BR><BR>[Calls]<UL><LI><a href="#[54]">&gt;&gt;</a>&nbsp;&nbsp;&nbsp;__aeabi_memset
</UL>

<P><STRONG><a name="[56]"></a>__aeabi_fadd</STRONG> (Thumb, 164 bytes, Stack size 16 bytes, fadd.o(.text))
<BR><BR>[Stack]<UL><LI>Max Depth = 20<LI>Call Chain = __aeabi_fadd &rArr; _float_epilogue
</UL>
<BR>[Calls]<UL><LI><a href="#[58]">&gt;&gt;</a>&nbsp;&nbsp;&nbsp;_float_round
<LI><a href="#[57]">&gt;&gt;</a>&nbsp;&nbsp;&nbsp;_float_epilogue
</UL>
<BR>[Called By]<UL><LI><a href="#[e1]">&gt;&gt;</a>&nbsp;&nbsp;&nbsp;RUN_Program
<LI><a href="#[14c]">&gt;&gt;</a>&nbsp;&nbsp;&nbsp;QC_PROM
<LI><a href="#[d7]">&gt;&gt;</a>&nbsp;&nbsp;&nbsp;Curve_PROM
<LI><a href="#[59]">&gt;&gt;</a>&nbsp;&nbsp;&nbsp;__aeabi_fsub
<LI><a href="#[5a]">&gt;&gt;</a>&nbsp;&nbsp;&nbsp;__aeabi_frsub
<LI><a href="#[de]">&gt;&gt;</a>&nbsp;&nbsp;&nbsp;StandardDeviation
<LI><a href="#[b5]">&gt;&gt;</a>&nbsp;&nbsp;&nbsp;CO2_Cal_Pro
</UL>

<P><STRONG><a name="[59]"></a>__aeabi_fsub</STRONG> (Thumb, 6 bytes, Stack size 0 bytes, fadd.o(.text))
<BR><BR>[Stack]<UL><LI>Max Depth = 20<LI>Call Chain = __aeabi_fsub &rArr; __aeabi_fadd &rArr; _float_epilogue
</UL>
<BR>[Calls]<UL><LI><a href="#[56]">&gt;&gt;</a>&nbsp;&nbsp;&nbsp;__aeabi_fadd
</UL>
<BR>[Called By]<UL><LI><a href="#[14c]">&gt;&gt;</a>&nbsp;&nbsp;&nbsp;QC_PROM
<LI><a href="#[de]">&gt;&gt;</a>&nbsp;&nbsp;&nbsp;StandardDeviation
</UL>

<P><STRONG><a name="[5a]"></a>__aeabi_frsub</STRONG> (Thumb, 6 bytes, Stack size 0 bytes, fadd.o(.text))
<BR><BR>[Stack]<UL><LI>Max Depth = 20<LI>Call Chain = __aeabi_frsub &rArr; __aeabi_fadd &rArr; _float_epilogue
</UL>
<BR>[Calls]<UL><LI><a href="#[56]">&gt;&gt;</a>&nbsp;&nbsp;&nbsp;__aeabi_fadd
</UL>
<BR>[Called By]<UL><LI><a href="#[14c]">&gt;&gt;</a>&nbsp;&nbsp;&nbsp;QC_PROM
<LI><a href="#[d7]">&gt;&gt;</a>&nbsp;&nbsp;&nbsp;Curve_PROM
</UL>

<P><STRONG><a name="[df]"></a>__aeabi_fmul</STRONG> (Thumb, 100 bytes, Stack size 8 bytes, fmul.o(.text))
<BR><BR>[Stack]<UL><LI>Max Depth = 8<LI>Call Chain = __aeabi_fmul
</UL>
<BR>[Called By]<UL><LI><a href="#[196]">&gt;&gt;</a>&nbsp;&nbsp;&nbsp;Set_Para
<LI><a href="#[e1]">&gt;&gt;</a>&nbsp;&nbsp;&nbsp;RUN_Program
<LI><a href="#[14c]">&gt;&gt;</a>&nbsp;&nbsp;&nbsp;QC_PROM
<LI><a href="#[d7]">&gt;&gt;</a>&nbsp;&nbsp;&nbsp;Curve_PROM
<LI><a href="#[fb]">&gt;&gt;</a>&nbsp;&nbsp;&nbsp;FS_Pco
<LI><a href="#[eb]">&gt;&gt;</a>&nbsp;&nbsp;&nbsp;FS_CO2
<LI><a href="#[de]">&gt;&gt;</a>&nbsp;&nbsp;&nbsp;StandardDeviation
</UL>

<P><STRONG><a name="[5b]"></a>__aeabi_fdiv</STRONG> (Thumb, 124 bytes, Stack size 8 bytes, fdiv.o(.text))
<BR><BR>[Stack]<UL><LI>Max Depth = 8<LI>Call Chain = __aeabi_fdiv
</UL>
<BR>[Calls]<UL><LI><a href="#[58]">&gt;&gt;</a>&nbsp;&nbsp;&nbsp;_float_round
</UL>
<BR>[Called By]<UL><LI><a href="#[1d2]">&gt;&gt;</a>&nbsp;&nbsp;&nbsp;bsp_init
<LI><a href="#[e1]">&gt;&gt;</a>&nbsp;&nbsp;&nbsp;RUN_Program
<LI><a href="#[14c]">&gt;&gt;</a>&nbsp;&nbsp;&nbsp;QC_PROM
<LI><a href="#[d7]">&gt;&gt;</a>&nbsp;&nbsp;&nbsp;Curve_PROM
<LI><a href="#[b6]">&gt;&gt;</a>&nbsp;&nbsp;&nbsp;CO2_CO_SensorZERO
<LI><a href="#[de]">&gt;&gt;</a>&nbsp;&nbsp;&nbsp;StandardDeviation
</UL>

<P><STRONG><a name="[5c]"></a>__aeabi_dadd</STRONG> (Thumb, 322 bytes, Stack size 48 bytes, dadd.o(.text))
<BR><BR>[Stack]<UL><LI>Max Depth = 88<LI>Call Chain = __aeabi_dadd &rArr; _double_epilogue &rArr; _double_round
</UL>
<BR>[Calls]<UL><LI><a href="#[5e]">&gt;&gt;</a>&nbsp;&nbsp;&nbsp;__aeabi_lasr
<LI><a href="#[5d]">&gt;&gt;</a>&nbsp;&nbsp;&nbsp;__aeabi_llsl
<LI><a href="#[60]">&gt;&gt;</a>&nbsp;&nbsp;&nbsp;_double_round
<LI><a href="#[5f]">&gt;&gt;</a>&nbsp;&nbsp;&nbsp;_double_epilogue
</UL>
<BR>[Called By]<UL><LI><a href="#[196]">&gt;&gt;</a>&nbsp;&nbsp;&nbsp;Set_Para
<LI><a href="#[61]">&gt;&gt;</a>&nbsp;&nbsp;&nbsp;__aeabi_dsub
<LI><a href="#[62]">&gt;&gt;</a>&nbsp;&nbsp;&nbsp;__aeabi_drsub
<LI><a href="#[fb]">&gt;&gt;</a>&nbsp;&nbsp;&nbsp;FS_Pco
<LI><a href="#[de]">&gt;&gt;</a>&nbsp;&nbsp;&nbsp;StandardDeviation
<LI><a href="#[1c8]">&gt;&gt;</a>&nbsp;&nbsp;&nbsp;_fp_digits
</UL>

<P><STRONG><a name="[61]"></a>__aeabi_dsub</STRONG> (Thumb, 6 bytes, Stack size 0 bytes, dadd.o(.text))
<BR><BR>[Stack]<UL><LI>Max Depth = 88<LI>Call Chain = __aeabi_dsub &rArr; __aeabi_dadd &rArr; _double_epilogue &rArr; _double_round
</UL>
<BR>[Calls]<UL><LI><a href="#[5c]">&gt;&gt;</a>&nbsp;&nbsp;&nbsp;__aeabi_dadd
</UL>
<BR>[Called By]<UL><LI><a href="#[196]">&gt;&gt;</a>&nbsp;&nbsp;&nbsp;Set_Para
<LI><a href="#[e1]">&gt;&gt;</a>&nbsp;&nbsp;&nbsp;RUN_Program
<LI><a href="#[de]">&gt;&gt;</a>&nbsp;&nbsp;&nbsp;StandardDeviation
</UL>

<P><STRONG><a name="[62]"></a>__aeabi_drsub</STRONG> (Thumb, 6 bytes, Stack size 0 bytes, dadd.o(.text))
<BR><BR>[Stack]<UL><LI>Max Depth = 88<LI>Call Chain = __aeabi_drsub &rArr; __aeabi_dadd &rArr; _double_epilogue &rArr; _double_round
</UL>
<BR>[Calls]<UL><LI><a href="#[5c]">&gt;&gt;</a>&nbsp;&nbsp;&nbsp;__aeabi_dadd
</UL>
<BR>[Called By]<UL><LI><a href="#[e1]">&gt;&gt;</a>&nbsp;&nbsp;&nbsp;RUN_Program
</UL>

<P><STRONG><a name="[63]"></a>__aeabi_dmul</STRONG> (Thumb, 228 bytes, Stack size 48 bytes, dmul.o(.text))
<BR><BR>[Stack]<UL><LI>Max Depth = 88<LI>Call Chain = __aeabi_dmul &rArr; _double_epilogue &rArr; _double_round
</UL>
<BR>[Calls]<UL><LI><a href="#[5f]">&gt;&gt;</a>&nbsp;&nbsp;&nbsp;_double_epilogue
</UL>
<BR>[Called By]<UL><LI><a href="#[e1]">&gt;&gt;</a>&nbsp;&nbsp;&nbsp;RUN_Program
<LI><a href="#[14c]">&gt;&gt;</a>&nbsp;&nbsp;&nbsp;QC_PROM
<LI><a href="#[d7]">&gt;&gt;</a>&nbsp;&nbsp;&nbsp;Curve_PROM
<LI><a href="#[de]">&gt;&gt;</a>&nbsp;&nbsp;&nbsp;StandardDeviation
<LI><a href="#[b5]">&gt;&gt;</a>&nbsp;&nbsp;&nbsp;CO2_Cal_Pro
<LI><a href="#[1c8]">&gt;&gt;</a>&nbsp;&nbsp;&nbsp;_fp_digits
</UL>

<P><STRONG><a name="[64]"></a>__aeabi_ddiv</STRONG> (Thumb, 222 bytes, Stack size 32 bytes, ddiv.o(.text))
<BR><BR>[Stack]<UL><LI>Max Depth = 40<LI>Call Chain = __aeabi_ddiv &rArr; _double_round
</UL>
<BR>[Calls]<UL><LI><a href="#[60]">&gt;&gt;</a>&nbsp;&nbsp;&nbsp;_double_round
</UL>
<BR>[Called By]<UL><LI><a href="#[e1]">&gt;&gt;</a>&nbsp;&nbsp;&nbsp;RUN_Program
<LI><a href="#[14c]">&gt;&gt;</a>&nbsp;&nbsp;&nbsp;QC_PROM
<LI><a href="#[d7]">&gt;&gt;</a>&nbsp;&nbsp;&nbsp;Curve_PROM
<LI><a href="#[9b]">&gt;&gt;</a>&nbsp;&nbsp;&nbsp;BME280_ReadPTH
<LI><a href="#[de]">&gt;&gt;</a>&nbsp;&nbsp;&nbsp;StandardDeviation
<LI><a href="#[b5]">&gt;&gt;</a>&nbsp;&nbsp;&nbsp;CO2_Cal_Pro
<LI><a href="#[1c8]">&gt;&gt;</a>&nbsp;&nbsp;&nbsp;_fp_digits
</UL>

<P><STRONG><a name="[65]"></a>__aeabi_i2f</STRONG> (Thumb, 18 bytes, Stack size 0 bytes, fflti.o(.text))
<BR><BR>[Stack]<UL><LI>Max Depth = 4<LI>Call Chain = __aeabi_i2f &rArr; _float_epilogue
</UL>
<BR>[Calls]<UL><LI><a href="#[57]">&gt;&gt;</a>&nbsp;&nbsp;&nbsp;_float_epilogue
</UL>
<BR>[Called By]<UL><LI><a href="#[e1]">&gt;&gt;</a>&nbsp;&nbsp;&nbsp;RUN_Program
<LI><a href="#[14c]">&gt;&gt;</a>&nbsp;&nbsp;&nbsp;QC_PROM
<LI><a href="#[d7]">&gt;&gt;</a>&nbsp;&nbsp;&nbsp;Curve_PROM
<LI><a href="#[b6]">&gt;&gt;</a>&nbsp;&nbsp;&nbsp;CO2_CO_SensorZERO
</UL>

<P><STRONG><a name="[66]"></a>__aeabi_ui2f</STRONG> (Thumb, 10 bytes, Stack size 0 bytes, ffltui.o(.text))
<BR><BR>[Stack]<UL><LI>Max Depth = 4<LI>Call Chain = __aeabi_ui2f &rArr; _float_epilogue
</UL>
<BR>[Calls]<UL><LI><a href="#[57]">&gt;&gt;</a>&nbsp;&nbsp;&nbsp;_float_epilogue
</UL>
<BR>[Called By]<UL><LI><a href="#[1d2]">&gt;&gt;</a>&nbsp;&nbsp;&nbsp;bsp_init
<LI><a href="#[e1]">&gt;&gt;</a>&nbsp;&nbsp;&nbsp;RUN_Program
<LI><a href="#[14c]">&gt;&gt;</a>&nbsp;&nbsp;&nbsp;QC_PROM
<LI><a href="#[125]">&gt;&gt;</a>&nbsp;&nbsp;&nbsp;Humidity_Fault
<LI><a href="#[d7]">&gt;&gt;</a>&nbsp;&nbsp;&nbsp;Curve_PROM
<LI><a href="#[b6]">&gt;&gt;</a>&nbsp;&nbsp;&nbsp;CO2_CO_SensorZERO
<LI><a href="#[de]">&gt;&gt;</a>&nbsp;&nbsp;&nbsp;StandardDeviation
</UL>

<P><STRONG><a name="[67]"></a>__aeabi_i2d</STRONG> (Thumb, 34 bytes, Stack size 16 bytes, dflti.o(.text))
<BR><BR>[Stack]<UL><LI>Max Depth = 56<LI>Call Chain = __aeabi_i2d &rArr; _double_epilogue &rArr; _double_round
</UL>
<BR>[Calls]<UL><LI><a href="#[5f]">&gt;&gt;</a>&nbsp;&nbsp;&nbsp;_double_epilogue
</UL>
<BR>[Called By]<UL><LI><a href="#[d7]">&gt;&gt;</a>&nbsp;&nbsp;&nbsp;Curve_PROM
<LI><a href="#[9b]">&gt;&gt;</a>&nbsp;&nbsp;&nbsp;BME280_ReadPTH
</UL>

<P><STRONG><a name="[68]"></a>__aeabi_ui2d</STRONG> (Thumb, 26 bytes, Stack size 16 bytes, dfltui.o(.text))
<BR><BR>[Stack]<UL><LI>Max Depth = 56<LI>Call Chain = __aeabi_ui2d &rArr; _double_epilogue &rArr; _double_round
</UL>
<BR>[Calls]<UL><LI><a href="#[5f]">&gt;&gt;</a>&nbsp;&nbsp;&nbsp;_double_epilogue
</UL>
<BR>[Called By]<UL><LI><a href="#[e1]">&gt;&gt;</a>&nbsp;&nbsp;&nbsp;RUN_Program
<LI><a href="#[14c]">&gt;&gt;</a>&nbsp;&nbsp;&nbsp;QC_PROM
<LI><a href="#[d7]">&gt;&gt;</a>&nbsp;&nbsp;&nbsp;Curve_PROM
<LI><a href="#[9b]">&gt;&gt;</a>&nbsp;&nbsp;&nbsp;BME280_ReadPTH
<LI><a href="#[de]">&gt;&gt;</a>&nbsp;&nbsp;&nbsp;StandardDeviation
<LI><a href="#[b5]">&gt;&gt;</a>&nbsp;&nbsp;&nbsp;CO2_Cal_Pro
</UL>

<P><STRONG><a name="[150]"></a>__aeabi_f2iz</STRONG> (Thumb, 50 bytes, Stack size 0 bytes, ffixi.o(.text))
<BR><BR>[Called By]<UL><LI><a href="#[14c]">&gt;&gt;</a>&nbsp;&nbsp;&nbsp;QC_PROM
</UL>

<P><STRONG><a name="[e0]"></a>__aeabi_f2uiz</STRONG> (Thumb, 40 bytes, Stack size 0 bytes, ffixui.o(.text))
<BR><BR>[Called By]<UL><LI><a href="#[196]">&gt;&gt;</a>&nbsp;&nbsp;&nbsp;Set_Para
<LI><a href="#[e1]">&gt;&gt;</a>&nbsp;&nbsp;&nbsp;RUN_Program
<LI><a href="#[14c]">&gt;&gt;</a>&nbsp;&nbsp;&nbsp;QC_PROM
<LI><a href="#[d7]">&gt;&gt;</a>&nbsp;&nbsp;&nbsp;Curve_PROM
<LI><a href="#[eb]">&gt;&gt;</a>&nbsp;&nbsp;&nbsp;FS_CO2
</UL>

<P><STRONG><a name="[69]"></a>__aeabi_d2uiz</STRONG> (Thumb, 50 bytes, Stack size 8 bytes, dfixui.o(.text))
<BR><BR>[Stack]<UL><LI>Max Depth = 8<LI>Call Chain = __aeabi_d2uiz
</UL>
<BR>[Calls]<UL><LI><a href="#[6a]">&gt;&gt;</a>&nbsp;&nbsp;&nbsp;__aeabi_llsr
</UL>
<BR>[Called By]<UL><LI><a href="#[e1]">&gt;&gt;</a>&nbsp;&nbsp;&nbsp;RUN_Program
<LI><a href="#[14c]">&gt;&gt;</a>&nbsp;&nbsp;&nbsp;QC_PROM
<LI><a href="#[d7]">&gt;&gt;</a>&nbsp;&nbsp;&nbsp;Curve_PROM
<LI><a href="#[fb]">&gt;&gt;</a>&nbsp;&nbsp;&nbsp;FS_Pco
<LI><a href="#[b5]">&gt;&gt;</a>&nbsp;&nbsp;&nbsp;CO2_Cal_Pro
</UL>

<P><STRONG><a name="[ad]"></a>__aeabi_f2d</STRONG> (Thumb, 38 bytes, Stack size 0 bytes, f2d.o(.text))
<BR><BR>[Called By]<UL><LI><a href="#[196]">&gt;&gt;</a>&nbsp;&nbsp;&nbsp;Set_Para
<LI><a href="#[e1]">&gt;&gt;</a>&nbsp;&nbsp;&nbsp;RUN_Program
<LI><a href="#[14c]">&gt;&gt;</a>&nbsp;&nbsp;&nbsp;QC_PROM
<LI><a href="#[d7]">&gt;&gt;</a>&nbsp;&nbsp;&nbsp;Curve_PROM
<LI><a href="#[b6]">&gt;&gt;</a>&nbsp;&nbsp;&nbsp;CO2_CO_SensorZERO
<LI><a href="#[a7]">&gt;&gt;</a>&nbsp;&nbsp;&nbsp;Bme280Fault
<LI><a href="#[46]">&gt;&gt;</a>&nbsp;&nbsp;&nbsp;main
<LI><a href="#[b9]">&gt;&gt;</a>&nbsp;&nbsp;&nbsp;Num2StrF
<LI><a href="#[fb]">&gt;&gt;</a>&nbsp;&nbsp;&nbsp;FS_Pco
<LI><a href="#[de]">&gt;&gt;</a>&nbsp;&nbsp;&nbsp;StandardDeviation
<LI><a href="#[b5]">&gt;&gt;</a>&nbsp;&nbsp;&nbsp;CO2_Cal_Pro
</UL>

<P><STRONG><a name="[1a6]"></a>__aeabi_cdcmpeq</STRONG> (Thumb, 0 bytes, Stack size 0 bytes, cdcmple.o(.text))
<BR><BR>[Called By]<UL><LI><a href="#[196]">&gt;&gt;</a>&nbsp;&nbsp;&nbsp;Set_Para
</UL>

<P><STRONG><a name="[ae]"></a>__aeabi_cdcmple</STRONG> (Thumb, 48 bytes, Stack size 0 bytes, cdcmple.o(.text))
<BR><BR>[Called By]<UL><LI><a href="#[e1]">&gt;&gt;</a>&nbsp;&nbsp;&nbsp;RUN_Program
<LI><a href="#[14c]">&gt;&gt;</a>&nbsp;&nbsp;&nbsp;QC_PROM
<LI><a href="#[d7]">&gt;&gt;</a>&nbsp;&nbsp;&nbsp;Curve_PROM
<LI><a href="#[a7]">&gt;&gt;</a>&nbsp;&nbsp;&nbsp;Bme280Fault
</UL>

<P><STRONG><a name="[b8]"></a>__aeabi_cdrcmple</STRONG> (Thumb, 48 bytes, Stack size 0 bytes, cdrcmple.o(.text))
<BR><BR>[Called By]<UL><LI><a href="#[e1]">&gt;&gt;</a>&nbsp;&nbsp;&nbsp;RUN_Program
<LI><a href="#[14c]">&gt;&gt;</a>&nbsp;&nbsp;&nbsp;QC_PROM
<LI><a href="#[d7]">&gt;&gt;</a>&nbsp;&nbsp;&nbsp;Curve_PROM
<LI><a href="#[b6]">&gt;&gt;</a>&nbsp;&nbsp;&nbsp;CO2_CO_SensorZERO
<LI><a href="#[1c8]">&gt;&gt;</a>&nbsp;&nbsp;&nbsp;_fp_digits
</UL>

<P><STRONG><a name="[6b]"></a>__aeabi_d2f</STRONG> (Thumb, 56 bytes, Stack size 8 bytes, d2f.o(.text))
<BR><BR>[Stack]<UL><LI>Max Depth = 8<LI>Call Chain = __aeabi_d2f
</UL>
<BR>[Calls]<UL><LI><a href="#[58]">&gt;&gt;</a>&nbsp;&nbsp;&nbsp;_float_round
</UL>
<BR>[Called By]<UL><LI><a href="#[196]">&gt;&gt;</a>&nbsp;&nbsp;&nbsp;Set_Para
<LI><a href="#[e1]">&gt;&gt;</a>&nbsp;&nbsp;&nbsp;RUN_Program
<LI><a href="#[14c]">&gt;&gt;</a>&nbsp;&nbsp;&nbsp;QC_PROM
<LI><a href="#[d7]">&gt;&gt;</a>&nbsp;&nbsp;&nbsp;Curve_PROM
<LI><a href="#[9b]">&gt;&gt;</a>&nbsp;&nbsp;&nbsp;BME280_ReadPTH
<LI><a href="#[de]">&gt;&gt;</a>&nbsp;&nbsp;&nbsp;StandardDeviation
</UL>

<P><STRONG><a name="[216]"></a>__aeabi_cfcmpeq</STRONG> (Thumb, 0 bytes, Stack size 0 bytes, cfcmple.o(.text), UNUSED)

<P><STRONG><a name="[a9]"></a>__aeabi_cfcmple</STRONG> (Thumb, 20 bytes, Stack size 0 bytes, cfcmple.o(.text))
<BR><BR>[Called By]<UL><LI><a href="#[125]">&gt;&gt;</a>&nbsp;&nbsp;&nbsp;Humidity_Fault
<LI><a href="#[a7]">&gt;&gt;</a>&nbsp;&nbsp;&nbsp;Bme280Fault
</UL>

<P><STRONG><a name="[a8]"></a>__aeabi_cfrcmple</STRONG> (Thumb, 20 bytes, Stack size 0 bytes, cfrcmple.o(.text))
<BR><BR>[Called By]<UL><LI><a href="#[e1]">&gt;&gt;</a>&nbsp;&nbsp;&nbsp;RUN_Program
<LI><a href="#[a7]">&gt;&gt;</a>&nbsp;&nbsp;&nbsp;Bme280Fault
</UL>

<P><STRONG><a name="[217]"></a>__aeabi_uidiv</STRONG> (Thumb, 0 bytes, Stack size 12 bytes, uidiv.o(.text), UNUSED)

<P><STRONG><a name="[1cb]"></a>__aeabi_uidivmod</STRONG> (Thumb, 44 bytes, Stack size 12 bytes, uidiv.o(.text), UNUSED)
<BR><BR>[Called By]<UL><LI><a href="#[1c6]">&gt;&gt;</a>&nbsp;&nbsp;&nbsp;_printf_core
</UL>

<P><STRONG><a name="[6c]"></a>__aeabi_uldivmod</STRONG> (Thumb, 98 bytes, Stack size 40 bytes, uldiv.o(.text), UNUSED)
<BR><BR>[Calls]<UL><LI><a href="#[6a]">&gt;&gt;</a>&nbsp;&nbsp;&nbsp;__aeabi_llsr
<LI><a href="#[5d]">&gt;&gt;</a>&nbsp;&nbsp;&nbsp;__aeabi_llsl
</UL>
<BR>[Called By]<UL><LI><a href="#[1c6]">&gt;&gt;</a>&nbsp;&nbsp;&nbsp;_printf_core
<LI><a href="#[1c8]">&gt;&gt;</a>&nbsp;&nbsp;&nbsp;_fp_digits
</UL>

<P><STRONG><a name="[5d]"></a>__aeabi_llsl</STRONG> (Thumb, 30 bytes, Stack size 0 bytes, llshl.o(.text))
<BR><BR>[Called By]<UL><LI><a href="#[5c]">&gt;&gt;</a>&nbsp;&nbsp;&nbsp;__aeabi_dadd
<LI><a href="#[6c]">&gt;&gt;</a>&nbsp;&nbsp;&nbsp;__aeabi_uldivmod
<LI><a href="#[5f]">&gt;&gt;</a>&nbsp;&nbsp;&nbsp;_double_epilogue
<LI><a href="#[6e]">&gt;&gt;</a>&nbsp;&nbsp;&nbsp;__aeabi_d2ulz
</UL>

<P><STRONG><a name="[218]"></a>_ll_shift_l</STRONG> (Thumb, 0 bytes, Stack size 0 bytes, llshl.o(.text), UNUSED)

<P><STRONG><a name="[6a]"></a>__aeabi_llsr</STRONG> (Thumb, 32 bytes, Stack size 0 bytes, llushr.o(.text))
<BR><BR>[Called By]<UL><LI><a href="#[69]">&gt;&gt;</a>&nbsp;&nbsp;&nbsp;__aeabi_d2uiz
<LI><a href="#[6d]">&gt;&gt;</a>&nbsp;&nbsp;&nbsp;_dsqrt
<LI><a href="#[6c]">&gt;&gt;</a>&nbsp;&nbsp;&nbsp;__aeabi_uldivmod
<LI><a href="#[5f]">&gt;&gt;</a>&nbsp;&nbsp;&nbsp;_double_epilogue
<LI><a href="#[6e]">&gt;&gt;</a>&nbsp;&nbsp;&nbsp;__aeabi_d2ulz
</UL>

<P><STRONG><a name="[219]"></a>_ll_ushift_r</STRONG> (Thumb, 0 bytes, Stack size 0 bytes, llushr.o(.text), UNUSED)

<P><STRONG><a name="[5e]"></a>__aeabi_lasr</STRONG> (Thumb, 36 bytes, Stack size 0 bytes, llsshr.o(.text))
<BR><BR>[Called By]<UL><LI><a href="#[5c]">&gt;&gt;</a>&nbsp;&nbsp;&nbsp;__aeabi_dadd
</UL>

<P><STRONG><a name="[21a]"></a>_ll_sshift_r</STRONG> (Thumb, 0 bytes, Stack size 0 bytes, llsshr.o(.text), UNUSED)

<P><STRONG><a name="[21b]"></a>__I$use$fp</STRONG> (Thumb, 0 bytes, Stack size 0 bytes, iusefp.o(.text), UNUSED)

<P><STRONG><a name="[58]"></a>_float_round</STRONG> (Thumb, 18 bytes, Stack size 0 bytes, fepilogue.o(.text))
<BR><BR>[Called By]<UL><LI><a href="#[6b]">&gt;&gt;</a>&nbsp;&nbsp;&nbsp;__aeabi_d2f
<LI><a href="#[5b]">&gt;&gt;</a>&nbsp;&nbsp;&nbsp;__aeabi_fdiv
<LI><a href="#[56]">&gt;&gt;</a>&nbsp;&nbsp;&nbsp;__aeabi_fadd
</UL>

<P><STRONG><a name="[57]"></a>_float_epilogue</STRONG> (Thumb, 92 bytes, Stack size 4 bytes, fepilogue.o(.text))
<BR><BR>[Stack]<UL><LI>Max Depth = 4<LI>Call Chain = _float_epilogue
</UL>
<BR>[Called By]<UL><LI><a href="#[66]">&gt;&gt;</a>&nbsp;&nbsp;&nbsp;__aeabi_ui2f
<LI><a href="#[65]">&gt;&gt;</a>&nbsp;&nbsp;&nbsp;__aeabi_i2f
<LI><a href="#[56]">&gt;&gt;</a>&nbsp;&nbsp;&nbsp;__aeabi_fadd
</UL>

<P><STRONG><a name="[60]"></a>_double_round</STRONG> (Thumb, 30 bytes, Stack size 8 bytes, depilogue.o(.text))
<BR><BR>[Stack]<UL><LI>Max Depth = 8<LI>Call Chain = _double_round
</UL>
<BR>[Called By]<UL><LI><a href="#[64]">&gt;&gt;</a>&nbsp;&nbsp;&nbsp;__aeabi_ddiv
<LI><a href="#[5c]">&gt;&gt;</a>&nbsp;&nbsp;&nbsp;__aeabi_dadd
<LI><a href="#[6d]">&gt;&gt;</a>&nbsp;&nbsp;&nbsp;_dsqrt
<LI><a href="#[5f]">&gt;&gt;</a>&nbsp;&nbsp;&nbsp;_double_epilogue
</UL>

<P><STRONG><a name="[5f]"></a>_double_epilogue</STRONG> (Thumb, 156 bytes, Stack size 32 bytes, depilogue.o(.text))
<BR><BR>[Stack]<UL><LI>Max Depth = 40<LI>Call Chain = _double_epilogue &rArr; _double_round
</UL>
<BR>[Calls]<UL><LI><a href="#[6a]">&gt;&gt;</a>&nbsp;&nbsp;&nbsp;__aeabi_llsr
<LI><a href="#[5d]">&gt;&gt;</a>&nbsp;&nbsp;&nbsp;__aeabi_llsl
<LI><a href="#[60]">&gt;&gt;</a>&nbsp;&nbsp;&nbsp;_double_round
</UL>
<BR>[Called By]<UL><LI><a href="#[67]">&gt;&gt;</a>&nbsp;&nbsp;&nbsp;__aeabi_i2d
<LI><a href="#[5c]">&gt;&gt;</a>&nbsp;&nbsp;&nbsp;__aeabi_dadd
<LI><a href="#[68]">&gt;&gt;</a>&nbsp;&nbsp;&nbsp;__aeabi_ui2d
<LI><a href="#[63]">&gt;&gt;</a>&nbsp;&nbsp;&nbsp;__aeabi_dmul
</UL>

<P><STRONG><a name="[6d]"></a>_dsqrt</STRONG> (Thumb, 162 bytes, Stack size 32 bytes, dsqrt.o(.text))
<BR><BR>[Stack]<UL><LI>Max Depth = 40<LI>Call Chain = _dsqrt &rArr; _double_round
</UL>
<BR>[Calls]<UL><LI><a href="#[6a]">&gt;&gt;</a>&nbsp;&nbsp;&nbsp;__aeabi_llsr
<LI><a href="#[60]">&gt;&gt;</a>&nbsp;&nbsp;&nbsp;_double_round
</UL>
<BR>[Called By]<UL><LI><a href="#[1a9]">&gt;&gt;</a>&nbsp;&nbsp;&nbsp;sqrt
</UL>

<P><STRONG><a name="[6e]"></a>__aeabi_d2ulz</STRONG> (Thumb, 48 bytes, Stack size 0 bytes, dfixul.o(.text), UNUSED)
<BR><BR>[Calls]<UL><LI><a href="#[6a]">&gt;&gt;</a>&nbsp;&nbsp;&nbsp;__aeabi_llsr
<LI><a href="#[5d]">&gt;&gt;</a>&nbsp;&nbsp;&nbsp;__aeabi_llsl
</UL>
<BR>[Called By]<UL><LI><a href="#[1c8]">&gt;&gt;</a>&nbsp;&nbsp;&nbsp;_fp_digits
</UL>

<P><STRONG><a name="[52]"></a>__scatterload</STRONG> (Thumb, 28 bytes, Stack size 0 bytes, init.o(.text))
<BR><BR>[Calls]<UL><LI><a href="#[6f]">&gt;&gt;</a>&nbsp;&nbsp;&nbsp;__main_after_scatterload
</UL>
<BR>[Called By]<UL><LI><a href="#[51]">&gt;&gt;</a>&nbsp;&nbsp;&nbsp;_main_scatterload
</UL>

<P><STRONG><a name="[21c]"></a>__scatterload_rt2</STRONG> (Thumb, 0 bytes, Stack size 0 bytes, init.o(.text), UNUSED)

<P><STRONG><a name="[70]"></a>ADC</STRONG> (Thumb, 36 bytes, Stack size 16 bytes, ads7816.o(i.ADC))
<BR><BR>[Stack]<UL><LI>Max Depth = 40<LI>Call Chain = ADC &rArr; ADC_TIMingDiagrams &rArr; Delay1us
</UL>
<BR>[Calls]<UL><LI><a href="#[71]">&gt;&gt;</a>&nbsp;&nbsp;&nbsp;ADC_TIMingDiagrams
</UL>
<BR>[Called By]<UL><LI><a href="#[207]">&gt;&gt;</a>&nbsp;&nbsp;&nbsp;framedisplay3_sub
<LI><a href="#[e1]">&gt;&gt;</a>&nbsp;&nbsp;&nbsp;RUN_Program
<LI><a href="#[14c]">&gt;&gt;</a>&nbsp;&nbsp;&nbsp;QC_PROM
<LI><a href="#[d7]">&gt;&gt;</a>&nbsp;&nbsp;&nbsp;Curve_PROM
<LI><a href="#[b6]">&gt;&gt;</a>&nbsp;&nbsp;&nbsp;CO2_CO_SensorZERO
</UL>

<P><STRONG><a name="[72]"></a>ADC123_Init</STRONG> (Thumb, 12 bytes, Stack size 8 bytes, adc.o(i.ADC123_Init))
<BR><BR>[Stack]<UL><LI>Max Depth = 56<LI>Call Chain = ADC123_Init &rArr; ADC2_Config &rArr; ADC1_2_NVIC_Config &rArr; NVIC_Init
</UL>
<BR>[Calls]<UL><LI><a href="#[73]">&gt;&gt;</a>&nbsp;&nbsp;&nbsp;ADC_GPIO_Config
<LI><a href="#[74]">&gt;&gt;</a>&nbsp;&nbsp;&nbsp;ADC2_Config
</UL>
<BR>[Called By]<UL><LI><a href="#[1d2]">&gt;&gt;</a>&nbsp;&nbsp;&nbsp;bsp_init
</UL>

<P><STRONG><a name="[1c]"></a>ADC1_2_IRQHandler</STRONG> (Thumb, 50 bytes, Stack size 8 bytes, adc.o(i.ADC1_2_IRQHandler))
<BR><BR>[Stack]<UL><LI>Max Depth = 24<LI>Call Chain = ADC1_2_IRQHandler &rArr; ADC_GetITStatus
</UL>
<BR>[Calls]<UL><LI><a href="#[75]">&gt;&gt;</a>&nbsp;&nbsp;&nbsp;ADC_GetITStatus
<LI><a href="#[76]">&gt;&gt;</a>&nbsp;&nbsp;&nbsp;ADC_GetConversionValue
<LI><a href="#[77]">&gt;&gt;</a>&nbsp;&nbsp;&nbsp;ADC_ClearITPendingBit
</UL>
<BR>[Address Reference Count : 1]<UL><LI> startup_stm32f10x_hd.o(RESET)
</UL>
<P><STRONG><a name="[84]"></a>ADC2_ValConvt</STRONG> (Thumb, 82 bytes, Stack size 24 bytes, adc.o(i.ADC2_ValConvt))
<BR><BR>[Stack]<UL><LI>Max Depth = 32<LI>Call Chain = ADC2_ValConvt &rArr; Delay1us
</UL>
<BR>[Calls]<UL><LI><a href="#[85]">&gt;&gt;</a>&nbsp;&nbsp;&nbsp;Delay1us
<LI><a href="#[83]">&gt;&gt;</a>&nbsp;&nbsp;&nbsp;ADC_SoftwareStartConvCmd
</UL>
<BR>[Called By]<UL><LI><a href="#[b6]">&gt;&gt;</a>&nbsp;&nbsp;&nbsp;CO2_CO_SensorZERO
<LI><a href="#[bf]">&gt;&gt;</a>&nbsp;&nbsp;&nbsp;Celiang_ZhunBeiNew
</UL>

<P><STRONG><a name="[81]"></a>ADC_ClearFlag</STRONG> (Thumb, 6 bytes, Stack size 0 bytes, stm32f10x_adc.o(i.ADC_ClearFlag))
<BR><BR>[Called By]<UL><LI><a href="#[74]">&gt;&gt;</a>&nbsp;&nbsp;&nbsp;ADC2_Config
</UL>

<P><STRONG><a name="[77]"></a>ADC_ClearITPendingBit</STRONG> (Thumb, 10 bytes, Stack size 0 bytes, stm32f10x_adc.o(i.ADC_ClearITPendingBit))
<BR><BR>[Called By]<UL><LI><a href="#[1c]">&gt;&gt;</a>&nbsp;&nbsp;&nbsp;ADC1_2_IRQHandler
</UL>

<P><STRONG><a name="[7c]"></a>ADC_Cmd</STRONG> (Thumb, 22 bytes, Stack size 0 bytes, stm32f10x_adc.o(i.ADC_Cmd))
<BR><BR>[Called By]<UL><LI><a href="#[74]">&gt;&gt;</a>&nbsp;&nbsp;&nbsp;ADC2_Config
</UL>

<P><STRONG><a name="[80]"></a>ADC_GetCalibrationStatus</STRONG> (Thumb, 20 bytes, Stack size 0 bytes, stm32f10x_adc.o(i.ADC_GetCalibrationStatus))
<BR><BR>[Called By]<UL><LI><a href="#[74]">&gt;&gt;</a>&nbsp;&nbsp;&nbsp;ADC2_Config
</UL>

<P><STRONG><a name="[76]"></a>ADC_GetConversionValue</STRONG> (Thumb, 8 bytes, Stack size 0 bytes, stm32f10x_adc.o(i.ADC_GetConversionValue))
<BR><BR>[Called By]<UL><LI><a href="#[1c]">&gt;&gt;</a>&nbsp;&nbsp;&nbsp;ADC1_2_IRQHandler
</UL>

<P><STRONG><a name="[75]"></a>ADC_GetITStatus</STRONG> (Thumb, 36 bytes, Stack size 16 bytes, stm32f10x_adc.o(i.ADC_GetITStatus))
<BR><BR>[Stack]<UL><LI>Max Depth = 16<LI>Call Chain = ADC_GetITStatus
</UL>
<BR>[Called By]<UL><LI><a href="#[1c]">&gt;&gt;</a>&nbsp;&nbsp;&nbsp;ADC1_2_IRQHandler
</UL>

<P><STRONG><a name="[7e]"></a>ADC_GetResetCalibrationStatus</STRONG> (Thumb, 20 bytes, Stack size 0 bytes, stm32f10x_adc.o(i.ADC_GetResetCalibrationStatus))
<BR><BR>[Called By]<UL><LI><a href="#[74]">&gt;&gt;</a>&nbsp;&nbsp;&nbsp;ADC2_Config
</UL>

<P><STRONG><a name="[82]"></a>ADC_ITConfig</STRONG> (Thumb, 24 bytes, Stack size 8 bytes, stm32f10x_adc.o(i.ADC_ITConfig))
<BR><BR>[Stack]<UL><LI>Max Depth = 8<LI>Call Chain = ADC_ITConfig
</UL>
<BR>[Called By]<UL><LI><a href="#[74]">&gt;&gt;</a>&nbsp;&nbsp;&nbsp;ADC2_Config
</UL>

<P><STRONG><a name="[7a]"></a>ADC_Init</STRONG> (Thumb, 70 bytes, Stack size 12 bytes, stm32f10x_adc.o(i.ADC_Init))
<BR><BR>[Stack]<UL><LI>Max Depth = 12<LI>Call Chain = ADC_Init
</UL>
<BR>[Called By]<UL><LI><a href="#[74]">&gt;&gt;</a>&nbsp;&nbsp;&nbsp;ADC2_Config
</UL>

<P><STRONG><a name="[7b]"></a>ADC_RegularChannelConfig</STRONG> (Thumb, 184 bytes, Stack size 20 bytes, stm32f10x_adc.o(i.ADC_RegularChannelConfig))
<BR><BR>[Stack]<UL><LI>Max Depth = 20<LI>Call Chain = ADC_RegularChannelConfig
</UL>
<BR>[Called By]<UL><LI><a href="#[74]">&gt;&gt;</a>&nbsp;&nbsp;&nbsp;ADC2_Config
</UL>

<P><STRONG><a name="[7d]"></a>ADC_ResetCalibration</STRONG> (Thumb, 10 bytes, Stack size 0 bytes, stm32f10x_adc.o(i.ADC_ResetCalibration))
<BR><BR>[Called By]<UL><LI><a href="#[74]">&gt;&gt;</a>&nbsp;&nbsp;&nbsp;ADC2_Config
</UL>

<P><STRONG><a name="[83]"></a>ADC_SoftwareStartConvCmd</STRONG> (Thumb, 22 bytes, Stack size 0 bytes, stm32f10x_adc.o(i.ADC_SoftwareStartConvCmd))
<BR><BR>[Called By]<UL><LI><a href="#[84]">&gt;&gt;</a>&nbsp;&nbsp;&nbsp;ADC2_ValConvt
<LI><a href="#[74]">&gt;&gt;</a>&nbsp;&nbsp;&nbsp;ADC2_Config
</UL>

<P><STRONG><a name="[7f]"></a>ADC_StartCalibration</STRONG> (Thumb, 10 bytes, Stack size 0 bytes, stm32f10x_adc.o(i.ADC_StartCalibration))
<BR><BR>[Called By]<UL><LI><a href="#[74]">&gt;&gt;</a>&nbsp;&nbsp;&nbsp;ADC2_Config
</UL>

<P><STRONG><a name="[8d]"></a>ADS7816_GPIO_Init</STRONG> (Thumb, 72 bytes, Stack size 8 bytes, ads7816.o(i.ADS7816_GPIO_Init))
<BR><BR>[Stack]<UL><LI>Max Depth = 32<LI>Call Chain = ADS7816_GPIO_Init &rArr; GPIO_Init
</UL>
<BR>[Calls]<UL><LI><a href="#[88]">&gt;&gt;</a>&nbsp;&nbsp;&nbsp;RCC_APB2PeriphClockCmd
<LI><a href="#[8a]">&gt;&gt;</a>&nbsp;&nbsp;&nbsp;GPIO_SetBits
<LI><a href="#[89]">&gt;&gt;</a>&nbsp;&nbsp;&nbsp;GPIO_Init
</UL>
<BR>[Called By]<UL><LI><a href="#[1d2]">&gt;&gt;</a>&nbsp;&nbsp;&nbsp;bsp_init
</UL>

<P><STRONG><a name="[8e]"></a>BEEP_DOING</STRONG> (Thumb, 32 bytes, Stack size 8 bytes, beep.o(i.BEEP_DOING))
<BR><BR>[Stack]<UL><LI>Max Depth = 24<LI>Call Chain = BEEP_DOING &rArr; TIM6Delay_f &rArr; TIMx_Enable
</UL>
<BR>[Calls]<UL><LI><a href="#[8a]">&gt;&gt;</a>&nbsp;&nbsp;&nbsp;GPIO_SetBits
<LI><a href="#[8b]">&gt;&gt;</a>&nbsp;&nbsp;&nbsp;GPIO_ResetBits
<LI><a href="#[8f]">&gt;&gt;</a>&nbsp;&nbsp;&nbsp;TIM6Delay_f
</UL>
<BR>[Called By]<UL><LI><a href="#[e1]">&gt;&gt;</a>&nbsp;&nbsp;&nbsp;RUN_Program
<LI><a href="#[14c]">&gt;&gt;</a>&nbsp;&nbsp;&nbsp;QC_PROM
<LI><a href="#[14a]">&gt;&gt;</a>&nbsp;&nbsp;&nbsp;PeiGas_PROM
<LI><a href="#[d7]">&gt;&gt;</a>&nbsp;&nbsp;&nbsp;Curve_PROM
<LI><a href="#[b5]">&gt;&gt;</a>&nbsp;&nbsp;&nbsp;CO2_Cal_Pro
</UL>

<P><STRONG><a name="[90]"></a>BEEP_Init</STRONG> (Thumb, 82 bytes, Stack size 8 bytes, beep.o(i.BEEP_Init))
<BR><BR>[Stack]<UL><LI>Max Depth = 32<LI>Call Chain = BEEP_Init &rArr; GPIO_Init
</UL>
<BR>[Calls]<UL><LI><a href="#[88]">&gt;&gt;</a>&nbsp;&nbsp;&nbsp;RCC_APB2PeriphClockCmd
<LI><a href="#[8a]">&gt;&gt;</a>&nbsp;&nbsp;&nbsp;GPIO_SetBits
<LI><a href="#[89]">&gt;&gt;</a>&nbsp;&nbsp;&nbsp;GPIO_Init
<LI><a href="#[91]">&gt;&gt;</a>&nbsp;&nbsp;&nbsp;GAS_PUB_Closed
</UL>
<BR>[Called By]<UL><LI><a href="#[1d2]">&gt;&gt;</a>&nbsp;&nbsp;&nbsp;bsp_init
</UL>

<P><STRONG><a name="[156]"></a>BKP_ReadBackupRegister</STRONG> (Thumb, 24 bytes, Stack size 8 bytes, stm32f10x_bkp.o(i.BKP_ReadBackupRegister))
<BR><BR>[Stack]<UL><LI>Max Depth = 8<LI>Call Chain = BKP_ReadBackupRegister
</UL>
<BR>[Called By]<UL><LI><a href="#[155]">&gt;&gt;</a>&nbsp;&nbsp;&nbsp;RTC_CheckAndConfig
</UL>

<P><STRONG><a name="[157]"></a>BKP_WriteBackupRegister</STRONG> (Thumb, 22 bytes, Stack size 8 bytes, stm32f10x_bkp.o(i.BKP_WriteBackupRegister))
<BR><BR>[Stack]<UL><LI>Max Depth = 8<LI>Call Chain = BKP_WriteBackupRegister
</UL>
<BR>[Called By]<UL><LI><a href="#[155]">&gt;&gt;</a>&nbsp;&nbsp;&nbsp;RTC_CheckAndConfig
</UL>

<P><STRONG><a name="[92]"></a>BME280_CalibParam</STRONG> (Thumb, 352 bytes, Stack size 48 bytes, bme280.o(i.BME280_CalibParam))
<BR><BR>[Stack]<UL><LI>Max Depth = 104<LI>Call Chain = BME280_CalibParam &rArr; BME_Read_Len &rArr; BME_IIC_Read_Byte &rArr; BME_IIC_NAck &rArr; Delay1us
</UL>
<BR>[Calls]<UL><LI><a href="#[94]">&gt;&gt;</a>&nbsp;&nbsp;&nbsp;BME_Read_Len
<LI><a href="#[93]">&gt;&gt;</a>&nbsp;&nbsp;&nbsp;__aeabi_memclr4
</UL>
<BR>[Called By]<UL><LI><a href="#[98]">&gt;&gt;</a>&nbsp;&nbsp;&nbsp;BME280_Init
</UL>

<P><STRONG><a name="[95]"></a>BME280_Chack</STRONG> (Thumb, 62 bytes, Stack size 16 bytes, bme280.o(i.BME280_Chack))
<BR><BR>[Stack]<UL><LI>Max Depth = 64<LI>Call Chain = BME280_Chack &rArr; BME_Read_Byte &rArr; BME_IIC_Read_Byte &rArr; BME_IIC_NAck &rArr; Delay1us
</UL>
<BR>[Calls]<UL><LI><a href="#[97]">&gt;&gt;</a>&nbsp;&nbsp;&nbsp;Delay1ms
<LI><a href="#[96]">&gt;&gt;</a>&nbsp;&nbsp;&nbsp;BME_Read_Byte
</UL>
<BR>[Called By]<UL><LI><a href="#[98]">&gt;&gt;</a>&nbsp;&nbsp;&nbsp;BME280_Init
</UL>

<P><STRONG><a name="[9f]"></a>BME280_CompensateHumidityInt32</STRONG> (Thumb, 276 bytes, Stack size 32 bytes, bme280.o(i.BME280_CompensateHumidityInt32))
<BR><BR>[Stack]<UL><LI>Max Depth = 32<LI>Call Chain = BME280_CompensateHumidityInt32
</UL>
<BR>[Called By]<UL><LI><a href="#[9b]">&gt;&gt;</a>&nbsp;&nbsp;&nbsp;BME280_ReadPTH
</UL>

<P><STRONG><a name="[9e]"></a>BME280_CompensatePressureInt32</STRONG> (Thumb, 198 bytes, Stack size 12 bytes, bme280.o(i.BME280_CompensatePressureInt32))
<BR><BR>[Stack]<UL><LI>Max Depth = 12<LI>Call Chain = BME280_CompensatePressureInt32
</UL>
<BR>[Called By]<UL><LI><a href="#[9b]">&gt;&gt;</a>&nbsp;&nbsp;&nbsp;BME280_ReadPTH
</UL>

<P><STRONG><a name="[9d]"></a>BME280_CompensateTemperatureInt32</STRONG> (Thumb, 72 bytes, Stack size 12 bytes, bme280.o(i.BME280_CompensateTemperatureInt32))
<BR><BR>[Stack]<UL><LI>Max Depth = 12<LI>Call Chain = BME280_CompensateTemperatureInt32
</UL>
<BR>[Called By]<UL><LI><a href="#[9b]">&gt;&gt;</a>&nbsp;&nbsp;&nbsp;BME280_ReadPTH
</UL>

<P><STRONG><a name="[98]"></a>BME280_Init</STRONG> (Thumb, 104 bytes, Stack size 48 bytes, bme280.o(i.BME280_Init))
<BR><BR>[Stack]<UL><LI>Max Depth = 152<LI>Call Chain = BME280_Init &rArr; BME280_CalibParam &rArr; BME_Read_Len &rArr; BME_IIC_Read_Byte &rArr; BME_IIC_NAck &rArr; Delay1us
</UL>
<BR>[Calls]<UL><LI><a href="#[99]">&gt;&gt;</a>&nbsp;&nbsp;&nbsp;BME_IIC_Init
<LI><a href="#[9a]">&gt;&gt;</a>&nbsp;&nbsp;&nbsp;BME_Write_Byte
<LI><a href="#[95]">&gt;&gt;</a>&nbsp;&nbsp;&nbsp;BME280_Chack
<LI><a href="#[92]">&gt;&gt;</a>&nbsp;&nbsp;&nbsp;BME280_CalibParam
</UL>
<BR>[Called By]<UL><LI><a href="#[1d2]">&gt;&gt;</a>&nbsp;&nbsp;&nbsp;bsp_init
</UL>

<P><STRONG><a name="[9b]"></a>BME280_ReadPTH</STRONG> (Thumb, 134 bytes, Stack size 56 bytes, bme280.o(i.BME280_ReadPTH))
<BR><BR>[Stack]<UL><LI>Max Depth = 144<LI>Call Chain = BME280_ReadPTH &rArr; BME280_ReadUncompPressureTemperature &rArr; BME_Read_Len &rArr; BME_IIC_Read_Byte &rArr; BME_IIC_NAck &rArr; Delay1us
</UL>
<BR>[Calls]<UL><LI><a href="#[67]">&gt;&gt;</a>&nbsp;&nbsp;&nbsp;__aeabi_i2d
<LI><a href="#[64]">&gt;&gt;</a>&nbsp;&nbsp;&nbsp;__aeabi_ddiv
<LI><a href="#[6b]">&gt;&gt;</a>&nbsp;&nbsp;&nbsp;__aeabi_d2f
<LI><a href="#[68]">&gt;&gt;</a>&nbsp;&nbsp;&nbsp;__aeabi_ui2d
<LI><a href="#[9c]">&gt;&gt;</a>&nbsp;&nbsp;&nbsp;BME280_ReadUncompPressureTemperature
<LI><a href="#[9d]">&gt;&gt;</a>&nbsp;&nbsp;&nbsp;BME280_CompensateTemperatureInt32
<LI><a href="#[9e]">&gt;&gt;</a>&nbsp;&nbsp;&nbsp;BME280_CompensatePressureInt32
<LI><a href="#[9f]">&gt;&gt;</a>&nbsp;&nbsp;&nbsp;BME280_CompensateHumidityInt32
</UL>
<BR>[Called By]<UL><LI><a href="#[e1]">&gt;&gt;</a>&nbsp;&nbsp;&nbsp;RUN_Program
<LI><a href="#[14c]">&gt;&gt;</a>&nbsp;&nbsp;&nbsp;QC_PROM
<LI><a href="#[125]">&gt;&gt;</a>&nbsp;&nbsp;&nbsp;Humidity_Fault
<LI><a href="#[d7]">&gt;&gt;</a>&nbsp;&nbsp;&nbsp;Curve_PROM
<LI><a href="#[a7]">&gt;&gt;</a>&nbsp;&nbsp;&nbsp;Bme280Fault
<LI><a href="#[46]">&gt;&gt;</a>&nbsp;&nbsp;&nbsp;main
<LI><a href="#[b5]">&gt;&gt;</a>&nbsp;&nbsp;&nbsp;CO2_Cal_Pro
</UL>

<P><STRONG><a name="[9c]"></a>BME280_ReadUncompPressureTemperature</STRONG> (Thumb, 100 bytes, Stack size 32 bytes, bme280.o(i.BME280_ReadUncompPressureTemperature))
<BR><BR>[Stack]<UL><LI>Max Depth = 88<LI>Call Chain = BME280_ReadUncompPressureTemperature &rArr; BME_Read_Len &rArr; BME_IIC_Read_Byte &rArr; BME_IIC_NAck &rArr; Delay1us
</UL>
<BR>[Calls]<UL><LI><a href="#[94]">&gt;&gt;</a>&nbsp;&nbsp;&nbsp;BME_Read_Len
</UL>
<BR>[Called By]<UL><LI><a href="#[9b]">&gt;&gt;</a>&nbsp;&nbsp;&nbsp;BME280_ReadPTH
</UL>

<P><STRONG><a name="[a0]"></a>BME_IIC_Ack</STRONG> (Thumb, 66 bytes, Stack size 8 bytes, myiic.o(i.BME_IIC_Ack))
<BR><BR>[Stack]<UL><LI>Max Depth = 16<LI>Call Chain = BME_IIC_Ack &rArr; Delay1us
</UL>
<BR>[Calls]<UL><LI><a href="#[85]">&gt;&gt;</a>&nbsp;&nbsp;&nbsp;Delay1us
</UL>
<BR>[Called By]<UL><LI><a href="#[a2]">&gt;&gt;</a>&nbsp;&nbsp;&nbsp;BME_IIC_Read_Byte
</UL>

<P><STRONG><a name="[99]"></a>BME_IIC_Init</STRONG> (Thumb, 50 bytes, Stack size 8 bytes, myiic.o(i.BME_IIC_Init))
<BR><BR>[Stack]<UL><LI>Max Depth = 32<LI>Call Chain = BME_IIC_Init &rArr; GPIO_Init
</UL>
<BR>[Calls]<UL><LI><a href="#[88]">&gt;&gt;</a>&nbsp;&nbsp;&nbsp;RCC_APB2PeriphClockCmd
<LI><a href="#[8a]">&gt;&gt;</a>&nbsp;&nbsp;&nbsp;GPIO_SetBits
<LI><a href="#[89]">&gt;&gt;</a>&nbsp;&nbsp;&nbsp;GPIO_Init
</UL>
<BR>[Called By]<UL><LI><a href="#[98]">&gt;&gt;</a>&nbsp;&nbsp;&nbsp;BME280_Init
</UL>

<P><STRONG><a name="[a1]"></a>BME_IIC_NAck</STRONG> (Thumb, 66 bytes, Stack size 8 bytes, myiic.o(i.BME_IIC_NAck))
<BR><BR>[Stack]<UL><LI>Max Depth = 16<LI>Call Chain = BME_IIC_NAck &rArr; Delay1us
</UL>
<BR>[Calls]<UL><LI><a href="#[85]">&gt;&gt;</a>&nbsp;&nbsp;&nbsp;Delay1us
</UL>
<BR>[Called By]<UL><LI><a href="#[a2]">&gt;&gt;</a>&nbsp;&nbsp;&nbsp;BME_IIC_Read_Byte
</UL>

<P><STRONG><a name="[a2]"></a>BME_IIC_Read_Byte</STRONG> (Thumb, 98 bytes, Stack size 16 bytes, myiic.o(i.BME_IIC_Read_Byte))
<BR><BR>[Stack]<UL><LI>Max Depth = 32<LI>Call Chain = BME_IIC_Read_Byte &rArr; BME_IIC_NAck &rArr; Delay1us
</UL>
<BR>[Calls]<UL><LI><a href="#[85]">&gt;&gt;</a>&nbsp;&nbsp;&nbsp;Delay1us
<LI><a href="#[a1]">&gt;&gt;</a>&nbsp;&nbsp;&nbsp;BME_IIC_NAck
<LI><a href="#[a0]">&gt;&gt;</a>&nbsp;&nbsp;&nbsp;BME_IIC_Ack
</UL>
<BR>[Called By]<UL><LI><a href="#[94]">&gt;&gt;</a>&nbsp;&nbsp;&nbsp;BME_Read_Len
<LI><a href="#[96]">&gt;&gt;</a>&nbsp;&nbsp;&nbsp;BME_Read_Byte
</UL>

<P><STRONG><a name="[a3]"></a>BME_IIC_Send_Byte</STRONG> (Thumb, 104 bytes, Stack size 16 bytes, myiic.o(i.BME_IIC_Send_Byte))
<BR><BR>[Stack]<UL><LI>Max Depth = 24<LI>Call Chain = BME_IIC_Send_Byte &rArr; Delay1us
</UL>
<BR>[Calls]<UL><LI><a href="#[85]">&gt;&gt;</a>&nbsp;&nbsp;&nbsp;Delay1us
</UL>
<BR>[Called By]<UL><LI><a href="#[9a]">&gt;&gt;</a>&nbsp;&nbsp;&nbsp;BME_Write_Byte
<LI><a href="#[94]">&gt;&gt;</a>&nbsp;&nbsp;&nbsp;BME_Read_Len
<LI><a href="#[96]">&gt;&gt;</a>&nbsp;&nbsp;&nbsp;BME_Read_Byte
</UL>

<P><STRONG><a name="[a4]"></a>BME_IIC_Start</STRONG> (Thumb, 64 bytes, Stack size 8 bytes, myiic.o(i.BME_IIC_Start))
<BR><BR>[Stack]<UL><LI>Max Depth = 16<LI>Call Chain = BME_IIC_Start &rArr; Delay1us
</UL>
<BR>[Calls]<UL><LI><a href="#[85]">&gt;&gt;</a>&nbsp;&nbsp;&nbsp;Delay1us
</UL>
<BR>[Called By]<UL><LI><a href="#[9a]">&gt;&gt;</a>&nbsp;&nbsp;&nbsp;BME_Write_Byte
<LI><a href="#[94]">&gt;&gt;</a>&nbsp;&nbsp;&nbsp;BME_Read_Len
<LI><a href="#[96]">&gt;&gt;</a>&nbsp;&nbsp;&nbsp;BME_Read_Byte
</UL>

<P><STRONG><a name="[a5]"></a>BME_IIC_Stop</STRONG> (Thumb, 62 bytes, Stack size 8 bytes, myiic.o(i.BME_IIC_Stop))
<BR><BR>[Stack]<UL><LI>Max Depth = 16<LI>Call Chain = BME_IIC_Stop &rArr; Delay1us
</UL>
<BR>[Calls]<UL><LI><a href="#[85]">&gt;&gt;</a>&nbsp;&nbsp;&nbsp;Delay1us
</UL>
<BR>[Called By]<UL><LI><a href="#[a6]">&gt;&gt;</a>&nbsp;&nbsp;&nbsp;BME_IIC_Wait_Ack
<LI><a href="#[9a]">&gt;&gt;</a>&nbsp;&nbsp;&nbsp;BME_Write_Byte
<LI><a href="#[94]">&gt;&gt;</a>&nbsp;&nbsp;&nbsp;BME_Read_Len
<LI><a href="#[96]">&gt;&gt;</a>&nbsp;&nbsp;&nbsp;BME_Read_Byte
</UL>

<P><STRONG><a name="[a6]"></a>BME_IIC_Wait_Ack</STRONG> (Thumb, 86 bytes, Stack size 8 bytes, myiic.o(i.BME_IIC_Wait_Ack))
<BR><BR>[Stack]<UL><LI>Max Depth = 24<LI>Call Chain = BME_IIC_Wait_Ack &rArr; BME_IIC_Stop &rArr; Delay1us
</UL>
<BR>[Calls]<UL><LI><a href="#[85]">&gt;&gt;</a>&nbsp;&nbsp;&nbsp;Delay1us
<LI><a href="#[a5]">&gt;&gt;</a>&nbsp;&nbsp;&nbsp;BME_IIC_Stop
</UL>
<BR>[Called By]<UL><LI><a href="#[9a]">&gt;&gt;</a>&nbsp;&nbsp;&nbsp;BME_Write_Byte
<LI><a href="#[94]">&gt;&gt;</a>&nbsp;&nbsp;&nbsp;BME_Read_Len
<LI><a href="#[96]">&gt;&gt;</a>&nbsp;&nbsp;&nbsp;BME_Read_Byte
</UL>

<P><STRONG><a name="[96]"></a>BME_Read_Byte</STRONG> (Thumb, 72 bytes, Stack size 16 bytes, bme280.o(i.BME_Read_Byte))
<BR><BR>[Stack]<UL><LI>Max Depth = 48<LI>Call Chain = BME_Read_Byte &rArr; BME_IIC_Read_Byte &rArr; BME_IIC_NAck &rArr; Delay1us
</UL>
<BR>[Calls]<UL><LI><a href="#[a6]">&gt;&gt;</a>&nbsp;&nbsp;&nbsp;BME_IIC_Wait_Ack
<LI><a href="#[a5]">&gt;&gt;</a>&nbsp;&nbsp;&nbsp;BME_IIC_Stop
<LI><a href="#[a4]">&gt;&gt;</a>&nbsp;&nbsp;&nbsp;BME_IIC_Start
<LI><a href="#[a3]">&gt;&gt;</a>&nbsp;&nbsp;&nbsp;BME_IIC_Send_Byte
<LI><a href="#[a2]">&gt;&gt;</a>&nbsp;&nbsp;&nbsp;BME_IIC_Read_Byte
</UL>
<BR>[Called By]<UL><LI><a href="#[95]">&gt;&gt;</a>&nbsp;&nbsp;&nbsp;BME280_Chack
</UL>

<P><STRONG><a name="[94]"></a>BME_Read_Len</STRONG> (Thumb, 116 bytes, Stack size 24 bytes, bme280.o(i.BME_Read_Len))
<BR><BR>[Stack]<UL><LI>Max Depth = 56<LI>Call Chain = BME_Read_Len &rArr; BME_IIC_Read_Byte &rArr; BME_IIC_NAck &rArr; Delay1us
</UL>
<BR>[Calls]<UL><LI><a href="#[a6]">&gt;&gt;</a>&nbsp;&nbsp;&nbsp;BME_IIC_Wait_Ack
<LI><a href="#[a5]">&gt;&gt;</a>&nbsp;&nbsp;&nbsp;BME_IIC_Stop
<LI><a href="#[a4]">&gt;&gt;</a>&nbsp;&nbsp;&nbsp;BME_IIC_Start
<LI><a href="#[a3]">&gt;&gt;</a>&nbsp;&nbsp;&nbsp;BME_IIC_Send_Byte
<LI><a href="#[a2]">&gt;&gt;</a>&nbsp;&nbsp;&nbsp;BME_IIC_Read_Byte
</UL>
<BR>[Called By]<UL><LI><a href="#[9c]">&gt;&gt;</a>&nbsp;&nbsp;&nbsp;BME280_ReadUncompPressureTemperature
<LI><a href="#[92]">&gt;&gt;</a>&nbsp;&nbsp;&nbsp;BME280_CalibParam
</UL>

<P><STRONG><a name="[9a]"></a>BME_Write_Byte</STRONG> (Thumb, 76 bytes, Stack size 16 bytes, bme280.o(i.BME_Write_Byte))
<BR><BR>[Stack]<UL><LI>Max Depth = 40<LI>Call Chain = BME_Write_Byte &rArr; BME_IIC_Wait_Ack &rArr; BME_IIC_Stop &rArr; Delay1us
</UL>
<BR>[Calls]<UL><LI><a href="#[a6]">&gt;&gt;</a>&nbsp;&nbsp;&nbsp;BME_IIC_Wait_Ack
<LI><a href="#[a5]">&gt;&gt;</a>&nbsp;&nbsp;&nbsp;BME_IIC_Stop
<LI><a href="#[a4]">&gt;&gt;</a>&nbsp;&nbsp;&nbsp;BME_IIC_Start
<LI><a href="#[a3]">&gt;&gt;</a>&nbsp;&nbsp;&nbsp;BME_IIC_Send_Byte
</UL>
<BR>[Called By]<UL><LI><a href="#[98]">&gt;&gt;</a>&nbsp;&nbsp;&nbsp;BME280_Init
</UL>

<P><STRONG><a name="[a7]"></a>Bme280Fault</STRONG> (Thumb, 398 bytes, Stack size 32 bytes, gasroad.o(i.Bme280Fault))
<BR><BR>[Stack]<UL><LI>Max Depth = 176<LI>Call Chain = Bme280Fault &rArr; BME280_ReadPTH &rArr; BME280_ReadUncompPressureTemperature &rArr; BME_Read_Len &rArr; BME_IIC_Read_Byte &rArr; BME_IIC_NAck &rArr; Delay1us
</UL>
<BR>[Calls]<UL><LI><a href="#[aa]">&gt;&gt;</a>&nbsp;&nbsp;&nbsp;Delay100ms
<LI><a href="#[ab]">&gt;&gt;</a>&nbsp;&nbsp;&nbsp;LcmClear
<LI><a href="#[ac]">&gt;&gt;</a>&nbsp;&nbsp;&nbsp;ShowString
<LI><a href="#[ad]">&gt;&gt;</a>&nbsp;&nbsp;&nbsp;__aeabi_f2d
<LI><a href="#[9b]">&gt;&gt;</a>&nbsp;&nbsp;&nbsp;BME280_ReadPTH
<LI><a href="#[a8]">&gt;&gt;</a>&nbsp;&nbsp;&nbsp;__aeabi_cfrcmple
<LI><a href="#[ae]">&gt;&gt;</a>&nbsp;&nbsp;&nbsp;__aeabi_cdcmple
<LI><a href="#[a9]">&gt;&gt;</a>&nbsp;&nbsp;&nbsp;__aeabi_cfcmple
</UL>
<BR>[Called By]<UL><LI><a href="#[46]">&gt;&gt;</a>&nbsp;&nbsp;&nbsp;main
</UL>

<P><STRONG><a name="[4]"></a>BusFault_Handler</STRONG> (Thumb, 4 bytes, Stack size 0 bytes, stm32f10x_it.o(i.BusFault_Handler))
<BR>[Address Reference Count : 1]<UL><LI> startup_stm32f10x_hd.o(RESET)
</UL>
<P><STRONG><a name="[af]"></a>CD4051_Init</STRONG> (Thumb, 44 bytes, Stack size 8 bytes, cd4051.o(i.CD4051_Init))
<BR><BR>[Stack]<UL><LI>Max Depth = 32<LI>Call Chain = CD4051_Init &rArr; GPIO_Init
</UL>
<BR>[Calls]<UL><LI><a href="#[88]">&gt;&gt;</a>&nbsp;&nbsp;&nbsp;RCC_APB2PeriphClockCmd
<LI><a href="#[89]">&gt;&gt;</a>&nbsp;&nbsp;&nbsp;GPIO_Init
<LI><a href="#[b0]">&gt;&gt;</a>&nbsp;&nbsp;&nbsp;IN_Select
</UL>
<BR>[Called By]<UL><LI><a href="#[1d2]">&gt;&gt;</a>&nbsp;&nbsp;&nbsp;bsp_init
</UL>

<P><STRONG><a name="[b1]"></a>CO2_CON</STRONG> (Thumb, 132 bytes, Stack size 8 bytes, measurement.o(i.CO2_CON))
<BR><BR>[Stack]<UL><LI>Max Depth = 240<LI>Call Chain = CO2_CON &rArr; CO2_Cal_Pro &rArr; BME280_ReadPTH &rArr; BME280_ReadUncompPressureTemperature &rArr; BME_Read_Len &rArr; BME_IIC_Read_Byte &rArr; BME_IIC_NAck &rArr; Delay1us
</UL>
<BR>[Calls]<UL><LI><a href="#[97]">&gt;&gt;</a>&nbsp;&nbsp;&nbsp;Delay1ms
<LI><a href="#[ab]">&gt;&gt;</a>&nbsp;&nbsp;&nbsp;LcmClear
<LI><a href="#[ac]">&gt;&gt;</a>&nbsp;&nbsp;&nbsp;ShowString
<LI><a href="#[b4]">&gt;&gt;</a>&nbsp;&nbsp;&nbsp;ee_WriteBytes
<LI><a href="#[b3]">&gt;&gt;</a>&nbsp;&nbsp;&nbsp;is_gasbag_exit
<LI><a href="#[b2]">&gt;&gt;</a>&nbsp;&nbsp;&nbsp;framedisplayRrror
<LI><a href="#[b5]">&gt;&gt;</a>&nbsp;&nbsp;&nbsp;CO2_Cal_Pro
</UL>
<BR>[Called By]<UL><LI><a href="#[46]">&gt;&gt;</a>&nbsp;&nbsp;&nbsp;main
</UL>

<P><STRONG><a name="[b6]"></a>CO2_CO_SensorZERO</STRONG> (Thumb, 444 bytes, Stack size 32 bytes, gasroad.o(i.CO2_CO_SensorZERO))
<BR><BR>[Stack]<UL><LI>Max Depth = 96<LI>Call Chain = CO2_CO_SensorZERO &rArr; ShowString &rArr; ShowChar &rArr; LocateXY &rArr; LcmWriteCommandWith2Par
</UL>
<BR>[Calls]<UL><LI><a href="#[ab]">&gt;&gt;</a>&nbsp;&nbsp;&nbsp;LcmClear
<LI><a href="#[ac]">&gt;&gt;</a>&nbsp;&nbsp;&nbsp;ShowString
<LI><a href="#[b7]">&gt;&gt;</a>&nbsp;&nbsp;&nbsp;Num2StrI
<LI><a href="#[ad]">&gt;&gt;</a>&nbsp;&nbsp;&nbsp;__aeabi_f2d
<LI><a href="#[84]">&gt;&gt;</a>&nbsp;&nbsp;&nbsp;ADC2_ValConvt
<LI><a href="#[66]">&gt;&gt;</a>&nbsp;&nbsp;&nbsp;__aeabi_ui2f
<LI><a href="#[5b]">&gt;&gt;</a>&nbsp;&nbsp;&nbsp;__aeabi_fdiv
<LI><a href="#[70]">&gt;&gt;</a>&nbsp;&nbsp;&nbsp;ADC
<LI><a href="#[65]">&gt;&gt;</a>&nbsp;&nbsp;&nbsp;__aeabi_i2f
<LI><a href="#[b8]">&gt;&gt;</a>&nbsp;&nbsp;&nbsp;__aeabi_cdrcmple
<LI><a href="#[b9]">&gt;&gt;</a>&nbsp;&nbsp;&nbsp;Num2StrF
</UL>
<BR>[Called By]<UL><LI><a href="#[46]">&gt;&gt;</a>&nbsp;&nbsp;&nbsp;main
</UL>

<P><STRONG><a name="[b5]"></a>CO2_Cal_Pro</STRONG> (Thumb, 746 bytes, Stack size 88 bytes, measurement.o(i.CO2_Cal_Pro))
<BR><BR>[Stack]<UL><LI>Max Depth = 232<LI>Call Chain = CO2_Cal_Pro &rArr; BME280_ReadPTH &rArr; BME280_ReadUncompPressureTemperature &rArr; BME_Read_Len &rArr; BME_IIC_Read_Byte &rArr; BME_IIC_NAck &rArr; Delay1us
</UL>
<BR>[Calls]<UL><LI><a href="#[ba]">&gt;&gt;</a>&nbsp;&nbsp;&nbsp;LcmWriteCommandWith2Par
<LI><a href="#[bb]">&gt;&gt;</a>&nbsp;&nbsp;&nbsp;LcmWriteCommand
<LI><a href="#[ab]">&gt;&gt;</a>&nbsp;&nbsp;&nbsp;LcmClear
<LI><a href="#[ac]">&gt;&gt;</a>&nbsp;&nbsp;&nbsp;ShowString
<LI><a href="#[b7]">&gt;&gt;</a>&nbsp;&nbsp;&nbsp;Num2StrI
<LI><a href="#[ad]">&gt;&gt;</a>&nbsp;&nbsp;&nbsp;__aeabi_f2d
<LI><a href="#[9b]">&gt;&gt;</a>&nbsp;&nbsp;&nbsp;BME280_ReadPTH
<LI><a href="#[64]">&gt;&gt;</a>&nbsp;&nbsp;&nbsp;__aeabi_ddiv
<LI><a href="#[b4]">&gt;&gt;</a>&nbsp;&nbsp;&nbsp;ee_WriteBytes
<LI><a href="#[bd]">&gt;&gt;</a>&nbsp;&nbsp;&nbsp;QiGuang_Reset
<LI><a href="#[8e]">&gt;&gt;</a>&nbsp;&nbsp;&nbsp;BEEP_DOING
<LI><a href="#[68]">&gt;&gt;</a>&nbsp;&nbsp;&nbsp;__aeabi_ui2d
<LI><a href="#[56]">&gt;&gt;</a>&nbsp;&nbsp;&nbsp;__aeabi_fadd
<LI><a href="#[63]">&gt;&gt;</a>&nbsp;&nbsp;&nbsp;__aeabi_dmul
<LI><a href="#[69]">&gt;&gt;</a>&nbsp;&nbsp;&nbsp;__aeabi_d2uiz
<LI><a href="#[be]">&gt;&gt;</a>&nbsp;&nbsp;&nbsp;Purge_Cylinder
<LI><a href="#[c0]">&gt;&gt;</a>&nbsp;&nbsp;&nbsp;Paiqi_RR_PROM
<LI><a href="#[c1]">&gt;&gt;</a>&nbsp;&nbsp;&nbsp;Open_CO2_Paiqi
<LI><a href="#[c2]">&gt;&gt;</a>&nbsp;&nbsp;&nbsp;Daiji
<LI><a href="#[c3]">&gt;&gt;</a>&nbsp;&nbsp;&nbsp;Close_CO2_Paiqi
<LI><a href="#[bf]">&gt;&gt;</a>&nbsp;&nbsp;&nbsp;Celiang_ZhunBeiNew
<LI><a href="#[bc]">&gt;&gt;</a>&nbsp;&nbsp;&nbsp;__2printf
</UL>
<BR>[Called By]<UL><LI><a href="#[b1]">&gt;&gt;</a>&nbsp;&nbsp;&nbsp;CO2_CON
</UL>

<P><STRONG><a name="[bf]"></a>Celiang_ZhunBeiNew</STRONG> (Thumb, 62 bytes, Stack size 16 bytes, gasroad.o(i.Celiang_ZhunBeiNew))
<BR><BR>[Stack]<UL><LI>Max Depth = 104<LI>Call Chain = Celiang_ZhunBeiNew &rArr; Daiji &rArr; framedisplay_ok &rArr; ShowString &rArr; ShowChar &rArr; LocateXY &rArr; LcmWriteCommandWith2Par
</UL>
<BR>[Calls]<UL><LI><a href="#[ac]">&gt;&gt;</a>&nbsp;&nbsp;&nbsp;ShowString
<LI><a href="#[84]">&gt;&gt;</a>&nbsp;&nbsp;&nbsp;ADC2_ValConvt
<LI><a href="#[c1]">&gt;&gt;</a>&nbsp;&nbsp;&nbsp;Open_CO2_Paiqi
<LI><a href="#[c4]">&gt;&gt;</a>&nbsp;&nbsp;&nbsp;Get_CO2_GAS
<LI><a href="#[c2]">&gt;&gt;</a>&nbsp;&nbsp;&nbsp;Daiji
<LI><a href="#[c3]">&gt;&gt;</a>&nbsp;&nbsp;&nbsp;Close_CO2_Paiqi
</UL>
<BR>[Called By]<UL><LI><a href="#[e1]">&gt;&gt;</a>&nbsp;&nbsp;&nbsp;RUN_Program
<LI><a href="#[14c]">&gt;&gt;</a>&nbsp;&nbsp;&nbsp;QC_PROM
<LI><a href="#[d7]">&gt;&gt;</a>&nbsp;&nbsp;&nbsp;Curve_PROM
<LI><a href="#[b5]">&gt;&gt;</a>&nbsp;&nbsp;&nbsp;CO2_Cal_Pro
</UL>

<P><STRONG><a name="[12f]"></a>CheckAutoWrite</STRONG> (Thumb, 18 bytes, Stack size 0 bytes, t6963c_port.o(i.CheckAutoWrite))
<BR><BR>[Called By]<UL><LI><a href="#[ab]">&gt;&gt;</a>&nbsp;&nbsp;&nbsp;LcmClear
</UL>

<P><STRONG><a name="[c5]"></a>Chou_BGas</STRONG> (Thumb, 108 bytes, Stack size 8 bytes, gasroad.o(i.Chou_BGas))
<BR><BR>[Stack]<UL><LI>Max Depth = 32<LI>Call Chain = Chou_BGas &rArr; Motor1Stop &rArr; TIM6Delay_f &rArr; TIMx_Enable
</UL>
<BR>[Calls]<UL><LI><a href="#[aa]">&gt;&gt;</a>&nbsp;&nbsp;&nbsp;Delay100ms
<LI><a href="#[8c]">&gt;&gt;</a>&nbsp;&nbsp;&nbsp;GPIO_ReadInputDataBit
<LI><a href="#[c8]">&gt;&gt;</a>&nbsp;&nbsp;&nbsp;Motor1Stop
<LI><a href="#[c7]">&gt;&gt;</a>&nbsp;&nbsp;&nbsp;Motor1Start
<LI><a href="#[c6]">&gt;&gt;</a>&nbsp;&nbsp;&nbsp;EV_Open
<LI><a href="#[c9]">&gt;&gt;</a>&nbsp;&nbsp;&nbsp;EV_Close
</UL>
<BR>[Called By]<UL><LI><a href="#[e1]">&gt;&gt;</a>&nbsp;&nbsp;&nbsp;RUN_Program
<LI><a href="#[14c]">&gt;&gt;</a>&nbsp;&nbsp;&nbsp;QC_PROM
<LI><a href="#[d7]">&gt;&gt;</a>&nbsp;&nbsp;&nbsp;Curve_PROM
</UL>

<P><STRONG><a name="[ca]"></a>Chou_YGas</STRONG> (Thumb, 108 bytes, Stack size 8 bytes, gasroad.o(i.Chou_YGas))
<BR><BR>[Stack]<UL><LI>Max Depth = 32<LI>Call Chain = Chou_YGas &rArr; Motor1Stop &rArr; TIM6Delay_f &rArr; TIMx_Enable
</UL>
<BR>[Calls]<UL><LI><a href="#[aa]">&gt;&gt;</a>&nbsp;&nbsp;&nbsp;Delay100ms
<LI><a href="#[8c]">&gt;&gt;</a>&nbsp;&nbsp;&nbsp;GPIO_ReadInputDataBit
<LI><a href="#[c8]">&gt;&gt;</a>&nbsp;&nbsp;&nbsp;Motor1Stop
<LI><a href="#[c7]">&gt;&gt;</a>&nbsp;&nbsp;&nbsp;Motor1Start
<LI><a href="#[c6]">&gt;&gt;</a>&nbsp;&nbsp;&nbsp;EV_Open
<LI><a href="#[c9]">&gt;&gt;</a>&nbsp;&nbsp;&nbsp;EV_Close
</UL>
<BR>[Called By]<UL><LI><a href="#[e1]">&gt;&gt;</a>&nbsp;&nbsp;&nbsp;RUN_Program
<LI><a href="#[14c]">&gt;&gt;</a>&nbsp;&nbsp;&nbsp;QC_PROM
<LI><a href="#[d7]">&gt;&gt;</a>&nbsp;&nbsp;&nbsp;Curve_PROM
</UL>

<P><STRONG><a name="[cb]"></a>Chu_Zhi</STRONG> (Thumb, 230 bytes, Stack size 8 bytes, measurement.o(i.Chu_Zhi))
<BR><BR>[Stack]<UL><LI>Max Depth = 96<LI>Call Chain = Chu_Zhi &rArr; Time_Adjust &rArr; GregorianDay
</UL>
<BR>[Calls]<UL><LI><a href="#[b4]">&gt;&gt;</a>&nbsp;&nbsp;&nbsp;ee_WriteBytes
<LI><a href="#[cd]">&gt;&gt;</a>&nbsp;&nbsp;&nbsp;Time_Adjust
<LI><a href="#[cc]">&gt;&gt;</a>&nbsp;&nbsp;&nbsp;RTC_Configuration
</UL>
<BR>[Called By]<UL><LI><a href="#[46]">&gt;&gt;</a>&nbsp;&nbsp;&nbsp;main
</UL>

<P><STRONG><a name="[c3]"></a>Close_CO2_Paiqi</STRONG> (Thumb, 32 bytes, Stack size 8 bytes, gasroad.o(i.Close_CO2_Paiqi))
<BR><BR>[Stack]<UL><LI>Max Depth = 32<LI>Call Chain = Close_CO2_Paiqi &rArr; GAS_PUB_Closed &rArr; TIM6Delay_f &rArr; TIMx_Enable
</UL>
<BR>[Calls]<UL><LI><a href="#[aa]">&gt;&gt;</a>&nbsp;&nbsp;&nbsp;Delay100ms
<LI><a href="#[91]">&gt;&gt;</a>&nbsp;&nbsp;&nbsp;GAS_PUB_Closed
<LI><a href="#[c9]">&gt;&gt;</a>&nbsp;&nbsp;&nbsp;EV_Close
</UL>
<BR>[Called By]<UL><LI><a href="#[c0]">&gt;&gt;</a>&nbsp;&nbsp;&nbsp;Paiqi_RR_PROM
<LI><a href="#[bf]">&gt;&gt;</a>&nbsp;&nbsp;&nbsp;Celiang_ZhunBeiNew
<LI><a href="#[b5]">&gt;&gt;</a>&nbsp;&nbsp;&nbsp;CO2_Cal_Pro
</UL>

<P><STRONG><a name="[d7]"></a>Curve_PROM</STRONG> (Thumb, 3146 bytes, Stack size 168 bytes, measurement.o(i.Curve_PROM))
<BR><BR>[Stack]<UL><LI>Max Depth = 1824<LI>Call Chain = Curve_PROM &rArr; RUN_Program &rArr; SD_SAVE &rArr; f_open &rArr; dir_register &rArr; dir_find &rArr; dir_next &rArr; create_chain &rArr; put_fat &rArr; move_window &rArr; sync_window &rArr; disk_write &rArr;  disk_write (Cycle)
</UL>
<BR>[Calls]<UL><LI><a href="#[97]">&gt;&gt;</a>&nbsp;&nbsp;&nbsp;Delay1ms
<LI><a href="#[ba]">&gt;&gt;</a>&nbsp;&nbsp;&nbsp;LcmWriteCommandWith2Par
<LI><a href="#[bb]">&gt;&gt;</a>&nbsp;&nbsp;&nbsp;LcmWriteCommand
<LI><a href="#[ab]">&gt;&gt;</a>&nbsp;&nbsp;&nbsp;LcmClear
<LI><a href="#[ac]">&gt;&gt;</a>&nbsp;&nbsp;&nbsp;ShowString
<LI><a href="#[b7]">&gt;&gt;</a>&nbsp;&nbsp;&nbsp;Num2StrI
<LI><a href="#[ad]">&gt;&gt;</a>&nbsp;&nbsp;&nbsp;__aeabi_f2d
<LI><a href="#[e1]">&gt;&gt;</a>&nbsp;&nbsp;&nbsp;RUN_Program
<LI><a href="#[9b]">&gt;&gt;</a>&nbsp;&nbsp;&nbsp;BME280_ReadPTH
<LI><a href="#[67]">&gt;&gt;</a>&nbsp;&nbsp;&nbsp;__aeabi_i2d
<LI><a href="#[64]">&gt;&gt;</a>&nbsp;&nbsp;&nbsp;__aeabi_ddiv
<LI><a href="#[6b]">&gt;&gt;</a>&nbsp;&nbsp;&nbsp;__aeabi_d2f
<LI><a href="#[b4]">&gt;&gt;</a>&nbsp;&nbsp;&nbsp;ee_WriteBytes
<LI><a href="#[66]">&gt;&gt;</a>&nbsp;&nbsp;&nbsp;__aeabi_ui2f
<LI><a href="#[5b]">&gt;&gt;</a>&nbsp;&nbsp;&nbsp;__aeabi_fdiv
<LI><a href="#[b3]">&gt;&gt;</a>&nbsp;&nbsp;&nbsp;is_gasbag_exit
<LI><a href="#[8e]">&gt;&gt;</a>&nbsp;&nbsp;&nbsp;BEEP_DOING
<LI><a href="#[70]">&gt;&gt;</a>&nbsp;&nbsp;&nbsp;ADC
<LI><a href="#[68]">&gt;&gt;</a>&nbsp;&nbsp;&nbsp;__aeabi_ui2d
<LI><a href="#[b2]">&gt;&gt;</a>&nbsp;&nbsp;&nbsp;framedisplayRrror
<LI><a href="#[d8]">&gt;&gt;</a>&nbsp;&nbsp;&nbsp;framdisplayCurve
<LI><a href="#[65]">&gt;&gt;</a>&nbsp;&nbsp;&nbsp;__aeabi_i2f
<LI><a href="#[5a]">&gt;&gt;</a>&nbsp;&nbsp;&nbsp;__aeabi_frsub
<LI><a href="#[df]">&gt;&gt;</a>&nbsp;&nbsp;&nbsp;__aeabi_fmul
<LI><a href="#[56]">&gt;&gt;</a>&nbsp;&nbsp;&nbsp;__aeabi_fadd
<LI><a href="#[e0]">&gt;&gt;</a>&nbsp;&nbsp;&nbsp;__aeabi_f2uiz
<LI><a href="#[63]">&gt;&gt;</a>&nbsp;&nbsp;&nbsp;__aeabi_dmul
<LI><a href="#[69]">&gt;&gt;</a>&nbsp;&nbsp;&nbsp;__aeabi_d2uiz
<LI><a href="#[b8]">&gt;&gt;</a>&nbsp;&nbsp;&nbsp;__aeabi_cdrcmple
<LI><a href="#[ae]">&gt;&gt;</a>&nbsp;&nbsp;&nbsp;__aeabi_cdcmple
<LI><a href="#[be]">&gt;&gt;</a>&nbsp;&nbsp;&nbsp;Purge_Cylinder
<LI><a href="#[dc]">&gt;&gt;</a>&nbsp;&nbsp;&nbsp;Paiqi_R_PROM
<LI><a href="#[c0]">&gt;&gt;</a>&nbsp;&nbsp;&nbsp;Paiqi_RR_PROM
<LI><a href="#[dd]">&gt;&gt;</a>&nbsp;&nbsp;&nbsp;Paiqi_RRR_PROM
<LI><a href="#[d9]">&gt;&gt;</a>&nbsp;&nbsp;&nbsp;DaoQi_Z
<LI><a href="#[da]">&gt;&gt;</a>&nbsp;&nbsp;&nbsp;DaoQi_Y
<LI><a href="#[db]">&gt;&gt;</a>&nbsp;&nbsp;&nbsp;DaoQi_B
<LI><a href="#[c2]">&gt;&gt;</a>&nbsp;&nbsp;&nbsp;Daiji
<LI><a href="#[ca]">&gt;&gt;</a>&nbsp;&nbsp;&nbsp;Chou_YGas
<LI><a href="#[c5]">&gt;&gt;</a>&nbsp;&nbsp;&nbsp;Chou_BGas
<LI><a href="#[bf]">&gt;&gt;</a>&nbsp;&nbsp;&nbsp;Celiang_ZhunBeiNew
<LI><a href="#[de]">&gt;&gt;</a>&nbsp;&nbsp;&nbsp;StandardDeviation
<LI><a href="#[bc]">&gt;&gt;</a>&nbsp;&nbsp;&nbsp;__2printf
</UL>
<BR>[Called By]<UL><LI><a href="#[46]">&gt;&gt;</a>&nbsp;&nbsp;&nbsp;main
</UL>

<P><STRONG><a name="[174]"></a>DMA_ClearFlag</STRONG> (Thumb, 18 bytes, Stack size 0 bytes, stm32f10x_dma.o(i.DMA_ClearFlag))
<BR><BR>[Called By]<UL><LI><a href="#[177]">&gt;&gt;</a>&nbsp;&nbsp;&nbsp;SD_DMA_TxConfig
<LI><a href="#[173]">&gt;&gt;</a>&nbsp;&nbsp;&nbsp;SD_DMA_RxConfig
</UL>

<P><STRONG><a name="[175]"></a>DMA_Cmd</STRONG> (Thumb, 24 bytes, Stack size 0 bytes, stm32f10x_dma.o(i.DMA_Cmd))
<BR><BR>[Called By]<UL><LI><a href="#[177]">&gt;&gt;</a>&nbsp;&nbsp;&nbsp;SD_DMA_TxConfig
<LI><a href="#[173]">&gt;&gt;</a>&nbsp;&nbsp;&nbsp;SD_DMA_RxConfig
</UL>

<P><STRONG><a name="[172]"></a>DMA_GetFlagStatus</STRONG> (Thumb, 36 bytes, Stack size 0 bytes, stm32f10x_dma.o(i.DMA_GetFlagStatus))
<BR><BR>[Called By]<UL><LI><a href="#[171]">&gt;&gt;</a>&nbsp;&nbsp;&nbsp;SD_DMAEndOfTransferStatus
</UL>

<P><STRONG><a name="[176]"></a>DMA_Init</STRONG> (Thumb, 60 bytes, Stack size 8 bytes, stm32f10x_dma.o(i.DMA_Init))
<BR><BR>[Stack]<UL><LI>Max Depth = 8<LI>Call Chain = DMA_Init
</UL>
<BR>[Called By]<UL><LI><a href="#[177]">&gt;&gt;</a>&nbsp;&nbsp;&nbsp;SD_DMA_TxConfig
<LI><a href="#[173]">&gt;&gt;</a>&nbsp;&nbsp;&nbsp;SD_DMA_RxConfig
</UL>

<P><STRONG><a name="[c2]"></a>Daiji</STRONG> (Thumb, 74 bytes, Stack size 16 bytes, gasroad.o(i.Daiji))
<BR><BR>[Stack]<UL><LI>Max Depth = 88<LI>Call Chain = Daiji &rArr; framedisplay_ok &rArr; ShowString &rArr; ShowChar &rArr; LocateXY &rArr; LcmWriteCommandWith2Par
</UL>
<BR>[Calls]<UL><LI><a href="#[e2]">&gt;&gt;</a>&nbsp;&nbsp;&nbsp;TIM_Cmd
<LI><a href="#[ac]">&gt;&gt;</a>&nbsp;&nbsp;&nbsp;ShowString
<LI><a href="#[b7]">&gt;&gt;</a>&nbsp;&nbsp;&nbsp;Num2StrI
<LI><a href="#[e3]">&gt;&gt;</a>&nbsp;&nbsp;&nbsp;framedisplay_ok
</UL>
<BR>[Called By]<UL><LI><a href="#[e1]">&gt;&gt;</a>&nbsp;&nbsp;&nbsp;RUN_Program
<LI><a href="#[14c]">&gt;&gt;</a>&nbsp;&nbsp;&nbsp;QC_PROM
<LI><a href="#[d7]">&gt;&gt;</a>&nbsp;&nbsp;&nbsp;Curve_PROM
<LI><a href="#[dc]">&gt;&gt;</a>&nbsp;&nbsp;&nbsp;Paiqi_R_PROM
<LI><a href="#[c0]">&gt;&gt;</a>&nbsp;&nbsp;&nbsp;Paiqi_RR_PROM
<LI><a href="#[dd]">&gt;&gt;</a>&nbsp;&nbsp;&nbsp;Paiqi_RRR_PROM
<LI><a href="#[d9]">&gt;&gt;</a>&nbsp;&nbsp;&nbsp;DaoQi_Z
<LI><a href="#[bf]">&gt;&gt;</a>&nbsp;&nbsp;&nbsp;Celiang_ZhunBeiNew
<LI><a href="#[b5]">&gt;&gt;</a>&nbsp;&nbsp;&nbsp;CO2_Cal_Pro
</UL>

<P><STRONG><a name="[db]"></a>DaoQi_B</STRONG> (Thumb, 108 bytes, Stack size 8 bytes, gasroad.o(i.DaoQi_B))
<BR><BR>[Stack]<UL><LI>Max Depth = 32<LI>Call Chain = DaoQi_B &rArr; Motor1Stop &rArr; TIM6Delay_f &rArr; TIMx_Enable
</UL>
<BR>[Calls]<UL><LI><a href="#[aa]">&gt;&gt;</a>&nbsp;&nbsp;&nbsp;Delay100ms
<LI><a href="#[8c]">&gt;&gt;</a>&nbsp;&nbsp;&nbsp;GPIO_ReadInputDataBit
<LI><a href="#[c8]">&gt;&gt;</a>&nbsp;&nbsp;&nbsp;Motor1Stop
<LI><a href="#[c7]">&gt;&gt;</a>&nbsp;&nbsp;&nbsp;Motor1Start
<LI><a href="#[c6]">&gt;&gt;</a>&nbsp;&nbsp;&nbsp;EV_Open
<LI><a href="#[c9]">&gt;&gt;</a>&nbsp;&nbsp;&nbsp;EV_Close
</UL>
<BR>[Called By]<UL><LI><a href="#[e1]">&gt;&gt;</a>&nbsp;&nbsp;&nbsp;RUN_Program
<LI><a href="#[14c]">&gt;&gt;</a>&nbsp;&nbsp;&nbsp;QC_PROM
<LI><a href="#[d7]">&gt;&gt;</a>&nbsp;&nbsp;&nbsp;Curve_PROM
</UL>

<P><STRONG><a name="[da]"></a>DaoQi_Y</STRONG> (Thumb, 108 bytes, Stack size 8 bytes, gasroad.o(i.DaoQi_Y))
<BR><BR>[Stack]<UL><LI>Max Depth = 32<LI>Call Chain = DaoQi_Y &rArr; Motor1Stop &rArr; TIM6Delay_f &rArr; TIMx_Enable
</UL>
<BR>[Calls]<UL><LI><a href="#[aa]">&gt;&gt;</a>&nbsp;&nbsp;&nbsp;Delay100ms
<LI><a href="#[8c]">&gt;&gt;</a>&nbsp;&nbsp;&nbsp;GPIO_ReadInputDataBit
<LI><a href="#[c8]">&gt;&gt;</a>&nbsp;&nbsp;&nbsp;Motor1Stop
<LI><a href="#[c7]">&gt;&gt;</a>&nbsp;&nbsp;&nbsp;Motor1Start
<LI><a href="#[c6]">&gt;&gt;</a>&nbsp;&nbsp;&nbsp;EV_Open
<LI><a href="#[c9]">&gt;&gt;</a>&nbsp;&nbsp;&nbsp;EV_Close
</UL>
<BR>[Called By]<UL><LI><a href="#[e1]">&gt;&gt;</a>&nbsp;&nbsp;&nbsp;RUN_Program
<LI><a href="#[14c]">&gt;&gt;</a>&nbsp;&nbsp;&nbsp;QC_PROM
<LI><a href="#[d7]">&gt;&gt;</a>&nbsp;&nbsp;&nbsp;Curve_PROM
</UL>

<P><STRONG><a name="[d9]"></a>DaoQi_Z</STRONG> (Thumb, 68 bytes, Stack size 8 bytes, gasroad.o(i.DaoQi_Z))
[...]
<LI><a href="#[1f6]">&gt;&gt;</a>&nbsp;&nbsp;&nbsp;i2c_ReadByte
<LI><a href="#[1f8]">&gt;&gt;</a>&nbsp;&nbsp;&nbsp;i2c_NAck
<LI><a href="#[1f7]">&gt;&gt;</a>&nbsp;&nbsp;&nbsp;i2c_Ack
</UL>

<P><STRONG><a name="[1ab]"></a>bsp_SoftTimerDec</STRONG> (Thumb, 22 bytes, Stack size 0 bytes, systick.o(i.bsp_SoftTimerDec))
<BR><BR>[Called By]<UL><LI><a href="#[1aa]">&gt;&gt;</a>&nbsp;&nbsp;&nbsp;SysTick_ISR
</UL>

<P><STRONG><a name="[78]"></a>ADC1_2_NVIC_Config</STRONG> (Thumb, 34 bytes, Stack size 8 bytes, adc.o(i.ADC1_2_NVIC_Config))
<BR><BR>[Stack]<UL><LI>Max Depth = 24<LI>Call Chain = ADC1_2_NVIC_Config &rArr; NVIC_Init
</UL>
<BR>[Calls]<UL><LI><a href="#[79]">&gt;&gt;</a>&nbsp;&nbsp;&nbsp;NVIC_Init
</UL>
<BR>[Called By]<UL><LI><a href="#[74]">&gt;&gt;</a>&nbsp;&nbsp;&nbsp;ADC2_Config
</UL>

<P><STRONG><a name="[74]"></a>ADC2_Config</STRONG> (Thumb, 132 bytes, Stack size 24 bytes, adc.o(i.ADC2_Config))
<BR><BR>[Stack]<UL><LI>Max Depth = 48<LI>Call Chain = ADC2_Config &rArr; ADC1_2_NVIC_Config &rArr; NVIC_Init
</UL>
<BR>[Calls]<UL><LI><a href="#[7f]">&gt;&gt;</a>&nbsp;&nbsp;&nbsp;ADC_StartCalibration
<LI><a href="#[83]">&gt;&gt;</a>&nbsp;&nbsp;&nbsp;ADC_SoftwareStartConvCmd
<LI><a href="#[7d]">&gt;&gt;</a>&nbsp;&nbsp;&nbsp;ADC_ResetCalibration
<LI><a href="#[7b]">&gt;&gt;</a>&nbsp;&nbsp;&nbsp;ADC_RegularChannelConfig
<LI><a href="#[7a]">&gt;&gt;</a>&nbsp;&nbsp;&nbsp;ADC_Init
<LI><a href="#[82]">&gt;&gt;</a>&nbsp;&nbsp;&nbsp;ADC_ITConfig
<LI><a href="#[7e]">&gt;&gt;</a>&nbsp;&nbsp;&nbsp;ADC_GetResetCalibrationStatus
<LI><a href="#[80]">&gt;&gt;</a>&nbsp;&nbsp;&nbsp;ADC_GetCalibrationStatus
<LI><a href="#[7c]">&gt;&gt;</a>&nbsp;&nbsp;&nbsp;ADC_Cmd
<LI><a href="#[81]">&gt;&gt;</a>&nbsp;&nbsp;&nbsp;ADC_ClearFlag
<LI><a href="#[78]">&gt;&gt;</a>&nbsp;&nbsp;&nbsp;ADC1_2_NVIC_Config
</UL>
<BR>[Called By]<UL><LI><a href="#[72]">&gt;&gt;</a>&nbsp;&nbsp;&nbsp;ADC123_Init
</UL>

<P><STRONG><a name="[73]"></a>ADC_GPIO_Config</STRONG> (Thumb, 70 bytes, Stack size 8 bytes, adc.o(i.ADC_GPIO_Config))
<BR><BR>[Stack]<UL><LI>Max Depth = 32<LI>Call Chain = ADC_GPIO_Config &rArr; GPIO_Init
</UL>
<BR>[Calls]<UL><LI><a href="#[88]">&gt;&gt;</a>&nbsp;&nbsp;&nbsp;RCC_APB2PeriphClockCmd
<LI><a href="#[87]">&gt;&gt;</a>&nbsp;&nbsp;&nbsp;RCC_AHBPeriphClockCmd
<LI><a href="#[89]">&gt;&gt;</a>&nbsp;&nbsp;&nbsp;GPIO_Init
<LI><a href="#[86]">&gt;&gt;</a>&nbsp;&nbsp;&nbsp;RCC_ADCCLKConfig
</UL>
<BR>[Called By]<UL><LI><a href="#[72]">&gt;&gt;</a>&nbsp;&nbsp;&nbsp;ADC123_Init
</UL>

<P><STRONG><a name="[194]"></a>SetSysClock</STRONG> (Thumb, 8 bytes, Stack size 8 bytes, system_stm32f10x.o(i.SetSysClock))
<BR><BR>[Stack]<UL><LI>Max Depth = 20<LI>Call Chain = SetSysClock &rArr; SetSysClockTo72
</UL>
<BR>[Calls]<UL><LI><a href="#[195]">&gt;&gt;</a>&nbsp;&nbsp;&nbsp;SetSysClockTo72
</UL>
<BR>[Called By]<UL><LI><a href="#[47]">&gt;&gt;</a>&nbsp;&nbsp;&nbsp;SystemInit
</UL>

<P><STRONG><a name="[195]"></a>SetSysClockTo72</STRONG> (Thumb, 214 bytes, Stack size 12 bytes, system_stm32f10x.o(i.SetSysClockTo72))
<BR><BR>[Stack]<UL><LI>Max Depth = 12<LI>Call Chain = SetSysClockTo72
</UL>
<BR>[Called By]<UL><LI><a href="#[194]">&gt;&gt;</a>&nbsp;&nbsp;&nbsp;SetSysClock
</UL>

<P><STRONG><a name="[1d7]"></a>check_fs</STRONG> (Thumb, 140 bytes, Stack size 16 bytes, ff.o(i.check_fs))
<BR><BR>[Stack]<UL><LI>Max Depth = 696<LI>Call Chain = check_fs &rArr; move_window &rArr; sync_window &rArr; disk_write &rArr;  disk_write (Cycle)
</UL>
<BR>[Calls]<UL><LI><a href="#[1d8]">&gt;&gt;</a>&nbsp;&nbsp;&nbsp;move_window
</UL>
<BR>[Called By]<UL><LI><a href="#[1fc]">&gt;&gt;</a>&nbsp;&nbsp;&nbsp;find_volume
</UL>

<P><STRONG><a name="[1e0]"></a>chk_chr</STRONG> (Thumb, 20 bytes, Stack size 0 bytes, ff.o(i.chk_chr))
<BR><BR>[Called By]<UL><LI><a href="#[1de]">&gt;&gt;</a>&nbsp;&nbsp;&nbsp;create_name
</UL>

<P><STRONG><a name="[1d9]"></a>cmp_lfn</STRONG> (Thumb, 154 bytes, Stack size 32 bytes, ff.o(i.cmp_lfn))
<BR><BR>[Stack]<UL><LI>Max Depth = 44<LI>Call Chain = cmp_lfn &rArr; ff_wtoupper
</UL>
<BR>[Calls]<UL><LI><a href="#[1da]">&gt;&gt;</a>&nbsp;&nbsp;&nbsp;ff_wtoupper
</UL>
<BR>[Called By]<UL><LI><a href="#[1e5]">&gt;&gt;</a>&nbsp;&nbsp;&nbsp;dir_find
</UL>

<P><STRONG><a name="[1db]"></a>create_chain</STRONG> (Thumb, 214 bytes, Stack size 32 bytes, ff.o(i.create_chain))
<BR><BR>[Stack]<UL><LI>Max Depth = 752<LI>Call Chain = create_chain &rArr; put_fat &rArr; move_window &rArr; sync_window &rArr; disk_write &rArr;  disk_write (Cycle)
</UL>
<BR>[Calls]<UL><LI><a href="#[1dd]">&gt;&gt;</a>&nbsp;&nbsp;&nbsp;put_fat
<LI><a href="#[1dc]">&gt;&gt;</a>&nbsp;&nbsp;&nbsp;get_fat
</UL>
<BR>[Called By]<UL><LI><a href="#[18f]">&gt;&gt;</a>&nbsp;&nbsp;&nbsp;f_write
<LI><a href="#[18e]">&gt;&gt;</a>&nbsp;&nbsp;&nbsp;f_lseek
<LI><a href="#[1e4]">&gt;&gt;</a>&nbsp;&nbsp;&nbsp;dir_next
</UL>

<P><STRONG><a name="[1de]"></a>create_name</STRONG> (Thumb, 604 bytes, Stack size 56 bytes, ff.o(i.create_name))
<BR><BR>[Stack]<UL><LI>Max Depth = 80<LI>Call Chain = create_name &rArr; ff_convert
</UL>
<BR>[Calls]<UL><LI><a href="#[1da]">&gt;&gt;</a>&nbsp;&nbsp;&nbsp;ff_wtoupper
<LI><a href="#[1df]">&gt;&gt;</a>&nbsp;&nbsp;&nbsp;ff_convert
<LI><a href="#[1e1]">&gt;&gt;</a>&nbsp;&nbsp;&nbsp;mem_set
<LI><a href="#[1e0]">&gt;&gt;</a>&nbsp;&nbsp;&nbsp;chk_chr
</UL>
<BR>[Called By]<UL><LI><a href="#[1fd]">&gt;&gt;</a>&nbsp;&nbsp;&nbsp;follow_path
</UL>

<P><STRONG><a name="[1e2]"></a>dir_alloc</STRONG> (Thumb, 92 bytes, Stack size 24 bytes, ff.o(i.dir_alloc))
<BR><BR>[Stack]<UL><LI>Max Depth = 800<LI>Call Chain = dir_alloc &rArr; dir_next &rArr; create_chain &rArr; put_fat &rArr; move_window &rArr; sync_window &rArr; disk_write &rArr;  disk_write (Cycle)
</UL>
<BR>[Calls]<UL><LI><a href="#[1d8]">&gt;&gt;</a>&nbsp;&nbsp;&nbsp;move_window
<LI><a href="#[1e3]">&gt;&gt;</a>&nbsp;&nbsp;&nbsp;dir_sdi
<LI><a href="#[1e4]">&gt;&gt;</a>&nbsp;&nbsp;&nbsp;dir_next
</UL>
<BR>[Called By]<UL><LI><a href="#[1ea]">&gt;&gt;</a>&nbsp;&nbsp;&nbsp;dir_register
</UL>

<P><STRONG><a name="[1e5]"></a>dir_find</STRONG> (Thumb, 234 bytes, Stack size 32 bytes, ff.o(i.dir_find))
<BR><BR>[Stack]<UL><LI>Max Depth = 808<LI>Call Chain = dir_find &rArr; dir_next &rArr; create_chain &rArr; put_fat &rArr; move_window &rArr; sync_window &rArr; disk_write &rArr;  disk_write (Cycle)
</UL>
<BR>[Calls]<UL><LI><a href="#[1e6]">&gt;&gt;</a>&nbsp;&nbsp;&nbsp;sum_sfn
<LI><a href="#[1d8]">&gt;&gt;</a>&nbsp;&nbsp;&nbsp;move_window
<LI><a href="#[1e7]">&gt;&gt;</a>&nbsp;&nbsp;&nbsp;mem_cmp
<LI><a href="#[1e3]">&gt;&gt;</a>&nbsp;&nbsp;&nbsp;dir_sdi
<LI><a href="#[1e4]">&gt;&gt;</a>&nbsp;&nbsp;&nbsp;dir_next
<LI><a href="#[1d9]">&gt;&gt;</a>&nbsp;&nbsp;&nbsp;cmp_lfn
</UL>
<BR>[Called By]<UL><LI><a href="#[1fd]">&gt;&gt;</a>&nbsp;&nbsp;&nbsp;follow_path
<LI><a href="#[1ea]">&gt;&gt;</a>&nbsp;&nbsp;&nbsp;dir_register
</UL>

<P><STRONG><a name="[1e4]"></a>dir_next</STRONG> (Thumb, 314 bytes, Stack size 24 bytes, ff.o(i.dir_next))
<BR><BR>[Stack]<UL><LI>Max Depth = 776<LI>Call Chain = dir_next &rArr; create_chain &rArr; put_fat &rArr; move_window &rArr; sync_window &rArr; disk_write &rArr;  disk_write (Cycle)
</UL>
<BR>[Calls]<UL><LI><a href="#[1dc]">&gt;&gt;</a>&nbsp;&nbsp;&nbsp;get_fat
<LI><a href="#[1e9]">&gt;&gt;</a>&nbsp;&nbsp;&nbsp;clust2sect
<LI><a href="#[1e8]">&gt;&gt;</a>&nbsp;&nbsp;&nbsp;sync_window
<LI><a href="#[1e1]">&gt;&gt;</a>&nbsp;&nbsp;&nbsp;mem_set
<LI><a href="#[1db]">&gt;&gt;</a>&nbsp;&nbsp;&nbsp;create_chain
</UL>
<BR>[Called By]<UL><LI><a href="#[1ea]">&gt;&gt;</a>&nbsp;&nbsp;&nbsp;dir_register
<LI><a href="#[1e5]">&gt;&gt;</a>&nbsp;&nbsp;&nbsp;dir_find
<LI><a href="#[1e2]">&gt;&gt;</a>&nbsp;&nbsp;&nbsp;dir_alloc
</UL>

<P><STRONG><a name="[1ea]"></a>dir_register</STRONG> (Thumb, 298 bytes, Stack size 48 bytes, ff.o(i.dir_register))
<BR><BR>[Stack]<UL><LI>Max Depth = 856<LI>Call Chain = dir_register &rArr; dir_find &rArr; dir_next &rArr; create_chain &rArr; put_fat &rArr; move_window &rArr; sync_window &rArr; disk_write &rArr;  disk_write (Cycle)
</UL>
<BR>[Calls]<UL><LI><a href="#[1e6]">&gt;&gt;</a>&nbsp;&nbsp;&nbsp;sum_sfn
<LI><a href="#[1d8]">&gt;&gt;</a>&nbsp;&nbsp;&nbsp;move_window
<LI><a href="#[1e1]">&gt;&gt;</a>&nbsp;&nbsp;&nbsp;mem_set
<LI><a href="#[1eb]">&gt;&gt;</a>&nbsp;&nbsp;&nbsp;mem_cpy
<LI><a href="#[1ec]">&gt;&gt;</a>&nbsp;&nbsp;&nbsp;gen_numname
<LI><a href="#[1ed]">&gt;&gt;</a>&nbsp;&nbsp;&nbsp;fit_lfn
<LI><a href="#[1e3]">&gt;&gt;</a>&nbsp;&nbsp;&nbsp;dir_sdi
<LI><a href="#[1e4]">&gt;&gt;</a>&nbsp;&nbsp;&nbsp;dir_next
<LI><a href="#[1e5]">&gt;&gt;</a>&nbsp;&nbsp;&nbsp;dir_find
<LI><a href="#[1e2]">&gt;&gt;</a>&nbsp;&nbsp;&nbsp;dir_alloc
</UL>
<BR>[Called By]<UL><LI><a href="#[18b]">&gt;&gt;</a>&nbsp;&nbsp;&nbsp;f_open
</UL>

<P><STRONG><a name="[1e3]"></a>dir_sdi</STRONG> (Thumb, 200 bytes, Stack size 24 bytes, ff.o(i.dir_sdi))
<BR><BR>[Stack]<UL><LI>Max Depth = 744<LI>Call Chain = dir_sdi &rArr; get_fat &rArr; move_window &rArr; sync_window &rArr; disk_write &rArr;  disk_write (Cycle)
</UL>
<BR>[Calls]<UL><LI><a href="#[1dc]">&gt;&gt;</a>&nbsp;&nbsp;&nbsp;get_fat
<LI><a href="#[1e9]">&gt;&gt;</a>&nbsp;&nbsp;&nbsp;clust2sect
</UL>
<BR>[Called By]<UL><LI><a href="#[1fd]">&gt;&gt;</a>&nbsp;&nbsp;&nbsp;follow_path
<LI><a href="#[1ea]">&gt;&gt;</a>&nbsp;&nbsp;&nbsp;dir_register
<LI><a href="#[1e5]">&gt;&gt;</a>&nbsp;&nbsp;&nbsp;dir_find
<LI><a href="#[1e2]">&gt;&gt;</a>&nbsp;&nbsp;&nbsp;dir_alloc
</UL>

<P><STRONG><a name="[1fc]"></a>find_volume</STRONG> (Thumb, 966 bytes, Stack size 88 bytes, ff.o(i.find_volume))
<BR><BR>[Stack]<UL><LI>Max Depth = 784<LI>Call Chain = find_volume &rArr; check_fs &rArr; move_window &rArr; sync_window &rArr; disk_write &rArr;  disk_write (Cycle)
</UL>
<BR>[Calls]<UL><LI><a href="#[203]">&gt;&gt;</a>&nbsp;&nbsp;&nbsp;disk_status
<LI><a href="#[204]">&gt;&gt;</a>&nbsp;&nbsp;&nbsp;disk_ioctl
<LI><a href="#[1ee]">&gt;&gt;</a>&nbsp;&nbsp;&nbsp;disk_initialize
<LI><a href="#[1d8]">&gt;&gt;</a>&nbsp;&nbsp;&nbsp;move_window
<LI><a href="#[1fb]">&gt;&gt;</a>&nbsp;&nbsp;&nbsp;get_ldnumber
<LI><a href="#[1d7]">&gt;&gt;</a>&nbsp;&nbsp;&nbsp;check_fs
</UL>
<BR>[Called By]<UL><LI><a href="#[18b]">&gt;&gt;</a>&nbsp;&nbsp;&nbsp;f_open
<LI><a href="#[18a]">&gt;&gt;</a>&nbsp;&nbsp;&nbsp;f_mount
</UL>

<P><STRONG><a name="[1ed]"></a>fit_lfn</STRONG> (Thumb, 122 bytes, Stack size 20 bytes, ff.o(i.fit_lfn))
<BR><BR>[Stack]<UL><LI>Max Depth = 20<LI>Call Chain = fit_lfn
</UL>
<BR>[Called By]<UL><LI><a href="#[1ea]">&gt;&gt;</a>&nbsp;&nbsp;&nbsp;dir_register
</UL>

<P><STRONG><a name="[1fd]"></a>follow_path</STRONG> (Thumb, 144 bytes, Stack size 32 bytes, ff.o(i.follow_path))
<BR><BR>[Stack]<UL><LI>Max Depth = 840<LI>Call Chain = follow_path &rArr; dir_find &rArr; dir_next &rArr; create_chain &rArr; put_fat &rArr; move_window &rArr; sync_window &rArr; disk_write &rArr;  disk_write (Cycle)
</UL>
<BR>[Calls]<UL><LI><a href="#[1ff]">&gt;&gt;</a>&nbsp;&nbsp;&nbsp;ld_clust
<LI><a href="#[1e3]">&gt;&gt;</a>&nbsp;&nbsp;&nbsp;dir_sdi
<LI><a href="#[1e5]">&gt;&gt;</a>&nbsp;&nbsp;&nbsp;dir_find
<LI><a href="#[1de]">&gt;&gt;</a>&nbsp;&nbsp;&nbsp;create_name
</UL>
<BR>[Called By]<UL><LI><a href="#[18b]">&gt;&gt;</a>&nbsp;&nbsp;&nbsp;f_open
</UL>

<P><STRONG><a name="[1ec]"></a>gen_numname</STRONG> (Thumb, 198 bytes, Stack size 64 bytes, ff.o(i.gen_numname))
<BR><BR>[Stack]<UL><LI>Max Depth = 80<LI>Call Chain = gen_numname &rArr; mem_cpy
</UL>
<BR>[Calls]<UL><LI><a href="#[1eb]">&gt;&gt;</a>&nbsp;&nbsp;&nbsp;mem_cpy
</UL>
<BR>[Called By]<UL><LI><a href="#[1ea]">&gt;&gt;</a>&nbsp;&nbsp;&nbsp;dir_register
</UL>

<P><STRONG><a name="[1fb]"></a>get_ldnumber</STRONG> (Thumb, 74 bytes, Stack size 16 bytes, ff.o(i.get_ldnumber))
<BR><BR>[Stack]<UL><LI>Max Depth = 16<LI>Call Chain = get_ldnumber
</UL>
<BR>[Called By]<UL><LI><a href="#[18a]">&gt;&gt;</a>&nbsp;&nbsp;&nbsp;f_mount
<LI><a href="#[1fc]">&gt;&gt;</a>&nbsp;&nbsp;&nbsp;find_volume
</UL>

<P><STRONG><a name="[1ff]"></a>ld_clust</STRONG> (Thumb, 32 bytes, Stack size 8 bytes, ff.o(i.ld_clust))
<BR><BR>[Stack]<UL><LI>Max Depth = 8<LI>Call Chain = ld_clust
</UL>
<BR>[Called By]<UL><LI><a href="#[18b]">&gt;&gt;</a>&nbsp;&nbsp;&nbsp;f_open
<LI><a href="#[1fd]">&gt;&gt;</a>&nbsp;&nbsp;&nbsp;follow_path
</UL>

<P><STRONG><a name="[1e7]"></a>mem_cmp</STRONG> (Thumb, 38 bytes, Stack size 20 bytes, ff.o(i.mem_cmp))
<BR><BR>[Stack]<UL><LI>Max Depth = 20<LI>Call Chain = mem_cmp
</UL>
<BR>[Called By]<UL><LI><a href="#[1e5]">&gt;&gt;</a>&nbsp;&nbsp;&nbsp;dir_find
</UL>

<P><STRONG><a name="[1eb]"></a>mem_cpy</STRONG> (Thumb, 26 bytes, Stack size 16 bytes, ff.o(i.mem_cpy))
<BR><BR>[Stack]<UL><LI>Max Depth = 16<LI>Call Chain = mem_cpy
</UL>
<BR>[Called By]<UL><LI><a href="#[18f]">&gt;&gt;</a>&nbsp;&nbsp;&nbsp;f_write
<LI><a href="#[1ec]">&gt;&gt;</a>&nbsp;&nbsp;&nbsp;gen_numname
<LI><a href="#[1ea]">&gt;&gt;</a>&nbsp;&nbsp;&nbsp;dir_register
</UL>

<P><STRONG><a name="[1e1]"></a>mem_set</STRONG> (Thumb, 20 bytes, Stack size 12 bytes, ff.o(i.mem_set))
<BR><BR>[Stack]<UL><LI>Max Depth = 12<LI>Call Chain = mem_set
</UL>
<BR>[Called By]<UL><LI><a href="#[202]">&gt;&gt;</a>&nbsp;&nbsp;&nbsp;sync_fs
<LI><a href="#[1ea]">&gt;&gt;</a>&nbsp;&nbsp;&nbsp;dir_register
<LI><a href="#[1e4]">&gt;&gt;</a>&nbsp;&nbsp;&nbsp;dir_next
<LI><a href="#[1de]">&gt;&gt;</a>&nbsp;&nbsp;&nbsp;create_name
</UL>

<P><STRONG><a name="[1d8]"></a>move_window</STRONG> (Thumb, 52 bytes, Stack size 16 bytes, ff.o(i.move_window))
<BR><BR>[Stack]<UL><LI>Max Depth = 680<LI>Call Chain = move_window &rArr; sync_window &rArr; disk_write &rArr;  disk_write (Cycle)
</UL>
<BR>[Calls]<UL><LI><a href="#[1ef]">&gt;&gt;</a>&nbsp;&nbsp;&nbsp;disk_read
<LI><a href="#[1e8]">&gt;&gt;</a>&nbsp;&nbsp;&nbsp;sync_window
</UL>
<BR>[Called By]<UL><LI><a href="#[18b]">&gt;&gt;</a>&nbsp;&nbsp;&nbsp;f_open
<LI><a href="#[1dd]">&gt;&gt;</a>&nbsp;&nbsp;&nbsp;put_fat
<LI><a href="#[1dc]">&gt;&gt;</a>&nbsp;&nbsp;&nbsp;get_fat
<LI><a href="#[1f9]">&gt;&gt;</a>&nbsp;&nbsp;&nbsp;f_sync
<LI><a href="#[1fc]">&gt;&gt;</a>&nbsp;&nbsp;&nbsp;find_volume
<LI><a href="#[1ea]">&gt;&gt;</a>&nbsp;&nbsp;&nbsp;dir_register
<LI><a href="#[1e5]">&gt;&gt;</a>&nbsp;&nbsp;&nbsp;dir_find
<LI><a href="#[1e2]">&gt;&gt;</a>&nbsp;&nbsp;&nbsp;dir_alloc
<LI><a href="#[1d7]">&gt;&gt;</a>&nbsp;&nbsp;&nbsp;check_fs
</UL>

<P><STRONG><a name="[201]"></a>remove_chain</STRONG> (Thumb, 108 bytes, Stack size 24 bytes, ff.o(i.remove_chain))
<BR><BR>[Stack]<UL><LI>Max Depth = 744<LI>Call Chain = remove_chain &rArr; put_fat &rArr; move_window &rArr; sync_window &rArr; disk_write &rArr;  disk_write (Cycle)
</UL>
<BR>[Calls]<UL><LI><a href="#[1dd]">&gt;&gt;</a>&nbsp;&nbsp;&nbsp;put_fat
<LI><a href="#[1dc]">&gt;&gt;</a>&nbsp;&nbsp;&nbsp;get_fat
</UL>
<BR>[Called By]<UL><LI><a href="#[18b]">&gt;&gt;</a>&nbsp;&nbsp;&nbsp;f_open
</UL>

<P><STRONG><a name="[200]"></a>st_clust</STRONG> (Thumb, 16 bytes, Stack size 0 bytes, ff.o(i.st_clust))
<BR><BR>[Called By]<UL><LI><a href="#[18b]">&gt;&gt;</a>&nbsp;&nbsp;&nbsp;f_open
<LI><a href="#[1f9]">&gt;&gt;</a>&nbsp;&nbsp;&nbsp;f_sync
</UL>

<P><STRONG><a name="[1e6]"></a>sum_sfn</STRONG> (Thumb, 32 bytes, Stack size 12 bytes, ff.o(i.sum_sfn))
<BR><BR>[Stack]<UL><LI>Max Depth = 12<LI>Call Chain = sum_sfn
</UL>
<BR>[Called By]<UL><LI><a href="#[1ea]">&gt;&gt;</a>&nbsp;&nbsp;&nbsp;dir_register
<LI><a href="#[1e5]">&gt;&gt;</a>&nbsp;&nbsp;&nbsp;dir_find
</UL>

<P><STRONG><a name="[202]"></a>sync_fs</STRONG> (Thumb, 200 bytes, Stack size 16 bytes, ff.o(i.sync_fs))
<BR><BR>[Stack]<UL><LI>Max Depth = 680<LI>Call Chain = sync_fs &rArr; sync_window &rArr; disk_write &rArr;  disk_write (Cycle)
</UL>
<BR>[Calls]<UL><LI><a href="#[1f0]">&gt;&gt;</a>&nbsp;&nbsp;&nbsp;disk_write
<LI><a href="#[204]">&gt;&gt;</a>&nbsp;&nbsp;&nbsp;disk_ioctl
<LI><a href="#[1e8]">&gt;&gt;</a>&nbsp;&nbsp;&nbsp;sync_window
<LI><a href="#[1e1]">&gt;&gt;</a>&nbsp;&nbsp;&nbsp;mem_set
</UL>
<BR>[Called By]<UL><LI><a href="#[1f9]">&gt;&gt;</a>&nbsp;&nbsp;&nbsp;f_sync
</UL>

<P><STRONG><a name="[1e8]"></a>sync_window</STRONG> (Thumb, 82 bytes, Stack size 24 bytes, ff.o(i.sync_window))
<BR><BR>[Stack]<UL><LI>Max Depth = 664<LI>Call Chain = sync_window &rArr; disk_write &rArr;  disk_write (Cycle)
</UL>
<BR>[Calls]<UL><LI><a href="#[1f0]">&gt;&gt;</a>&nbsp;&nbsp;&nbsp;disk_write
</UL>
<BR>[Called By]<UL><LI><a href="#[202]">&gt;&gt;</a>&nbsp;&nbsp;&nbsp;sync_fs
<LI><a href="#[1d8]">&gt;&gt;</a>&nbsp;&nbsp;&nbsp;move_window
<LI><a href="#[1e4]">&gt;&gt;</a>&nbsp;&nbsp;&nbsp;dir_next
</UL>

<P><STRONG><a name="[1fa]"></a>validate</STRONG> (Thumb, 50 bytes, Stack size 16 bytes, ff.o(i.validate))
<BR><BR>[Stack]<UL><LI>Max Depth = 16<LI>Call Chain = validate
</UL>
<BR>[Calls]<UL><LI><a href="#[203]">&gt;&gt;</a>&nbsp;&nbsp;&nbsp;disk_status
</UL>
<BR>[Called By]<UL><LI><a href="#[18f]">&gt;&gt;</a>&nbsp;&nbsp;&nbsp;f_write
<LI><a href="#[18e]">&gt;&gt;</a>&nbsp;&nbsp;&nbsp;f_lseek
<LI><a href="#[18c]">&gt;&gt;</a>&nbsp;&nbsp;&nbsp;f_close
<LI><a href="#[1f9]">&gt;&gt;</a>&nbsp;&nbsp;&nbsp;f_sync
</UL>

<P><STRONG><a name="[165]"></a>RTC_NVIC_Config</STRONG> (Thumb, 32 bytes, Stack size 8 bytes, rtc.o(i.RTC_NVIC_Config))
<BR><BR>[Stack]<UL><LI>Max Depth = 24<LI>Call Chain = RTC_NVIC_Config &rArr; NVIC_Init
</UL>
<BR>[Calls]<UL><LI><a href="#[79]">&gt;&gt;</a>&nbsp;&nbsp;&nbsp;NVIC_Init
</UL>
<BR>[Called By]<UL><LI><a href="#[164]">&gt;&gt;</a>&nbsp;&nbsp;&nbsp;RTC_Init
</UL>

<P><STRONG><a name="[ec]"></a>Swap</STRONG> (Thumb, 10 bytes, Stack size 0 bytes, rbc_pc_cmdrule.o(i.Swap))
<BR><BR>[Called By]<UL><LI><a href="#[11a]">&gt;&gt;</a>&nbsp;&nbsp;&nbsp;FS_ZERO_Fault
<LI><a href="#[10c]">&gt;&gt;</a>&nbsp;&nbsp;&nbsp;FS_RP
<LI><a href="#[10b]">&gt;&gt;</a>&nbsp;&nbsp;&nbsp;FS_RBC
<LI><a href="#[10a]">&gt;&gt;</a>&nbsp;&nbsp;&nbsp;FS_RA
<LI><a href="#[fb]">&gt;&gt;</a>&nbsp;&nbsp;&nbsp;FS_Pco
<LI><a href="#[f8]">&gt;&gt;</a>&nbsp;&nbsp;&nbsp;FS_HB
<LI><a href="#[f2]">&gt;&gt;</a>&nbsp;&nbsp;&nbsp;FS_Diff_ZERO
<LI><a href="#[eb]">&gt;&gt;</a>&nbsp;&nbsp;&nbsp;FS_CO2
</UL>

<P><STRONG><a name="[1c8]"></a>_fp_digits</STRONG> (Thumb, 334 bytes, Stack size 56 bytes, printfa.o(i._fp_digits), UNUSED)
<BR><BR>[Calls]<UL><LI><a href="#[64]">&gt;&gt;</a>&nbsp;&nbsp;&nbsp;__aeabi_ddiv
<LI><a href="#[5c]">&gt;&gt;</a>&nbsp;&nbsp;&nbsp;__aeabi_dadd
<LI><a href="#[63]">&gt;&gt;</a>&nbsp;&nbsp;&nbsp;__aeabi_dmul
<LI><a href="#[b8]">&gt;&gt;</a>&nbsp;&nbsp;&nbsp;__aeabi_cdrcmple
<LI><a href="#[6c]">&gt;&gt;</a>&nbsp;&nbsp;&nbsp;__aeabi_uldivmod
<LI><a href="#[6e]">&gt;&gt;</a>&nbsp;&nbsp;&nbsp;__aeabi_d2ulz
</UL>
<BR>[Called By]<UL><LI><a href="#[1c6]">&gt;&gt;</a>&nbsp;&nbsp;&nbsp;_printf_core
</UL>

<P><STRONG><a name="[1c6]"></a>_printf_core</STRONG> (Thumb, 1744 bytes, Stack size 136 bytes, printfa.o(i._printf_core), UNUSED)
<BR><BR>[Calls]<UL><LI><a href="#[6c]">&gt;&gt;</a>&nbsp;&nbsp;&nbsp;__aeabi_uldivmod
<LI><a href="#[1cb]">&gt;&gt;</a>&nbsp;&nbsp;&nbsp;__aeabi_uidivmod
<LI><a href="#[1c9]">&gt;&gt;</a>&nbsp;&nbsp;&nbsp;_printf_pre_padding
<LI><a href="#[1ca]">&gt;&gt;</a>&nbsp;&nbsp;&nbsp;_printf_post_padding
<LI><a href="#[1c8]">&gt;&gt;</a>&nbsp;&nbsp;&nbsp;_fp_digits
</UL>
<BR>[Called By]<UL><LI><a href="#[1c7]">&gt;&gt;</a>&nbsp;&nbsp;&nbsp;__0sprintf
<LI><a href="#[1c5]">&gt;&gt;</a>&nbsp;&nbsp;&nbsp;__0printf
</UL>

<P><STRONG><a name="[1ca]"></a>_printf_post_padding</STRONG> (Thumb, 36 bytes, Stack size 24 bytes, printfa.o(i._printf_post_padding), UNUSED)
<BR><BR>[Called By]<UL><LI><a href="#[1c6]">&gt;&gt;</a>&nbsp;&nbsp;&nbsp;_printf_core
</UL>

<P><STRONG><a name="[1c9]"></a>_printf_pre_padding</STRONG> (Thumb, 46 bytes, Stack size 24 bytes, printfa.o(i._printf_pre_padding), UNUSED)
<BR><BR>[Called By]<UL><LI><a href="#[1c6]">&gt;&gt;</a>&nbsp;&nbsp;&nbsp;_printf_core
</UL>

<P><STRONG><a name="[4a]"></a>_sputc</STRONG> (Thumb, 10 bytes, Stack size 0 bytes, printfa.o(i._sputc))
<BR><BR>[Called By]<UL><LI><a href="#[1c7]">&gt;&gt;</a>&nbsp;&nbsp;&nbsp;__0sprintf
</UL>
<BR>[Address Reference Count : 1]<UL><LI> printfa.o(i.__0sprintf)
</UL><P>
<H3>
Undefined Global Symbols
</H3><HR></body></html>
