Component: ARM Compiler 5.05 update 1 (build 106) Tool: armlink [4d0efa]

==============================================================================

Section Cross References

    main.o(i.main) refers to bsp.o(i.bsp_init) for bsp_init
    main.o(i.main) refers to stm32f10x_gpio.o(i.GPIO_ReadInputDataBit) for GPIO_ReadInputDataBit
    main.o(i.main) refers to measurement.o(i.Chu_Zhi) for Chu_Zhi
    main.o(i.main) refers to framedisplay.o(i.framedisplayAirTight) for framedisplayAirTight
    main.o(i.main) refers to gasroad.o(i.airTightTest) for airTightTest
    main.o(i.main) refers to measurement.o(i.OnlinePC) for OnlinePC
    main.o(i.main) refers to framedisplay.o(i.framedisplay1) for framedisplay1
    main.o(i.main) refers to bme280.o(i.BME280_ReadPTH) for BME280_ReadPTH
    main.o(i.main) refers to printfa.o(i.__0printf) for __2printf
    main.o(i.main) refers to f2d.o(.text) for __aeabi_f2d
    main.o(i.main) refers to gasroad.o(i.Bme280Fault) for Bme280Fault
    main.o(i.main) refers to gasroad.o(i.Humidity_Fault) for Humidity_Fault
    main.o(i.main) refers to gasroad.o(i.CO2_CO_SensorZERO) for CO2_CO_SensorZERO
    main.o(i.main) refers to gasroad.o(i.Rubber_Ring_Fault) for Rubber_Ring_Fault
    main.o(i.main) refers to framedisplay.o(i.framedisplay3) for framedisplay3
    main.o(i.main) refers to framedisplay.o(i.framedisplay3_sub) for framedisplay3_sub
    main.o(i.main) refers to rbc_pc_cmdrule.o(i.PC_Cmd_Analy) for PC_Cmd_Analy
    main.o(i.main) refers to measurement.o(i.RUN_Program) for RUN_Program
    main.o(i.main) refers to measurement.o(i.PeiGas_PROM) for PeiGas_PROM
    main.o(i.main) refers to measurement.o(i.QC_PROM) for QC_PROM
    main.o(i.main) refers to measurement.o(i.CO2_CON) for CO2_CON
    main.o(i.main) refers to measurement.o(i.Set_Para) for Set_Para
    main.o(i.main) refers to measurement.o(i.Curve_PROM) for Curve_PROM
    main.o(i.main) refers to globalval.o(.data) for BtnPressedFlag
    main.o(i.main) refers to main.o(.data) for RetFrame3Flag
    main.o(i.main) refers to rtc.o(.data) for TimeDisplay
    stm32f10x_it.o(i.SDIO_IRQHandler) refers to bsp_sdio_sdcard.o(i.SD_ProcessIRQSrc) for SD_ProcessIRQSrc
    stm32f10x_it.o(i.TIM6_IRQHandler) refers to stm32f10x_tim.o(i.TIM_GetITStatus) for TIM_GetITStatus
    stm32f10x_it.o(i.TIM6_IRQHandler) refers to stm32f10x_tim.o(i.TIM_Cmd) for TIM_Cmd
    stm32f10x_it.o(i.TIM6_IRQHandler) refers to stm32f10x_tim.o(i.TIM_ClearITPendingBit) for TIM_ClearITPendingBit
    stm32f10x_it.o(i.TIM6_IRQHandler) refers to timer.o(.data) for TIM6Delay_v
    stm32f10x_it.o(i.TIM7_IRQHandler) refers to stm32f10x_tim.o(i.TIM_GetITStatus) for TIM_GetITStatus
    stm32f10x_it.o(i.TIM7_IRQHandler) refers to num2str.o(i.Num2StrI) for Num2StrI
    stm32f10x_it.o(i.TIM7_IRQHandler) refers to t6963c.o(i.ShowString) for ShowString
    stm32f10x_it.o(i.TIM7_IRQHandler) refers to stm32f10x_tim.o(i.TIM_ClearITPendingBit) for TIM_ClearITPendingBit
    stm32f10x_it.o(i.TIM7_IRQHandler) refers to framedisplay.o(.data) for Warming_up_Cnt
    stm32f10x_it.o(i.TIM7_IRQHandler) refers to stm32f10x_it.o(.data) for Timer7_Cnt
    t6963c.o(i.LCD_FSMC_Config) refers to stm32f10x_rcc.o(i.RCC_AHBPeriphClockCmd) for RCC_AHBPeriphClockCmd
    t6963c.o(i.LCD_FSMC_Config) refers to stm32f10x_fsmc.o(i.FSMC_NORSRAMInit) for FSMC_NORSRAMInit
    t6963c.o(i.LCD_FSMC_Config) refers to stm32f10x_fsmc.o(i.FSMC_NORSRAMCmd) for FSMC_NORSRAMCmd
    t6963c.o(i.LCD_Init) refers to t6963c.o(i.LCD_PortInit) for LCD_PortInit
    t6963c.o(i.LCD_Init) refers to t6963c_port.o(i.LcmWriteCommandWith2Par) for LcmWriteCommandWith2Par
    t6963c.o(i.LCD_Init) refers to t6963c_port.o(i.LcmWriteCommand) for LcmWriteCommand
    t6963c.o(i.LCD_Init) refers to t6963c.o(i.LcmClear) for LcmClear
    t6963c.o(i.LCD_PortInit) refers to t6963c.o(i.LCM_GPIO_Config) for LCM_GPIO_Config
    t6963c.o(i.LCD_PortInit) refers to t6963c.o(i.LCD_FSMC_Config) for LCD_FSMC_Config
    t6963c.o(i.LCD_Reset) refers to stm32f10x_gpio.o(i.GPIO_SetBits) for GPIO_SetBits
    t6963c.o(i.LCD_Reset) refers to utility.o(i.Delay100ms) for Delay100ms
    t6963c.o(i.LCD_Reset) refers to stm32f10x_gpio.o(i.GPIO_ResetBits) for GPIO_ResetBits
    t6963c.o(i.LCM_GPIO_Config) refers to stm32f10x_rcc.o(i.RCC_AHBPeriphClockCmd) for RCC_AHBPeriphClockCmd
    t6963c.o(i.LCM_GPIO_Config) refers to stm32f10x_rcc.o(i.RCC_APB2PeriphClockCmd) for RCC_APB2PeriphClockCmd
    t6963c.o(i.LCM_GPIO_Config) refers to stm32f10x_gpio.o(i.GPIO_Init) for GPIO_Init
    t6963c.o(i.LcmClear) refers to t6963c_port.o(i.LcmWriteCommandWith2Par) for LcmWriteCommandWith2Par
    t6963c.o(i.LcmClear) refers to t6963c_port.o(i.LcmWriteCommand) for LcmWriteCommand
    t6963c.o(i.LcmClear) refers to t6963c_port.o(i.CheckAutoWrite) for CheckAutoWrite
    t6963c.o(i.LcmClear) refers to t6963c_port.o(i.LcmWriteData) for LcmWriteData
    t6963c.o(i.LocateXY) refers to t6963c_port.o(i.LcmWriteCommandWith2Par) for LcmWriteCommandWith2Par
[...]
    FS_QC_ON                                 0x08003f69   Thumb Code    26  rbc_pc_cmdrule.o(i.FS_QC_ON)
    FS_QC_RS_CRI_OK                          0x08003f89   Thumb Code    26  rbc_pc_cmdrule.o(i.FS_QC_RS_CRI_OK)
    FS_QC_RS_ERR                             0x08003fa9   Thumb Code    26  rbc_pc_cmdrule.o(i.FS_QC_RS_ERR)
    FS_QC_RS_OK                              0x08003fc9   Thumb Code    26  rbc_pc_cmdrule.o(i.FS_QC_RS_OK)
    FS_QC_RUN_ERR1                           0x08003fe9   Thumb Code    26  rbc_pc_cmdrule.o(i.FS_QC_RUN_ERR1)
    FS_QC_RUN_ERR2                           0x08004009   Thumb Code    26  rbc_pc_cmdrule.o(i.FS_QC_RUN_ERR2)
    FS_QC_step1_OK                           0x08004029   Thumb Code    26  rbc_pc_cmdrule.o(i.FS_QC_step1_OK)
    FS_QC_step1_ON                           0x08004049   Thumb Code    26  rbc_pc_cmdrule.o(i.FS_QC_step1_ON)
    FS_QC_step2_OK                           0x08004069   Thumb Code    26  rbc_pc_cmdrule.o(i.FS_QC_step2_OK)
    FS_QC_step2_ON                           0x08004089   Thumb Code    26  rbc_pc_cmdrule.o(i.FS_QC_step2_ON)
    FS_QC_step3_OK                           0x080040a9   Thumb Code    26  rbc_pc_cmdrule.o(i.FS_QC_step3_OK)
    FS_QC_step3_ON                           0x080040c9   Thumb Code    26  rbc_pc_cmdrule.o(i.FS_QC_step3_ON)
    FS_RA                                    0x080040e9   Thumb Code    66  rbc_pc_cmdrule.o(i.FS_RA)
    FS_RBC                                   0x08004131   Thumb Code    64  rbc_pc_cmdrule.o(i.FS_RBC)
    FS_RP                                    0x08004175   Thumb Code    66  rbc_pc_cmdrule.o(i.FS_RP)
    FS_RUN_OK                                0x080041bd   Thumb Code    20  rbc_pc_cmdrule.o(i.FS_RUN_OK)
    FS_RUN_ON                                0x080041d1   Thumb Code    26  rbc_pc_cmdrule.o(i.FS_RUN_ON)
    FS_RUN_step1_OK                          0x080041f1   Thumb Code    26  rbc_pc_cmdrule.o(i.FS_RUN_step1_OK)
    FS_RUN_step1_ON                          0x08004211   Thumb Code    26  rbc_pc_cmdrule.o(i.FS_RUN_step1_ON)
    FS_RUN_step2_OK                          0x08004231   Thumb Code    26  rbc_pc_cmdrule.o(i.FS_RUN_step2_OK)
    FS_RUN_step2_ON                          0x08004251   Thumb Code    26  rbc_pc_cmdrule.o(i.FS_RUN_step2_ON)
    FS_RUN_step3_OK                          0x08004271   Thumb Code    26  rbc_pc_cmdrule.o(i.FS_RUN_step3_OK)
    FS_RUN_step3_ON                          0x08004291   Thumb Code    26  rbc_pc_cmdrule.o(i.FS_RUN_step3_ON)
    FS_RUN_step4_OK                          0x080042b1   Thumb Code    26  rbc_pc_cmdrule.o(i.FS_RUN_step4_OK)
    FS_RUN_step4_ON                          0x080042d1   Thumb Code    26  rbc_pc_cmdrule.o(i.FS_RUN_step4_ON)
    FS_SEX                                   0x080042f1   Thumb Code    58  rbc_pc_cmdrule.o(i.FS_SEX)
    FS_SampleType                            0x08004331   Thumb Code    56  rbc_pc_cmdrule.o(i.FS_SampleType)
    FS_TEST_ERRO                             0x0800436d   Thumb Code    26  rbc_pc_cmdrule.o(i.FS_TEST_ERRO)
    FS_ZERO_Fault                            0x0800438d   Thumb Code    66  rbc_pc_cmdrule.o(i.FS_ZERO_Fault)
    GAS_PUB_Closed                           0x08004571   Thumb Code    22  beep.o(i.GAS_PUB_Closed)
    GAS_PUB_OPEN                             0x0800458d   Thumb Code    22  beep.o(i.GAS_PUB_OPEN)
    GPIO_Init                                0x080045f9   Thumb Code   278  stm32f10x_gpio.o(i.GPIO_Init)
    GPIO_ReadInputDataBit                    0x0800470f   Thumb Code    18  stm32f10x_gpio.o(i.GPIO_ReadInputDataBit)
    GPIO_ResetBits                           0x08004721   Thumb Code     4  stm32f10x_gpio.o(i.GPIO_ResetBits)
    GPIO_SetBits                             0x08004725   Thumb Code     4  stm32f10x_gpio.o(i.GPIO_SetBits)
    Get_BGas                                 0x08004729   Thumb Code   108  gasroad.o(i.Get_BGas)
    Get_CO2_GAS                              0x08004799   Thumb Code   110  gasroad.o(i.Get_CO2_GAS)
    Get_ZGas                                 0x0800480d   Thumb Code   108  gasroad.o(i.Get_ZGas)
    GregorianDay                             0x0800487d   Thumb Code   146  date.o(i.GregorianDay)
    HardFault_Handler                        0x08004915   Thumb Code     4  stm32f10x_it.o(i.HardFault_Handler)
    Humidity_Fault                           0x08004919   Thumb Code   122  gasroad.o(i.Humidity_Fault)
    I2CEEPROM_Init                           0x080049ed   Thumb Code    14  bsp_i2c_eeprom.o(i.I2CEEPROM_Init)
    IN_Select                                0x080049fd   Thumb Code   130  cd4051.o(i.IN_Select)
    LCD_FSMC_Config                          0x08004b2d   Thumb Code    92  t6963c.o(i.LCD_FSMC_Config)
    LCD_Init                                 0x08004b89   Thumb Code    72  t6963c.o(i.LCD_Init)
    LCD_PortInit                             0x08004bd1   Thumb Code    12  t6963c.o(i.LCD_PortInit)
    LCM_GPIO_Config                          0x08004bdd   Thumb Code   148  t6963c.o(i.LCM_GPIO_Config)
    LED_All_Close                            0x08004c81   Thumb Code    22  led.o(i.LED_All_Close)
    LcmClear                                 0x08004ca1   Thumb Code    70  t6963c.o(i.LcmClear)
    LcmWriteCommand                          0x08004ce7   Thumb Code    16  t6963c_port.o(i.LcmWriteCommand)
    LcmWriteCommandWith1Par                  0x08004cf7   Thumb Code    28  t6963c_port.o(i.LcmWriteCommandWith1Par)
    LcmWriteCommandWith2Par                  0x08004d13   Thumb Code    38  t6963c_port.o(i.LcmWriteCommandWith2Par)
    LcmWriteData                             0x08004d39   Thumb Code    12  t6963c_port.o(i.LcmWriteData)
    LocateXY                                 0x08004d45   Thumb Code    38  t6963c.o(i.LocateXY)
    MKeyProcess                              0x08004d6d   Thumb Code   106  bsp_button.o(i.MKeyProcess)
    MemManage_Handler                        0x08004ddd   Thumb Code     4  stm32f10x_it.o(i.MemManage_Handler)
    Motor1Start                              0x08004de1   Thumb Code    64  steppermotor.o(i.Motor1Start)
    Motor1Stop                               0x08004e25   Thumb Code    22  steppermotor.o(i.Motor1Stop)
    MotorInit                                0x08004e3b   Thumb Code    12  steppermotor.o(i.MotorInit)
    NMI_Handler                              0x08004eb9   Thumb Code     2  stm32f10x_it.o(i.NMI_Handler)
    NVIC_Config                              0x08004ebb   Thumb Code    18  nvic_config.o(i.NVIC_Config)
    NVIC_Init                                0x08004ef5   Thumb Code   100  misc.o(i.NVIC_Init)
    NVIC_PriorityGroupConfig                 0x08004f65   Thumb Code    10  misc.o(i.NVIC_PriorityGroupConfig)
    Num2StrF                                 0x08004f79   Thumb Code    52  num2str.o(i.Num2StrF)
    Num2StrI                                 0x08004fb1   Thumb Code    38  num2str.o(i.Num2StrI)
    OnlinePC                                 0x08004fdd   Thumb Code   202  measurement.o(i.OnlinePC)
    Open_CO2_Paiqi                           0x080050d9   Thumb Code    32  gasroad.o(i.Open_CO2_Paiqi)
    Open_paiqi                               0x080050f9   Thumb Code    32  gasroad.o(i.Open_paiqi)
    PC_Cmd_Analy                             0x08005119   Thumb Code   150  rbc_pc_cmdrule.o(i.PC_Cmd_Analy)
    PC_Val_Analy                             0x080051bd   Thumb Code   204  rbc_pc_cmdrule.o(i.PC_Val_Analy)
    PWR_BackupAccessCmd                      0x080052a9   Thumb Code     6  stm32f10x_pwr.o(i.PWR_BackupAccessCmd)
    Paiqi_RRR_PROM                           0x080052b5   Thumb Code    18  gasroad.o(i.Paiqi_RRR_PROM)
    Paiqi_RR_PROM                            0x080052c7   Thumb Code    18  gasroad.o(i.Paiqi_RR_PROM)
    Paiqi_R_PROM                             0x080052d9   Thumb Code    18  gasroad.o(i.Paiqi_R_PROM)
    PeiGas_PROM                              0x080052ed   Thumb Code   702  measurement.o(i.PeiGas_PROM)
    PendSV_Handler                           0x08005669   Thumb Code     2  stm32f10x_it.o(i.PendSV_Handler)
    Purge_Cylinder                           0x0800566d   Thumb Code   108  gasroad.o(i.Purge_Cylinder)
    QC_PROM                                  0x080056dd   Thumb Code  4768  measurement.o(i.QC_PROM)
    QiGuang_Reset                            0x080069a1   Thumb Code    56  gasroad.o(i.QiGuang_Reset)
    RBCtoPC_Cmd_00                           0x080069dd   Thumb Code    26  rbc_pc_cmdrule.o(i.RBCtoPC_Cmd_00)
    RBCtoPC_Cmd_6                            0x080069fd   Thumb Code   138  rbc_pc_cmdrule.o(i.RBCtoPC_Cmd_6)
    RBCtoPC_Cmd_61                           0x08006aa1   Thumb Code   102  rbc_pc_cmdrule.o(i.RBCtoPC_Cmd_61)
    RBCtoPC_Cmd_AA                           0x08006b21   Thumb Code    26  rbc_pc_cmdrule.o(i.RBCtoPC_Cmd_AA)
    RBCtoPC_Cmd_FF                           0x08006b41   Thumb Code    26  rbc_pc_cmdrule.o(i.RBCtoPC_Cmd_FF)
    RCC_ADCCLKConfig                         0x08006b61   Thumb Code    18  stm32f10x_rcc.o(i.RCC_ADCCLKConfig)
    RCC_AHBPeriphClockCmd                    0x08006b79   Thumb Code    26  stm32f10x_rcc.o(i.RCC_AHBPeriphClockCmd)
    RCC_APB1PeriphClockCmd                   0x08006b99   Thumb Code    26  stm32f10x_rcc.o(i.RCC_APB1PeriphClockCmd)
    RCC_APB2PeriphClockCmd                   0x08006bb9   Thumb Code    26  stm32f10x_rcc.o(i.RCC_APB2PeriphClockCmd)
    RCC_ClearFlag                            0x08006bd9   Thumb Code    14  stm32f10x_rcc.o(i.RCC_ClearFlag)
    RCC_GetClocksFreq                        0x08006bed   Thumb Code   192  stm32f10x_rcc.o(i.RCC_GetClocksFreq)
    RCC_GetFlagStatus                        0x08006cc1   Thumb Code    56  stm32f10x_rcc.o(i.RCC_GetFlagStatus)
    RCC_LSEConfig                            0x08006cfd   Thumb Code    46  stm32f10x_rcc.o(i.RCC_LSEConfig)
    RCC_RTCCLKCmd                            0x08006d31   Thumb Code     6  stm32f10x_rcc.o(i.RCC_RTCCLKCmd)
    RCC_RTCCLKConfig                         0x08006d3d   Thumb Code    12  stm32f10x_rcc.o(i.RCC_RTCCLKConfig)
    RTCTimeTransfer                          0x08006d4d   Thumb Code    24  rtc.o(i.RTCTimeTransfer)
    RTC_CheckAndConfig                       0x08006d65   Thumb Code   108  rtc.o(i.RTC_CheckAndConfig)
    RTC_ClearITPendingBit                    0x08006dd5   Thumb Code    12  stm32f10x_rtc.o(i.RTC_ClearITPendingBit)
    RTC_Configuration                        0x08006de5   Thumb Code    84  rtc.o(i.RTC_Configuration)
    RTC_EnterConfigMode                      0x08006e39   Thumb Code    14  stm32f10x_rtc.o(i.RTC_EnterConfigMode)
    RTC_ExitConfigMode                       0x08006e4d   Thumb Code    16  stm32f10x_rtc.o(i.RTC_ExitConfigMode)
    RTC_GetCounter                           0x08006e61   Thumb Code    16  stm32f10x_rtc.o(i.RTC_GetCounter)
    RTC_GetITStatus                          0x08006e75   Thumb Code    32  stm32f10x_rtc.o(i.RTC_GetITStatus)
    RTC_IRQHandler                           0x08006e99   Thumb Code    28  rtc.o(i.RTC_IRQHandler)
    RTC_ITConfig                             0x08006eb9   Thumb Code    26  stm32f10x_rtc.o(i.RTC_ITConfig)
    RTC_Init                                 0x08006ed9   Thumb Code    16  rtc.o(i.RTC_Init)
    RTC_SetCounter                           0x08006f09   Thumb Code    24  stm32f10x_rtc.o(i.RTC_SetCounter)
    RTC_SetPrescaler                         0x08006f25   Thumb Code    26  stm32f10x_rtc.o(i.RTC_SetPrescaler)
    RTC_WaitForLastTask                      0x08006f45   Thumb Code    16  stm32f10x_rtc.o(i.RTC_WaitForLastTask)
    RTC_WaitForSynchro                       0x08006f59   Thumb Code    30  stm32f10x_rtc.o(i.RTC_WaitForSynchro)
    RUN_Program                              0x08006f7d   Thumb Code  5612  measurement.o(i.RUN_Program)
    Rubber_Ring_Fault                        0x080085e9   Thumb Code   104  gasroad.o(i.Rubber_Ring_Fault)
    SDIO_ClearFlag                           0x080087b5   Thumb Code     6  stm32f10x_sdio.o(i.SDIO_ClearFlag)
    SDIO_ClearITPendingBit                   0x080087c1   Thumb Code     6  stm32f10x_sdio.o(i.SDIO_ClearITPendingBit)
    SDIO_ClockCmd                            0x080087cd   Thumb Code     6  stm32f10x_sdio.o(i.SDIO_ClockCmd)
    SDIO_DMACmd                              0x080087d9   Thumb Code     6  stm32f10x_sdio.o(i.SDIO_DMACmd)
    SDIO_DataConfig                          0x080087e5   Thumb Code    42  stm32f10x_sdio.o(i.SDIO_DataConfig)
    SDIO_DeInit                              0x08008815   Thumb Code    28  stm32f10x_sdio.o(i.SDIO_DeInit)
    SDIO_GetCommandResponse                  0x08008839   Thumb Code     8  stm32f10x_sdio.o(i.SDIO_GetCommandResponse)
    SDIO_GetFlagStatus                       0x08008845   Thumb Code    20  stm32f10x_sdio.o(i.SDIO_GetFlagStatus)
    SDIO_GetPowerState                       0x0800885d   Thumb Code    10  stm32f10x_sdio.o(i.SDIO_GetPowerState)
    SDIO_GetResponse                         0x0800886d   Thumb Code    20  stm32f10x_sdio.o(i.SDIO_GetResponse)
    SDIO_IRQHandler                          0x08008885   Thumb Code     8  stm32f10x_it.o(i.SDIO_IRQHandler)
    SDIO_ITConfig                            0x0800888d   Thumb Code    26  stm32f10x_sdio.o(i.SDIO_ITConfig)
    SDIO_Init                                0x080088ad   Thumb Code    42  stm32f10x_sdio.o(i.SDIO_Init)
    SDIO_NVIC_Configuration                  0x080088dd   Thumb Code    40  sd_fat_app.o(i.SDIO_NVIC_Configuration)
    SDIO_ReadData                            0x08008905   Thumb Code     6  stm32f10x_sdio.o(i.SDIO_ReadData)
    SDIO_SendCommand                         0x08008911   Thumb Code    38  stm32f10x_sdio.o(i.SDIO_SendCommand)
    SDIO_SetPowerState                       0x0800893d   Thumb Code    22  stm32f10x_sdio.o(i.SDIO_SetPowerState)
    SD_EnableWideBusOperation                0x08008a31   Thumb Code   140  bsp_sdio_sdcard.o(i.SD_EnableWideBusOperation)
    SD_GetCardInfo                           0x08008ac5   Thumb Code   700  bsp_sdio_sdcard.o(i.SD_GetCardInfo)
    SD_GetState                              0x08008d91   Thumb Code    26  bsp_sdio_sdcard.o(i.SD_GetState)
    SD_GetStatus                             0x08008dab   Thumb Code    30  bsp_sdio_sdcard.o(i.SD_GetStatus)
    SD_Init                                  0x08008dc9   Thumb Code   106  bsp_sdio_sdcard.o(i.SD_Init)
    SD_InitializeCards                       0x08008e3d   Thumb Code   294  bsp_sdio_sdcard.o(i.SD_InitializeCards)
    SD_PowerON                               0x08008f79   Thumb Code   374  bsp_sdio_sdcard.o(i.SD_PowerON)
    SD_ProcessIRQSrc                         0x08009101   Thumb Code    70  bsp_sdio_sdcard.o(i.SD_ProcessIRQSrc)
    SD_ReadMultiBlocks                       0x08009159   Thumb Code   202  bsp_sdio_sdcard.o(i.SD_ReadMultiBlocks)
    SD_SAVE                                  0x08009241   Thumb Code   156  sd_fat_app.o(i.SD_SAVE)
    SD_SelectDeselect                        0x08009315   Thumb Code    48  bsp_sdio_sdcard.o(i.SD_SelectDeselect)
    SD_SendStatus                            0x08009349   Thumb Code    46  bsp_sdio_sdcard.o(i.SD_SendStatus)
    SD_WaitReadOperation                     0x08009381   Thumb Code    42  bsp_sdio_sdcard.o(i.SD_WaitReadOperation)
    SD_WaitWriteOperation                    0x080093b5   Thumb Code    50  bsp_sdio_sdcard.o(i.SD_WaitWriteOperation)
    SD_WriteMultiBlocks                      0x080093f1   Thumb Code   294  bsp_sdio_sdcard.o(i.SD_WriteMultiBlocks)
    SELET_CO                                 0x08009539   Thumb Code    16  gasroad.o(i.SELET_CO)
    SVC_Handler                              0x08009549   Thumb Code     2  stm32f10x_it.o(i.SVC_Handler)
    Send_Gas_Com                             0x0800954d   Thumb Code   152  led.o(i.Send_Gas_Com)
    Set_Para                                 0x080096d1   Thumb Code  1900  measurement.o(i.Set_Para)
    ShowChar                                 0x08009e8d   Thumb Code    32  t6963c.o(i.ShowChar)
    ShowString                               0x08009ead   Thumb Code    44  t6963c.o(i.ShowString)
    StandardDeviation                        0x08009ed9   Thumb Code   378  measurement.o(i.StandardDeviation)
    StatusRW_Check                           0x0800a05d   Thumb Code    18  t6963c_port.o(i.StatusRW_Check)
    SysTick_Handler                          0x0800a079   Thumb Code     8  systick.o(i.SysTick_Handler)
    SysTick_ISR                              0x0800a081   Thumb Code   106  systick.o(i.SysTick_ISR)
    SystemInit                               0x0800a101   Thumb Code    78  system_stm32f10x.o(i.SystemInit)
    T6963C_WriteCmd                          0x0800a161   Thumb Code     8  t6963c_port.o(i.T6963C_WriteCmd)
    T6963C_WriteData                         0x0800a169   Thumb Code     8  t6963c_port.o(i.T6963C_WriteData)
    TIM2_IRQHandler                          0x0800a171   Thumb Code     2  stm32f10x_it.o(i.TIM2_IRQHandler)
    TIM6Delay_f                              0x0800a1d9   Thumb Code    32  timer.o(i.TIM6Delay_f)
    TIM6_Config                              0x0800a201   Thumb Code    74  timer.o(i.TIM6_Config)
    TIM6_IRQHandler                          0x0800a251   Thumb Code    72  stm32f10x_it.o(i.TIM6_IRQHandler)
    TIM7_Config                              0x0800a2c5   Thumb Code    76  timer.o(i.TIM7_Config)
    TIM7_IRQHandler                          0x0800a315   Thumb Code    82  stm32f10x_it.o(i.TIM7_IRQHandler)
    TIM_ARRPreloadConfig                     0x0800a39f   Thumb Code    24  stm32f10x_tim.o(i.TIM_ARRPreloadConfig)
    TIM_ClearFlag                            0x0800a3b7   Thumb Code     6  stm32f10x_tim.o(i.TIM_ClearFlag)
    TIM_ClearITPendingBit                    0x0800a3bd   Thumb Code     6  stm32f10x_tim.o(i.TIM_ClearITPendingBit)
    TIM_Cmd                                  0x0800a3c3   Thumb Code    24  stm32f10x_tim.o(i.TIM_Cmd)
    TIM_GetITStatus                          0x0800a3db   Thumb Code    34  stm32f10x_tim.o(i.TIM_GetITStatus)
    TIM_ITConfig                             0x0800a3fd   Thumb Code    18  stm32f10x_tim.o(i.TIM_ITConfig)
    TIM_OC3Init                              0x0800a411   Thumb Code   150  stm32f10x_tim.o(i.TIM_OC3Init)
    TIM_OC3PreloadConfig                     0x0800a4b1   Thumb Code    18  stm32f10x_tim.o(i.TIM_OC3PreloadConfig)
    TIM_TimeBaseInit                         0x0800a4c5   Thumb Code   122  stm32f10x_tim.o(i.TIM_TimeBaseInit)
    TIMx_Enable                              0x0800a569   Thumb Code    18  timer.o(i.TIMx_Enable)
    Time_Adjust                              0x0800a57b   Thumb Code    32  rtc.o(i.Time_Adjust)
    USART1_Config                            0x0800a59d   Thumb Code   138  bsp_usart.o(i.USART1_Config)
    USART1_IRQHandler                        0x0800a631   Thumb Code   264  bsp_usart.o(i.USART1_IRQHandler)
    USART1_Timeout_UserCallback              0x0800a785   Thumb Code    18  bsp_usart.o(i.USART1_Timeout_UserCallback)
    USART3_IRQHandler                        0x0800a7a1   Thumb Code    84  co2_serial.o(i.USART3_IRQHandler)
    USART_ClearFlag                          0x0800a809   Thumb Code    18  stm32f10x_usart.o(i.USART_ClearFlag)
    USART_ClearITPendingBit                  0x0800a81b   Thumb Code    30  stm32f10x_usart.o(i.USART_ClearITPendingBit)
    USART_Cmd                                0x0800a839   Thumb Code    24  stm32f10x_usart.o(i.USART_Cmd)
    USART_GetFlagStatus                      0x0800a851   Thumb Code    26  stm32f10x_usart.o(i.USART_GetFlagStatus)
    USART_GetITStatus                        0x0800a86b   Thumb Code    84  stm32f10x_usart.o(i.USART_GetITStatus)
    USART_ITConfig                           0x0800a8bf   Thumb Code    74  stm32f10x_usart.o(i.USART_ITConfig)
    USART_Init                               0x0800a909   Thumb Code   210  stm32f10x_usart.o(i.USART_Init)
    USART_ReceiveData                        0x0800a9e1   Thumb Code    10  stm32f10x_usart.o(i.USART_ReceiveData)
    USART_SendData                           0x0800a9eb   Thumb Code     8  stm32f10x_usart.o(i.USART_SendData)
    UsageFault_Handler                       0x0800a9f3   Thumb Code     4  stm32f10x_it.o(i.UsageFault_Handler)
    __0printf                                0x0800a9f9   Thumb Code    22  printfa.o(i.__0printf)
    __1printf                                0x0800a9f9   Thumb Code     0  printfa.o(i.__0printf)
    __2printf                                0x0800a9f9   Thumb Code     0  printfa.o(i.__0printf)
    __c89printf                              0x0800a9f9   Thumb Code     0  printfa.o(i.__0printf)
    printf                                   0x0800a9f9   Thumb Code     0  printfa.o(i.__0printf)
    __0sprintf                               0x0800aa19   Thumb Code    34  printfa.o(i.__0sprintf)
    __1sprintf                               0x0800aa19   Thumb Code     0  printfa.o(i.__0sprintf)
    __2sprintf                               0x0800aa19   Thumb Code     0  printfa.o(i.__0sprintf)
    __c89sprintf                             0x0800aa19   Thumb Code     0  printfa.o(i.__0sprintf)
    sprintf                                  0x0800aa19   Thumb Code     0  printfa.o(i.__0sprintf)
    __scatterload_copy                       0x0800aa41   Thumb Code    14  handlers.o(i.__scatterload_copy)
    __scatterload_null                       0x0800aa4f   Thumb Code     2  handlers.o(i.__scatterload_null)
    __scatterload_zeroinit                   0x0800aa51   Thumb Code    14  handlers.o(i.__scatterload_zeroinit)
    __set_errno                              0x0800aa61   Thumb Code     6  errno.o(i.__set_errno)
    airTightTest                             0x0800b309   Thumb Code    34  gasroad.o(i.airTightTest)
    bsp_GetKey                               0x0800b3e9   Thumb Code    46  bsp_button.o(i.bsp_GetKey)
    bsp_InitButton                           0x0800b41d   Thumb Code    12  bsp_button.o(i.bsp_InitButton)
    bsp_InitTimer                            0x0800b5cd   Thumb Code   110  systick.o(i.bsp_InitTimer)
    bsp_KeyScan                              0x0800b64d   Thumb Code    40  bsp_button.o(i.bsp_KeyScan)
    bsp_PutKey                               0x0800b68d   Thumb Code    28  bsp_button.o(i.bsp_PutKey)
    bsp_init                                 0x0800b6c5   Thumb Code   208  bsp.o(i.bsp_init)
    close_paiqi                              0x0800b86d   Thumb Code    32  gasroad.o(i.close_paiqi)
    clust2sect                               0x0800b88d   Thumb Code    26  ff.o(i.clust2sect)
    date_add                                 0x0800bc91   Thumb Code   302  measurement.o(i.date_add)
    date_dec                                 0x0800bddd   Thumb Code   198  measurement.o(i.date_dec)
    disk_initialize                          0x0800c343   Thumb Code    42  diskio.o(i.disk_initialize)
    disk_ioctl                               0x0800c36d   Thumb Code    78  diskio.o(i.disk_ioctl)
    disk_read                                0x0800c3c1   Thumb Code   168  diskio.o(i.disk_read)
    disk_status                              0x0800c46d   Thumb Code    28  diskio.o(i.disk_status)
    disk_write                               0x0800c489   Thumb Code   174  diskio.o(i.disk_write)
    ee_CheckOk                               0x0800c53d   Thumb Code    22  bsp_i2c_eeprom.o(i.ee_CheckOk)
    ee_ReadBytes                             0x0800c553   Thumb Code   112  bsp_i2c_eeprom.o(i.ee_ReadBytes)
    ee_WriteBytes                            0x0800c5c3   Thumb Code   170  bsp_i2c_eeprom.o(i.ee_WriteBytes)
    f_close                                  0x0800c66d   Thumb Code    32  ff.o(i.f_close)
    f_lseek                                  0x0800c68d   Thumb Code   410  ff.o(i.f_lseek)
    f_mount                                  0x0800c829   Thumb Code    86  ff.o(i.f_mount)
    f_open                                   0x0800c885   Thumb Code   382  ff.o(i.f_open)
    f_sync                                   0x0800ca03   Thumb Code   176  ff.o(i.f_sync)
    f_write                                  0x0800cab3   Thumb Code   524  ff.o(i.f_write)
    ff_convert                               0x0800ccc1   Thumb Code   116  cc936.o(i.ff_convert)
    ff_wtoupper                              0x0800cd3d   Thumb Code    84  cc936.o(i.ff_wtoupper)
    fputc                                    0x0800d281   Thumb Code    32  bsp_usart.o(i.fputc)
    framdisplayCurve                         0x0800d2a5   Thumb Code    78  framedisplay.o(i.framdisplayCurve)
    framdisplayZeroFault                     0x0800d345   Thumb Code    40  framedisplay.o(i.framdisplayZeroFault)
    framediaplay0                            0x0800d39d   Thumb Code    66  framedisplay.o(i.framediaplay0)
    framedisplay1                            0x0800d3f5   Thumb Code   222  framedisplay.o(i.framedisplay1)
    framedisplay3                            0x0800d509   Thumb Code   130  framedisplay.o(i.framedisplay3)
    framedisplay3_sub                        0x0800d68d   Thumb Code   264  framedisplay.o(i.framedisplay3_sub)
    framedisplayAirTight                     0x0800d7d9   Thumb Code    20  framedisplay.o(i.framedisplayAirTight)
    framedisplayCO2Coeff                     0x0800d7fd   Thumb Code    68  framedisplay.o(i.framedisplayCO2Coeff)
    framedisplayDate                         0x0800d875   Thumb Code   150  framedisplay.o(i.framedisplayDate)
    framedisplayGasDefault                   0x0800d989   Thumb Code    86  framedisplay.o(i.framedisplayGasDefault)
    framedisplayGasFactor                    0x0800da4d   Thumb Code    78  framedisplay.o(i.framedisplayGasFactor)
    framedisplayGas_celiang_Default          0x0800daf9   Thumb Code    86  framedisplay.o(i.framedisplayGas_celiang_Default)
    framedisplayHumidity                     0x0800dbc5   Thumb Code    78  framedisplay.o(i.framedisplayHumidity)
    framedisplayQC                           0x0800dc81   Thumb Code    88  framedisplay.o(i.framedisplayQC)
    framedisplayRrror                        0x0800dd21   Thumb Code    20  framedisplay.o(i.framedisplayRrror)
    framedisplayRubberRing                   0x0800dd39   Thumb Code    78  framedisplay.o(i.framedisplayRubberRing)
    framedisplayRun                          0x0800dda9   Thumb Code    88  framedisplay.o(i.framedisplayRun)
    framedisplaySex                          0x0800de5d   Thumb Code    92  framedisplay.o(i.framedisplaySex)
    framedisplayT0                           0x0800df19   Thumb Code    78  framedisplay.o(i.framedisplayT0)
    framedisplayVersion                      0x0800dfb9   Thumb Code    30  framedisplay.o(i.framedisplayVersion)
    framedisplayX_B                          0x0800e005   Thumb Code    78  framedisplay.o(i.framedisplayX_B)
    framedisplayZERO                         0x0800e0a1   Thumb Code    78  framedisplay.o(i.framedisplayZERO)
    framedisplayZEROCO2                      0x0800e13d   Thumb Code    78  framedisplay.o(i.framedisplayZEROCO2)
    framedisplay_ok                          0x0800e1e1   Thumb Code    14  framedisplay.o(i.framedisplay_ok)
    framedisplaytime                         0x0800e1f9   Thumb Code   150  framedisplay.o(i.framedisplaytime)
    get_fat                                  0x0800e3d5   Thumb Code   318  ff.o(i.get_fat)
    get_fattime                              0x0800e515   Thumb Code    60  diskio.o(i.get_fattime)
    i2c_Ack                                  0x0800e5a1   Thumb Code    44  bsp_i2c_gpio.o(i.i2c_Ack)
    i2c_CheckDevice                          0x0800e60d   Thumb Code    32  bsp_i2c_gpio.o(i.i2c_CheckDevice)
    i2c_NAck                                 0x0800e63d   Thumb Code    36  bsp_i2c_gpio.o(i.i2c_NAck)
    i2c_ReadByte                             0x0800e665   Thumb Code    62  bsp_i2c_gpio.o(i.i2c_ReadByte)
    i2c_SendByte                             0x0800e6a9   Thumb Code    80  bsp_i2c_gpio.o(i.i2c_SendByte)
    i2c_Start                                0x0800e6fd   Thumb Code    42  bsp_i2c_gpio.o(i.i2c_Start)
    i2c_Stop                                 0x0800e72d   Thumb Code    32  bsp_i2c_gpio.o(i.i2c_Stop)
    i2c_WaitAck                              0x0800e751   Thumb Code    56  bsp_i2c_gpio.o(i.i2c_WaitAck)
    is_gasbag_exit                           0x0800e78d   Thumb Code    78  led.o(i.is_gasbag_exit)
    led_GPIO_Init                            0x0800e801   Thumb Code    84  led.o(i.led_GPIO_Init)
    main                                     0x0800e85d   Thumb Code   348  main.o(i.main)
    mktimev                                  0x0800ea71   Thumb Code   124  date.o(i.mktimev)
    put_fat                                  0x0800eb25   Thumb Code   392  ff.o(i.put_fat)
    sd_fs_init                               0x0800ed19   Thumb Code    22  sd_fat_app.o(i.sd_fs_init)
    sqrt                                     0x0800ed3d   Thumb Code    76  sqrt.o(i.sqrt)
    time_add                                 0x0800eed5   Thumb Code   200  measurement.o(i.time_add)
    time_dec                                 0x0800efb1   Thumb Code   194  measurement.o(i.time_dec)
    to_tm                                    0x0800f089   Thumb Code   194  date.o(i.to_tm)
    wr_cmd_array_6                           0x0800f189   Thumb Code    56  rbc_pc_cmdrule.o(i.wr_cmd_array_6)
    Region$$Table$$Base                      0x0803a3ec   Number         0  anon$$obj.o(Region$$Table)
    Region$$Table$$Limit                     0x0803a40c   Number         0  anon$$obj.o(Region$$Table)
    RetFrame3Flag                            0x20000000   Data           1  main.o(.data)
    StopCondition                            0x2000000c   Data           4  bsp_sdio_sdcard.o(.data)
    TransferError                            0x20000010   Data           1  bsp_sdio_sdcard.o(.data)
    TransferEnd                              0x20000014   Data           4  bsp_sdio_sdcard.o(.data)
    TIM6Delay_v                              0x2000001c   Data           8  timer.o(.data)
    g_iRunTime                               0x2000002c   Data           4  systick.o(.data)
    BtnPressedFlag                           0x20000034   Data           1  globalval.o(.data)
    ADC_ConvtComplFlag                       0x20000035   Data           1  globalval.o(.data)
    CO_ZERO                                  0x20000036   Data           2  globalval.o(.data)
    CO2_PB                                   0x20000038   Data           2  globalval.o(.data)
    R_XB                                     0x2000003a   Data           2  globalval.o(.data)
    CO2_Taijie                               0x2000003c   Data           2  globalval.o(.data)
    CO2_Coeff                                0x2000003e   Data           2  globalval.o(.data)
    CO2_ZERO                                 0x20000040   Data           2  globalval.o(.data)
    HB                                       0x20000042   Data           2  globalval.o(.data)
    Ring_Num                                 0x20000044   Data           2  globalval.o(.data)
    QC_CONC                                  0x20000046   Data           2  globalval.o(.data)
    QC_CO2_CONC                              0x20000048   Data           2  globalval.o(.data)
    Curve_CONC                               0x2000004a   Data           2  globalval.o(.data)
    CO2_B                                    0x2000004c   Data           2  globalval.o(.data)
    RBC_pc_ComT                              0x2000004e   Data           6  globalval.o(.data)
    F_PC                                     0x20000054   Data           1  globalval.o(.data)
    F_Version                                0x20000055   Data           1  globalval.o(.data)
    F_Zero                                   0x20000056   Data           1  globalval.o(.data)
    F_tiaoji                                 0x20000057   Data           1  globalval.o(.data)
    F_RUN2                                   0x20000058   Data           1  globalval.o(.data)
    F_PC_Ctrl                                0x20000059   Data           1  globalval.o(.data)
    ReceiveFlag                              0x2000005a   Data           1  globalval.o(.data)
    ReceiveFlag1                             0x2000005b   Data           1  globalval.o(.data)
    RevSDFlag                                0x2000005c   Data           1  globalval.o(.data)
    Com3Index                                0x2000005d   Data           1  globalval.o(.data)
    Index3End                                0x2000005e   Data           1  globalval.o(.data)
    Rec3FinishF                              0x2000005f   Data           1  globalval.o(.data)
    cursorx                                  0x20000060   Data           1  globalval.o(.data)
    cursory                                  0x20000061   Data           1  globalval.o(.data)
    Version                                  0x20000064   Data           4  globalval.o(.data)
    CO2_Fault_Code                           0x20000068   Data           1  globalval.o(.data)
    USART1Timeout                            0x2000006a   Data           2  globalval.o(.data)
    F_Timeout                                0x2000006c   Data           1  globalval.o(.data)
    ATM_Coeff                                0x2000006e   Data           2  globalval.o(.data)
    H0                                       0x20000070   Data           2  globalval.o(.data)
    T0                                       0x20000074   Data           4  globalval.o(.data)
    T0_Var                                   0x20000078   Data           2  globalval.o(.data)
    Calib                                    0x2000007a   Data           2  globalval.o(.data)
    CO2_Taijie_Calib                         0x2000007c   Data           2  globalval.o(.data)
    R_XB_Final                               0x2000007e   Data           2  globalval.o(.data)
    QC_Calib                                 0x20000080   Data           2  globalval.o(.data)
    F_HT                                     0x20000082   Data           1  globalval.o(.data)
    Gender                                   0x20000083   Data           1  globalval.o(.data)
    BME_Temperature                          0x20000084   Data           4  globalval.o(.data)
    BME_Humidity                             0x20000088   Data           4  globalval.o(.data)
    BME_Pressure                             0x2000008c   Data           4  globalval.o(.data)
    F_DC                                     0x20000090   Data           1  globalval.o(.data)
    HumidityThreshold                        0x20000092   Data           2  globalval.o(.data)
    F_CO2_Num                                0x20000094   Data           1  globalval.o(.data)
    F_Zero_Num                               0x20000095   Data           1  globalval.o(.data)
    ReceiveFlag6                             0x20000096   Data           1  globalval.o(.data)
    F_Sex                                    0x20000097   Data           1  globalval.o(.data)
    F_CO2                                    0x20000098   Data           1  globalval.o(.data)
    gasTypeFactor                            0x20000099   Data           1  globalval.o(.data)
    F_GasType                                0x2000009a   Data           1  globalval.o(.data)
    res_flash                                0x2000009c   Data           1  sd_fat_app.o(.data)
    fnum                                     0x200000a0   Data           4  sd_fat_app.o(.data)
    ADC_ConvertedValue2                      0x200000a4   Data           8  adc.o(.data)
    ADC_ConvertedValue3                      0x200000ac   Data           2  adc.o(.data)
    SystemCoreClock                          0x200000c4   Data           4  system_stm32f10x.o(.data)
    AHBPrescTable                            0x200000c8   Data          16  system_stm32f10x.o(.data)
    RTCNeedReConfig                          0x20000114   Data           1  rtc.o(.data)
    TimeDisplay                              0x20000118   Data           4  rtc.o(.data)
    Warming_up_Cnt                           0x2000011c   Data           2  framedisplay.o(.data)
    __stdout                                 0x20000120   Data           4  stdout.o(.data)
    SDCardInfo                               0x20000158   Data          80  bsp_sdio_sdcard.o(.bss)
    SDIO_InitStructure                       0x200001a8   Data          24  bsp_sdio_sdcard.o(.bss)
    SDIO_CmdInitStructure                    0x200001c0   Data          20  bsp_sdio_sdcard.o(.bss)
    SDIO_DataInitStructure                   0x200001d4   Data          24  bsp_sdio_sdcard.o(.bss)
    systmtime                                0x20000264   Data          28  bsp.o(.bss)
    g_Tmr                                    0x20000280   Data          32  systick.o(.bss)
    RBC_pc_ComR                              0x200002a0   Data         255  globalval.o(.bss)
    Write_Receive                            0x2000039f   Data         255  globalval.o(.bss)
    Com3TBuf                                 0x2000049e   Data         200  globalval.o(.bss)
    Com3RBuf                                 0x20000566   Data         200  globalval.o(.bss)
    Buf_Zero                                 0x2000062e   Data         200  globalval.o(.bss)
    fs                                       0x200006f8   Data        4144  sd_fat_app.o(.bss)
    fnew                                     0x20001728   Data        4132  sd_fat_app.o(.bss)
    Num2StrTmp                               0x2000277c   Data          16  num2str.o(.bss)
    __initial_sp                             0x20002b90   Data           0  startup_stm32f10x_hd.o(STACK)



==============================================================================

Memory Map of the image

  Image Entry point : 0x08000131

  Load Region LR_IROM1 (Base: 0x08000000, Size: 0x0003a534, Max: 0x00080000, ABSOLUTE)

    Execution Region ER_IROM1 (Base: 0x08000000, Size: 0x0003a40c, Max: 0x00080000, ABSOLUTE)

    Base Addr    Size         Type   Attr      Idx    E Section Name        Object

    0x08000000   0x00000130   Data   RO         1624    RESET               startup_stm32f10x_hd.o
    0x08000130   0x00000000   Code   RO         6055  * .ARM.Collect$$$$00000000  mc_w.l(entry.o)
    0x08000130   0x00000004   Code   RO         6363    .ARM.Collect$$$$00000001  mc_w.l(entry2.o)
    0x08000134   0x00000004   Code   RO         6366    .ARM.Collect$$$$00000004  mc_w.l(entry5.o)
    0x08000138   0x00000000   Code   RO         6368    .ARM.Collect$$$$00000008  mc_w.l(entry7b.o)
    0x08000138   0x00000000   Code   RO         6370    .ARM.Collect$$$$0000000A  mc_w.l(entry8b.o)
    0x08000138   0x00000008   Code   RO         6371    .ARM.Collect$$$$0000000B  mc_w.l(entry9a.o)
    0x08000140   0x00000000   Code   RO         6373    .ARM.Collect$$$$0000000D  mc_w.l(entry10a.o)
    0x08000140   0x00000000   Code   RO         6375    .ARM.Collect$$$$0000000F  mc_w.l(entry11a.o)
    0x08000140   0x00000004   Code   RO         6364    .ARM.Collect$$$$00002712  mc_w.l(entry2.o)
    0x08000144   0x00000024   Code   RO         1625    .text               startup_stm32f10x_hd.o
    0x08000168   0x00000024   Code   RO         6058    .text               mc_w.l(memcpya.o)
    0x0800018c   0x00000024   Code   RO         6060    .text               mc_w.l(memseta.o)
    0x080001b0   0x000000b0   Code   RO         6325    .text               mf_w.l(fadd.o)
    0x08000260   0x00000064   Code   RO         6327    .text               mf_w.l(fmul.o)
    0x080002c4   0x0000007c   Code   RO         6329    .text               mf_w.l(fdiv.o)
    0x08000340   0x0000014e   Code   RO         6331    .text               mf_w.l(dadd.o)
    0x0800048e   0x000000e4   Code   RO         6333    .text               mf_w.l(dmul.o)
    0x08000572   0x000000de   Code   RO         6335    .text               mf_w.l(ddiv.o)
    0x08000650   0x00000012   Code   RO         6337    .text               mf_w.l(fflti.o)
    0x08000662   0x0000000a   Code   RO         6339    .text               mf_w.l(ffltui.o)
    0x0800066c   0x00000022   Code   RO         6341    .text               mf_w.l(dflti.o)
    0x0800068e   0x0000001a   Code   RO         6343    .text               mf_w.l(dfltui.o)
    0x080006a8   0x00000032   Code   RO         6345    .text               mf_w.l(ffixi.o)
    0x080006da   0x00000028   Code   RO         6347    .text               mf_w.l(ffixui.o)
    0x08000702   0x00000032   Code   RO         6349    .text               mf_w.l(dfixui.o)
    0x08000734   0x00000026   Code   RO         6351    .text               mf_w.l(f2d.o)
    0x0800075a   0x00000002   PAD
    0x0800075c   0x00000030   Code   RO         6353    .text               mf_w.l(cdcmple.o)
    0x0800078c   0x00000030   Code   RO         6355    .text               mf_w.l(cdrcmple.o)
    0x080007bc   0x00000038   Code   RO         6357    .text               mf_w.l(d2f.o)
    0x080007f4   0x00000014   Code   RO         6359    .text               mf_w.l(cfcmple.o)
    0x08000808   0x00000014   Code   RO         6361    .text               mf_w.l(cfrcmple.o)
    0x0800081c   0x0000002c   Code   RO         6378    .text               mc_w.l(uidiv.o)
    0x08000848   0x00000062   Code   RO         6380    .text               mc_w.l(uldiv.o)
    0x080008aa   0x0000001e   Code   RO         6382    .text               mc_w.l(llshl.o)
    0x080008c8   0x00000020   Code   RO         6384    .text               mc_w.l(llushr.o)
    0x080008e8   0x00000024   Code   RO         6386    .text               mc_w.l(llsshr.o)
    0x0800090c   0x00000000   Code   RO         6395    .text               mc_w.l(iusefp.o)
    0x0800090c   0x0000006e   Code   RO         6396    .text               mf_w.l(fepilogue.o)
    0x0800097a   0x000000ba   Code   RO         6398    .text               mf_w.l(depilogue.o)
    0x08000a34   0x000000a2   Code   RO         6400    .text               mf_w.l(dsqrt.o)
    0x08000ad6   0x00000030   Code   RO         6402    .text               mf_w.l(dfixul.o)
    0x08000b06   0x00000002   PAD
    0x08000b08   0x00000024   Code   RO         6404    .text               mc_w.l(init.o)
    0x08000b2c   0x00000024   Code   RO          900    i.ADC               ads7816.o
    0x08000b50   0x0000000c   Code   RO         1350    i.ADC123_Init       adc.o
    0x08000b5c   0x00000040   Code   RO         1351    i.ADC1_2_IRQHandler  adc.o
    0x08000b9c   0x00000022   Code   RO         1352    i.ADC1_2_NVIC_Config  adc.o
    0x08000bbe   0x00000002   PAD
    0x08000bc0   0x00000088   Code   RO         1354    i.ADC2_Config       adc.o
    0x08000c48   0x00000060   Code   RO         1355    i.ADC2_ValConvt     adc.o
    0x08000ca8   0x00000006   Code   RO         1670    i.ADC_ClearFlag     stm32f10x_adc.o
    0x08000cae   0x0000000a   Code   RO         1671    i.ADC_ClearITPendingBit  stm32f10x_adc.o
    0x08000cb8   0x00000016   Code   RO         1672    i.ADC_Cmd           stm32f10x_adc.o
    0x08000cce   0x00000002   PAD
    0x08000cd0   0x00000050   Code   RO         1356    i.ADC_GPIO_Config   adc.o
    0x08000d20   0x00000014   Code   RO         1680    i.ADC_GetCalibrationStatus  stm32f10x_adc.o
    0x08000d34   0x00000008   Code   RO         1681    i.ADC_GetConversionValue  stm32f10x_adc.o
    0x08000d3c   0x00000024   Code   RO         1684    i.ADC_GetITStatus   stm32f10x_adc.o
    0x08000d60   0x00000014   Code   RO         1686    i.ADC_GetResetCalibrationStatus  stm32f10x_adc.o
    0x08000d74   0x00000018   Code   RO         1689    i.ADC_ITConfig      stm32f10x_adc.o
    0x08000d8c   0x00000050   Code   RO         1690    i.ADC_Init          stm32f10x_adc.o
    0x08000ddc   0x000000b8   Code   RO         1694    i.ADC_RegularChannelConfig  stm32f10x_adc.o
    0x08000e94   0x0000000a   Code   RO         1695    i.ADC_ResetCalibration  stm32f10x_adc.o
    0x08000e9e   0x00000016   Code   RO         1697    i.ADC_SoftwareStartConvCmd  stm32f10x_adc.o
    0x08000eb4   0x0000000a   Code   RO         1699    i.ADC_StartCalibration  stm32f10x_adc.o
    0x08000ebe   0x00000002   PAD
    0x08000ec0   0x00000284   Code   RO          901    i.ADC_TIMingDiagrams  ads7816.o
    0x08001144   0x0000004c   Code   RO          902    i.ADS7816_GPIO_Init  ads7816.o
    0x08001190   0x00000024   Code   RO          992    i.BEEP_DOING        beep.o
    0x080011b4   0x0000005c   Code   RO          993    i.BEEP_Init         beep.o
    0x08001210   0x0000001c   Code   RO         1895    i.BKP_ReadBackupRegister  stm32f10x_bkp.o
    0x0800122c   0x0000001c   Code   RO         1899    i.BKP_WriteBackupRegister  stm32f10x_bkp.o
    0x08001248   0x00000164   Code   RO         1428    i.BME280_CalibParam  bme280.o
    0x080013ac   0x00000044   Code   RO         1429    i.BME280_Chack      bme280.o
    0x080013f0   0x00000118   Code   RO         1430    i.BME280_CompensateHumidityInt32  bme280.o
    0x08001508   0x000000cc   Code   RO         1431    i.BME280_CompensatePressureInt32  bme280.o
    0x080015d4   0x0000004c   Code   RO         1432    i.BME280_CompensateTemperatureInt32  bme280.o
    0x08001620   0x00000068   Code   RO         1435    i.BME280_Init       bme280.o
    0x08001688   0x00000090   Code   RO         1436    i.BME280_ReadPTH    bme280.o
    0x08001718   0x00000064   Code   RO         1437    i.BME280_ReadUncompPressureTemperature  bme280.o
    0x0800177c   0x00000050   Code   RO         1556    i.BME_IIC_Ack       myiic.o
    0x080017cc   0x00000038   Code   RO         1557    i.BME_IIC_Init      myiic.o
    0x08001804   0x00000050   Code   RO         1558    i.BME_IIC_NAck      myiic.o
    0x08001854   0x00000070   Code   RO         1559    i.BME_IIC_Read_Byte  myiic.o
    0x080018c4   0x00000074   Code   RO         1560    i.BME_IIC_Send_Byte  myiic.o
    0x08001938   0x0000004c   Code   RO         1561    i.BME_IIC_Start     myiic.o
    0x08001984   0x0000004c   Code   RO         1562    i.BME_IIC_Stop      myiic.o
    0x080019d0   0x00000064   Code   RO         1563    i.BME_IIC_Wait_Ack  myiic.o
    0x08001a34   0x00000048   Code   RO         1443    i.BME_Read_Byte     bme280.o
    0x08001a7c   0x00000074   Code   RO         1444    i.BME_Read_Len      bme280.o
    0x08001af0   0x0000004c   Code   RO         1445    i.BME_Write_Byte    bme280.o
    0x08001b3c   0x0000024c   Code   RO         5830    i.Bme280Fault       gasroad.o
    0x08001d88   0x00000004   Code   RO          214    i.BusFault_Handler  stm32f10x_it.o
    0x08001d8c   0x00000030   Code   RO         1113    i.CD4051_Init       cd4051.o
    0x08001dbc   0x000000cc   Code   RO         5052    i.CO2_CON           measurement.o
    0x08001e88   0x00000240   Code   RO         5831    i.CO2_CO_SensorZERO  gasroad.o
    0x080020c8   0x00000428   Code   RO         5053    i.CO2_Cal_Pro       measurement.o
    0x080024f0   0x00000058   Code   RO         5836    i.Celiang_ZhunBeiNew  gasroad.o
    0x08002548   0x00000012   Code   RO          357    i.CheckAutoWrite    t6963c_port.o
    0x0800255a   0x00000002   PAD
    0x0800255c   0x00000070   Code   RO         5837    i.Chou_BGas         gasroad.o
    0x080025cc   0x00000070   Code   RO         5838    i.Chou_YGas         gasroad.o
    0x0800263c   0x00000124   Code   RO         5056    i.Chu_Zhi           measurement.o
    0x08002760   0x00000020   Code   RO         5839    i.Close_CO2_Paiqi   gasroad.o
    0x08002780   0x0000002c   Code   RO          482    i.CmdError          bsp_sdio_sdcard.o
    0x080027ac   0x00000028   Code   RO          483    i.CmdResp1Error     bsp_sdio_sdcard.o
    0x080027d4   0x0000004c   Code   RO          484    i.CmdResp2Error     bsp_sdio_sdcard.o
    0x08002820   0x00000038   Code   RO          485    i.CmdResp3Error     bsp_sdio_sdcard.o
    0x08002858   0x0000009c   Code   RO          486    i.CmdResp6Error     bsp_sdio_sdcard.o
    0x080028f4   0x0000004c   Code   RO          487    i.CmdResp7Error     bsp_sdio_sdcard.o
    0x08002940   0x00000ca0   Code   RO         5057    i.Curve_PROM        measurement.o
    0x080035e0   0x0000001c   Code   RO         2355    i.DMA_ClearFlag     stm32f10x_dma.o
    0x080035fc   0x00000018   Code   RO         2357    i.DMA_Cmd           stm32f10x_dma.o
    0x08003614   0x0000002c   Code   RO         2360    i.DMA_GetFlagStatus  stm32f10x_dma.o
    0x08003640   0x0000003c   Code   RO         2363    i.DMA_Init          stm32f10x_dma.o
    0x0800367c   0x00000064   Code   RO         5840    i.Daiji             gasroad.o
    0x080036e0   0x00000070   Code   RO         5841    i.DaoQi_B           gasroad.o
    0x08003750   0x00000070   Code   RO         5842    i.DaoQi_Y           gasroad.o
    0x080037c0   0x00000044   Code   RO         5843    i.DaoQi_Z           gasroad.o
    0x08003804   0x00000002   Code   RO          215    i.DebugMon_Handler  stm32f10x_it.o
    0x08003806   0x00000016   Code   RO          436    i.Delay100ms        utility.o
    0x0800381c   0x00000016   Code   RO          438    i.Delay10ms         utility.o
    0x08003832   0x0000001e   Code   RO          439    i.Delay1ms          utility.o
    0x08003850   0x00000014   Code   RO          440    i.Delay1us          utility.o
    0x08003864   0x00000024   Code   RO         5238    i.Dis_Sample_Test   framedisplay.o
    0x08003888   0x00000078   Code   RO          923    i.EV_Close          evalve.o
    0x08003900   0x00000078   Code   RO          924    i.EV_Open           evalve.o
    0x08003978   0x0000002c   Code   RO          925    i.EValve_All_Close  evalve.o
    0x080039a4   0x00000058   Code   RO          926    i.EValve_GPIO_Config  evalve.o
    0x080039fc   0x0000000c   Code   RO          927    i.EValve_Init       evalve.o
    0x08003a08   0x00000034   Code   RO         2666    i.FSMC_NORSRAMCmd   stm32f10x_fsmc.o
    0x08003a3c   0x000000e6   Code   RO         2668    i.FSMC_NORSRAMInit  stm32f10x_fsmc.o
    0x08003b22   0x00000002   PAD
    0x08003b24   0x00000090   Code   RO         5429    i.FS_CO2            rbc_pc_cmdrule.o
    0x08003bb4   0x00000020   Code   RO         5430    i.FS_CO2_ERRO       rbc_pc_cmdrule.o
    0x08003bd4   0x00000014   Code   RO         5431    i.FS_CO2_Fault      rbc_pc_cmdrule.o
    0x08003be8   0x00000014   Code   RO         5432    i.FS_CO2_WARNING    rbc_pc_cmdrule.o
    0x08003bfc   0x00000048   Code   RO         5433    i.FS_Diff_ZERO      rbc_pc_cmdrule.o
    0x08003c44   0x0000006c   Code   RO         5434    i.FS_GasNo          rbc_pc_cmdrule.o
    0x08003cb0   0x0000006c   Code   RO         5435    i.FS_GasNo_None     rbc_pc_cmdrule.o
    0x08003d1c   0x00000090   Code   RO         5436    i.FS_GasYes         rbc_pc_cmdrule.o
    0x08003dac   0x00000080   Code   RO         5437    i.FS_GasYes_None    rbc_pc_cmdrule.o
    0x08003e2c   0x00000048   Code   RO         5438    i.FS_HB             rbc_pc_cmdrule.o
    0x08003e74   0x00000020   Code   RO         5440    i.FS_INT_OK         rbc_pc_cmdrule.o
    0x08003e94   0x00000020   Code   RO         5441    i.FS_INT_ON         rbc_pc_cmdrule.o
    0x08003eb4   0x00000074   Code   RO         5442    i.FS_Pco            rbc_pc_cmdrule.o
    0x08003f28   0x00000020   Code   RO         5443    i.FS_QC_BACK        rbc_pc_cmdrule.o
    0x08003f48   0x00000020   Code   RO         5444    i.FS_QC_OK          rbc_pc_cmdrule.o
    0x08003f68   0x00000020   Code   RO         5445    i.FS_QC_ON          rbc_pc_cmdrule.o
    0x08003f88   0x00000020   Code   RO         5446    i.FS_QC_RS_CRI_OK   rbc_pc_cmdrule.o
    0x08003fa8   0x00000020   Code   RO         5447    i.FS_QC_RS_ERR      rbc_pc_cmdrule.o
    0x08003fc8   0x00000020   Code   RO         5448    i.FS_QC_RS_OK       rbc_pc_cmdrule.o
    0x08003fe8   0x00000020   Code   RO         5449    i.FS_QC_RUN_ERR1    rbc_pc_cmdrule.o
    0x08004008   0x00000020   Code   RO         5450    i.FS_QC_RUN_ERR2    rbc_pc_cmdrule.o
    0x08004028   0x00000020   Code   RO         5451    i.FS_QC_step1_OK    rbc_pc_cmdrule.o
    0x08004048   0x00000020   Code   RO         5452    i.FS_QC_step1_ON    rbc_pc_cmdrule.o
    0x08004068   0x00000020   Code   RO         5453    i.FS_QC_step2_OK    rbc_pc_cmdrule.o
    0x08004088   0x00000020   Code   RO         5454    i.FS_QC_step2_ON    rbc_pc_cmdrule.o
    0x080040a8   0x00000020   Code   RO         5455    i.FS_QC_step3_OK    rbc_pc_cmdrule.o
    0x080040c8   0x00000020   Code   RO         5456    i.FS_QC_step3_ON    rbc_pc_cmdrule.o
    0x080040e8   0x00000048   Code   RO         5460    i.FS_RA             rbc_pc_cmdrule.o
    0x08004130   0x00000044   Code   RO         5461    i.FS_RBC            rbc_pc_cmdrule.o
    0x08004174   0x00000048   Code   RO         5463    i.FS_RP             rbc_pc_cmdrule.o
    0x080041bc   0x00000014   Code   RO         5465    i.FS_RUN_OK         rbc_pc_cmdrule.o
    0x080041d0   0x00000020   Code   RO         5466    i.FS_RUN_ON         rbc_pc_cmdrule.o
    0x080041f0   0x00000020   Code   RO         5468    i.FS_RUN_step1_OK   rbc_pc_cmdrule.o
    0x08004210   0x00000020   Code   RO         5469    i.FS_RUN_step1_ON   rbc_pc_cmdrule.o
    0x08004230   0x00000020   Code   RO         5471    i.FS_RUN_step2_OK   rbc_pc_cmdrule.o
    0x08004250   0x00000020   Code   RO         5472    i.FS_RUN_step2_ON   rbc_pc_cmdrule.o
    0x08004270   0x00000020   Code   RO         5474    i.FS_RUN_step3_OK   rbc_pc_cmdrule.o
    0x08004290   0x00000020   Code   RO         5475    i.FS_RUN_step3_ON   rbc_pc_cmdrule.o
    0x080042b0   0x00000020   Code   RO         5477    i.FS_RUN_step4_OK   rbc_pc_cmdrule.o
    0x080042d0   0x00000020   Code   RO         5478    i.FS_RUN_step4_ON   rbc_pc_cmdrule.o
    0x080042f0   0x00000040   Code   RO         5479    i.FS_SEX            rbc_pc_cmdrule.o
    0x08004330   0x0000003c   Code   RO         5480    i.FS_SampleType     rbc_pc_cmdrule.o
    0x0800436c   0x00000020   Code   RO         5481    i.FS_TEST_ERRO      rbc_pc_cmdrule.o
    0x0800438c   0x00000048   Code   RO         5484    i.FS_ZERO_Fault     rbc_pc_cmdrule.o
    0x080043d4   0x0000019c   Code   RO          488    i.FindSCR           bsp_sdio_sdcard.o
    0x08004570   0x0000001c   Code   RO          994    i.GAS_PUB_Closed    beep.o
    0x0800458c   0x0000001c   Code   RO          995    i.GAS_PUB_OPEN      beep.o
    0x080045a8   0x00000050   Code   RO          489    i.GPIO_Configuration  bsp_sdio_sdcard.o
    0x080045f8   0x00000116   Code   RO         2781    i.GPIO_Init         stm32f10x_gpio.o
    0x0800470e   0x00000012   Code   RO         2785    i.GPIO_ReadInputDataBit  stm32f10x_gpio.o
    0x08004720   0x00000004   Code   RO         2788    i.GPIO_ResetBits    stm32f10x_gpio.o
    0x08004724   0x00000004   Code   RO         2789    i.GPIO_SetBits      stm32f10x_gpio.o
    0x08004728   0x00000070   Code   RO         5844    i.Get_BGas          gasroad.o
    0x08004798   0x00000074   Code   RO         5846    i.Get_CO2_GAS       gasroad.o
    0x0800480c   0x00000070   Code   RO         5847    i.Get_ZGas          gasroad.o
    0x0800487c   0x00000098   Code   RO         5155    i.GregorianDay      date.o
    0x08004914   0x00000004   Code   RO          216    i.HardFault_Handler  stm32f10x_it.o
    0x08004918   0x000000d4   Code   RO         5849    i.Humidity_Fault    gasroad.o
    0x080049ec   0x0000000e   Code   RO         1146    i.I2CEEPROM_Init    bsp_i2c_eeprom.o
    0x080049fa   0x00000002   PAD
    0x080049fc   0x00000088   Code   RO         1114    i.IN_Select         cd4051.o
    0x08004a84   0x0000001c   Code   RO          799    i.IsKeyDEC          bsp_button.o
    0x08004aa0   0x0000001c   Code   RO          800    i.IsKeyINC          bsp_button.o
    0x08004abc   0x0000001c   Code   RO          801    i.IsKeyPHOTOL       bsp_button.o
    0x08004ad8   0x0000001c   Code   RO          802    i.IsKeyPHOTOR       bsp_button.o
    0x08004af4   0x0000001c   Code   RO          803    i.IsKeyRUN          bsp_button.o
    0x08004b10   0x0000001c   Code   RO          804    i.IsKeySET          bsp_button.o
    0x08004b2c   0x0000005c   Code   RO          297    i.LCD_FSMC_Config   t6963c.o
    0x08004b88   0x00000048   Code   RO          298    i.LCD_Init          t6963c.o
    0x08004bd0   0x0000000c   Code   RO          299    i.LCD_PortInit      t6963c.o
    0x08004bdc   0x000000a4   Code   RO          301    i.LCM_GPIO_Config   t6963c.o
    0x08004c80   0x00000020   Code   RO         1022    i.LED_All_Close     led.o
    0x08004ca0   0x00000046   Code   RO          302    i.LcmClear          t6963c.o
    0x08004ce6   0x00000010   Code   RO          359    i.LcmWriteCommand   t6963c_port.o
    0x08004cf6   0x0000001c   Code   RO          360    i.LcmWriteCommandWith1Par  t6963c_port.o
    0x08004d12   0x00000026   Code   RO          361    i.LcmWriteCommandWith2Par  t6963c_port.o
    0x08004d38   0x0000000c   Code   RO          362    i.LcmWriteData      t6963c_port.o
    0x08004d44   0x00000026   Code   RO          303    i.LocateXY          t6963c.o
    0x08004d6a   0x00000002   PAD
    0x08004d6c   0x00000070   Code   RO          807    i.MKeyProcess       bsp_button.o
    0x08004ddc   0x00000004   Code   RO          217    i.MemManage_Handler  stm32f10x_it.o
    0x08004de0   0x00000044   Code   RO          958    i.Motor1Start       steppermotor.o
    0x08004e24   0x00000016   Code   RO          959    i.Motor1Stop        steppermotor.o
    0x08004e3a   0x0000000c   Code   RO          960    i.MotorInit         steppermotor.o
    0x08004e46   0x00000002   PAD
    0x08004e48   0x00000070   Code   RO          961    i.Motor_GPIO_Config  steppermotor.o
    0x08004eb8   0x00000002   Code   RO          218    i.NMI_Handler       stm32f10x_it.o
    0x08004eba   0x00000012   Code   RO         1101    i.NVIC_Config       nvic_config.o
    0x08004ecc   0x00000028   Code   RO          491    i.NVIC_Configuration  bsp_sdio_sdcard.o
    0x08004ef4   0x00000070   Code   RO         1630    i.NVIC_Init         misc.o
    0x08004f64   0x00000014   Code   RO         1631    i.NVIC_PriorityGroupConfig  misc.o
    0x08004f78   0x00000038   Code   RO         6023    i.Num2StrF          num2str.o
    0x08004fb0   0x0000002c   Code   RO         6024    i.Num2StrI          num2str.o
    0x08004fdc   0x000000fc   Code   RO         5058    i.OnlinePC          measurement.o
    0x080050d8   0x00000020   Code   RO         5850    i.Open_CO2_Paiqi    gasroad.o
    0x080050f8   0x00000020   Code   RO         5851    i.Open_paiqi        gasroad.o
    0x08005118   0x000000a4   Code   RO         5486    i.PC_Cmd_Analy      rbc_pc_cmdrule.o
    0x080051bc   0x000000ec   Code   RO         5487    i.PC_Val_Analy      rbc_pc_cmdrule.o
    0x080052a8   0x0000000c   Code   RO         3138    i.PWR_BackupAccessCmd  stm32f10x_pwr.o
    0x080052b4   0x00000012   Code   RO         5852    i.Paiqi_RRR_PROM    gasroad.o
    0x080052c6   0x00000012   Code   RO         5853    i.Paiqi_RR_PROM     gasroad.o
    0x080052d8   0x00000012   Code   RO         5854    i.Paiqi_R_PROM      gasroad.o
    0x080052ea   0x00000002   PAD
    0x080052ec   0x0000037c   Code   RO         5059    i.PeiGas_PROM       measurement.o
    0x08005668   0x00000002   Code   RO          219    i.PendSV_Handler    stm32f10x_it.o
    0x0800566a   0x00000002   PAD
    0x0800566c   0x00000070   Code   RO         5855    i.Purge_Cylinder    gasroad.o
    0x080056dc   0x000012c4   Code   RO         5060    i.QC_PROM           measurement.o
    0x080069a0   0x0000003c   Code   RO         5856    i.QiGuang_Reset     gasroad.o
    0x080069dc   0x00000020   Code   RO         5488    i.RBCtoPC_Cmd_00    rbc_pc_cmdrule.o
    0x080069fc   0x000000a4   Code   RO         5489    i.RBCtoPC_Cmd_6     rbc_pc_cmdrule.o
    0x08006aa0   0x00000080   Code   RO         5490    i.RBCtoPC_Cmd_61    rbc_pc_cmdrule.o
    0x08006b20   0x00000020   Code   RO         5491    i.RBCtoPC_Cmd_AA    rbc_pc_cmdrule.o
    0x08006b40   0x00000020   Code   RO         5492    i.RBCtoPC_Cmd_FF    rbc_pc_cmdrule.o
    0x08006b60   0x00000018   Code   RO         3198    i.RCC_ADCCLKConfig  stm32f10x_rcc.o
    0x08006b78   0x00000020   Code   RO         3199    i.RCC_AHBPeriphClockCmd  stm32f10x_rcc.o
    0x08006b98   0x00000020   Code   RO         3200    i.RCC_APB1PeriphClockCmd  stm32f10x_rcc.o
    0x08006bb8   0x00000020   Code   RO         3202    i.RCC_APB2PeriphClockCmd  stm32f10x_rcc.o
    0x08006bd8   0x00000014   Code   RO         3206    i.RCC_ClearFlag     stm32f10x_rcc.o
    0x08006bec   0x000000d4   Code   RO         3210    i.RCC_GetClocksFreq  stm32f10x_rcc.o
    0x08006cc0   0x0000003c   Code   RO         3211    i.RCC_GetFlagStatus  stm32f10x_rcc.o
    0x08006cfc   0x00000034   Code   RO         3218    i.RCC_LSEConfig     stm32f10x_rcc.o
    0x08006d30   0x0000000c   Code   RO         3225    i.RCC_RTCCLKCmd     stm32f10x_rcc.o
    0x08006d3c   0x00000010   Code   RO         3226    i.RCC_RTCCLKConfig  stm32f10x_rcc.o
    0x08006d4c   0x00000018   Code   RO         5182    i.RTCTimeTransfer   rtc.o
    0x08006d64   0x00000070   Code   RO         5183    i.RTC_CheckAndConfig  rtc.o
    0x08006dd4   0x00000010   Code   RO         3399    i.RTC_ClearITPendingBit  stm32f10x_rtc.o
    0x08006de4   0x00000054   Code   RO         5184    i.RTC_Configuration  rtc.o
    0x08006e38   0x00000014   Code   RO         3400    i.RTC_EnterConfigMode  stm32f10x_rtc.o
    0x08006e4c   0x00000014   Code   RO         3401    i.RTC_ExitConfigMode  stm32f10x_rtc.o
    0x08006e60   0x00000014   Code   RO         3402    i.RTC_GetCounter    stm32f10x_rtc.o
    0x08006e74   0x00000024   Code   RO         3405    i.RTC_GetITStatus   stm32f10x_rtc.o
    0x08006e98   0x00000020   Code   RO         5185    i.RTC_IRQHandler    rtc.o
    0x08006eb8   0x00000020   Code   RO         3406    i.RTC_ITConfig      stm32f10x_rtc.o
    0x08006ed8   0x00000010   Code   RO         5186    i.RTC_Init          rtc.o
    0x08006ee8   0x00000020   Code   RO         5187    i.RTC_NVIC_Config   rtc.o
    0x08006f08   0x0000001c   Code   RO         3408    i.RTC_SetCounter    stm32f10x_rtc.o
    0x08006f24   0x00000020   Code   RO         3409    i.RTC_SetPrescaler  stm32f10x_rtc.o
    0x08006f44   0x00000014   Code   RO         3410    i.RTC_WaitForLastTask  stm32f10x_rtc.o
    0x08006f58   0x00000024   Code   RO         3411    i.RTC_WaitForSynchro  stm32f10x_rtc.o
    0x08006f7c   0x0000166c   Code   RO         5061    i.RUN_Program       measurement.o
    0x080085e8   0x000000b0   Code   RO         5857    i.Rubber_Ring_Fault  gasroad.o
    0x08008698   0x0000011c   Code   RO          492    i.SDEnWideBus       bsp_sdio_sdcard.o
    0x080087b4   0x0000000c   Code   RO         3489    i.SDIO_ClearFlag    stm32f10x_sdio.o
    0x080087c0   0x0000000c   Code   RO         3490    i.SDIO_ClearITPendingBit  stm32f10x_sdio.o
    0x080087cc   0x0000000c   Code   RO         3491    i.SDIO_ClockCmd     stm32f10x_sdio.o
    0x080087d8   0x0000000c   Code   RO         3494    i.SDIO_DMACmd       stm32f10x_sdio.o
    0x080087e4   0x00000030   Code   RO         3495    i.SDIO_DataConfig   stm32f10x_sdio.o
    0x08008814   0x00000024   Code   RO         3497    i.SDIO_DeInit       stm32f10x_sdio.o
    0x08008838   0x0000000c   Code   RO         3498    i.SDIO_GetCommandResponse  stm32f10x_sdio.o
    0x08008844   0x00000018   Code   RO         3501    i.SDIO_GetFlagStatus  stm32f10x_sdio.o
    0x0800885c   0x00000010   Code   RO         3503    i.SDIO_GetPowerState  stm32f10x_sdio.o
    0x0800886c   0x00000018   Code   RO         3504    i.SDIO_GetResponse  stm32f10x_sdio.o
    0x08008884   0x00000008   Code   RO          220    i.SDIO_IRQHandler   stm32f10x_it.o
    0x0800888c   0x00000020   Code   RO         3505    i.SDIO_ITConfig     stm32f10x_sdio.o
    0x080088ac   0x00000030   Code   RO         3506    i.SDIO_Init         stm32f10x_sdio.o
    0x080088dc   0x00000028   Code   RO         1319    i.SDIO_NVIC_Configuration  sd_fat_app.o
    0x08008904   0x0000000c   Code   RO         3507    i.SDIO_ReadData     stm32f10x_sdio.o
    0x08008910   0x0000002c   Code   RO         3509    i.SDIO_SendCommand  stm32f10x_sdio.o
    0x0800893c   0x0000001c   Code   RO         3511    i.SDIO_SetPowerState  stm32f10x_sdio.o
    0x08008958   0x00000010   Code   RO          493    i.SD_DMAEndOfTransferStatus  bsp_sdio_sdcard.o
    0x08008968   0x00000064   Code   RO          494    i.SD_DMA_RxConfig   bsp_sdio_sdcard.o
    0x080089cc   0x00000064   Code   RO          495    i.SD_DMA_TxConfig   bsp_sdio_sdcard.o
    0x08008a30   0x00000094   Code   RO          497    i.SD_EnableWideBusOperation  bsp_sdio_sdcard.o
    0x08008ac4   0x000002cc   Code   RO          499    i.SD_GetCardInfo    bsp_sdio_sdcard.o
    0x08008d90   0x0000001a   Code   RO          501    i.SD_GetState       bsp_sdio_sdcard.o
    0x08008daa   0x0000001e   Code   RO          502    i.SD_GetStatus      bsp_sdio_sdcard.o
    0x08008dc8   0x00000074   Code   RO          504    i.SD_Init           bsp_sdio_sdcard.o
    0x08008e3c   0x0000013c   Code   RO          505    i.SD_InitializeCards  bsp_sdio_sdcard.o
    0x08008f78   0x00000188   Code   RO          507    i.SD_PowerON        bsp_sdio_sdcard.o
    0x08009100   0x00000058   Code   RO          508    i.SD_ProcessIRQSrc  bsp_sdio_sdcard.o
    0x08009158   0x000000e8   Code   RO          510    i.SD_ReadMultiBlocks  bsp_sdio_sdcard.o
    0x08009240   0x000000d4   Code   RO         1320    i.SD_SAVE           sd_fat_app.o
    0x08009314   0x00000034   Code   RO          511    i.SD_SelectDeselect  bsp_sdio_sdcard.o
    0x08009348   0x00000038   Code   RO          513    i.SD_SendStatus     bsp_sdio_sdcard.o
    0x08009380   0x00000034   Code   RO          515    i.SD_WaitReadOperation  bsp_sdio_sdcard.o
    0x080093b4   0x0000003c   Code   RO          516    i.SD_WaitWriteOperation  bsp_sdio_sdcard.o
    0x080093f0   0x00000148   Code   RO          518    i.SD_WriteMultiBlocks  bsp_sdio_sdcard.o
    0x08009538   0x00000010   Code   RO         5858    i.SELET_CO          gasroad.o
    0x08009548   0x00000002   Code   RO          221    i.SVC_Handler       stm32f10x_it.o
    0x0800954a   0x00000002   PAD
    0x0800954c   0x0000009c   Code   RO         1023    i.Send_Gas_Com      led.o
    0x080095e8   0x00000008   Code   RO         4616    i.SetSysClock       system_stm32f10x.o
    0x080095f0   0x000000e0   Code   RO         4617    i.SetSysClockTo72   system_stm32f10x.o
    0x080096d0   0x000007bc   Code   RO         5062    i.Set_Para          measurement.o
    0x08009e8c   0x00000020   Code   RO          304    i.ShowChar          t6963c.o
    0x08009eac   0x0000002c   Code   RO          305    i.ShowString        t6963c.o
    0x08009ed8   0x00000184   Code   RO         5063    i.StandardDeviation  measurement.o
    0x0800a05c   0x00000012   Code   RO          364    i.StatusRW_Check    t6963c_port.o
    0x0800a06e   0x0000000a   Code   RO         5493    i.Swap              rbc_pc_cmdrule.o
    0x0800a078   0x00000008   Code   RO         1240    i.SysTick_Handler   systick.o
    0x0800a080   0x00000080   Code   RO         1241    i.SysTick_ISR       systick.o
    0x0800a100   0x00000060   Code   RO         4619    i.SystemInit        system_stm32f10x.o
    0x0800a160   0x00000008   Code   RO          367    i.T6963C_WriteCmd   t6963c_port.o
    0x0800a168   0x00000008   Code   RO          368    i.T6963C_WriteData  t6963c_port.o
    0x0800a170   0x00000002   Code   RO          222    i.TIM2_IRQHandler   stm32f10x_it.o
    0x0800a172   0x00000064   Code   RO          962    i.TIM2_Mode_Config  steppermotor.o
    0x0800a1d6   0x00000002   PAD
    0x0800a1d8   0x00000028   Code   RO         1052    i.TIM6Delay_f       timer.o
    0x0800a200   0x00000050   Code   RO         1053    i.TIM6_Config       timer.o
    0x0800a250   0x00000050   Code   RO          223    i.TIM6_IRQHandler   stm32f10x_it.o
    0x0800a2a0   0x00000022   Code   RO         1054    i.TIM6_NVIC_Config  timer.o
    0x0800a2c2   0x00000002   PAD
    0x0800a2c4   0x00000050   Code   RO         1055    i.TIM7_Config       timer.o
    0x0800a314   0x00000068   Code   RO          224    i.TIM7_IRQHandler   stm32f10x_it.o
    0x0800a37c   0x00000022   Code   RO         1056    i.TIM7_NVIC_Config  timer.o
    0x0800a39e   0x00000018   Code   RO         3825    i.TIM_ARRPreloadConfig  stm32f10x_tim.o
    0x0800a3b6   0x00000006   Code   RO         3831    i.TIM_ClearFlag     stm32f10x_tim.o
    0x0800a3bc   0x00000006   Code   RO         3832    i.TIM_ClearITPendingBit  stm32f10x_tim.o
    0x0800a3c2   0x00000018   Code   RO         3837    i.TIM_Cmd           stm32f10x_tim.o
    0x0800a3da   0x00000022   Code   RO         3858    i.TIM_GetITStatus   stm32f10x_tim.o
    0x0800a3fc   0x00000012   Code   RO         3862    i.TIM_ITConfig      stm32f10x_tim.o
    0x0800a40e   0x00000002   PAD
    0x0800a410   0x000000a0   Code   RO         3876    i.TIM_OC3Init       stm32f10x_tim.o
    0x0800a4b0   0x00000012   Code   RO         3879    i.TIM_OC3PreloadConfig  stm32f10x_tim.o
    0x0800a4c2   0x00000002   PAD
    0x0800a4c4   0x000000a4   Code   RO         3908    i.TIM_TimeBaseInit  stm32f10x_tim.o
    0x0800a568   0x00000012   Code   RO         1058    i.TIMx_Enable       timer.o
    0x0800a57a   0x00000020   Code   RO         5189    i.Time_Adjust       rtc.o
    0x0800a59a   0x00000002   PAD
    0x0800a59c   0x00000094   Code   RO          706    i.USART1_Config     bsp_usart.o
    0x0800a630   0x00000130   Code   RO          707    i.USART1_IRQHandler  bsp_usart.o
    0x0800a760   0x00000022   Code   RO          708    i.USART1_NVIC_Config  bsp_usart.o
    0x0800a782   0x00000002   PAD
    0x0800a784   0x0000001c   Code   RO          709    i.USART1_Timeout_UserCallback  bsp_usart.o
    0x0800a7a0   0x00000068   Code   RO         1401    i.USART3_IRQHandler  co2_serial.o
    0x0800a808   0x00000012   Code   RO         4369    i.USART_ClearFlag   stm32f10x_usart.o
    0x0800a81a   0x0000001e   Code   RO         4370    i.USART_ClearITPendingBit  stm32f10x_usart.o
    0x0800a838   0x00000018   Code   RO         4373    i.USART_Cmd         stm32f10x_usart.o
    0x0800a850   0x0000001a   Code   RO         4376    i.USART_GetFlagStatus  stm32f10x_usart.o
    0x0800a86a   0x00000054   Code   RO         4377    i.USART_GetITStatus  stm32f10x_usart.o
    0x0800a8be   0x0000004a   Code   RO         4379    i.USART_ITConfig    stm32f10x_usart.o
    0x0800a908   0x000000d8   Code   RO         4380    i.USART_Init        stm32f10x_usart.o
    0x0800a9e0   0x0000000a   Code   RO         4387    i.USART_ReceiveData  stm32f10x_usart.o
    0x0800a9ea   0x00000008   Code   RO         4390    i.USART_SendData    stm32f10x_usart.o
    0x0800a9f2   0x00000004   Code   RO          225    i.UsageFault_Handler  stm32f10x_it.o
    0x0800a9f6   0x00000002   PAD
    0x0800a9f8   0x00000020   Code   RO         6297    i.__0printf         mc_w.l(printfa.o)
    0x0800aa18   0x00000028   Code   RO         6299    i.__0sprintf        mc_w.l(printfa.o)
    0x0800aa40   0x0000000e   Code   RO         6408    i.__scatterload_copy  mc_w.l(handlers.o)
    0x0800aa4e   0x00000002   Code   RO         6409    i.__scatterload_null  mc_w.l(handlers.o)
    0x0800aa50   0x0000000e   Code   RO         6410    i.__scatterload_zeroinit  mc_w.l(handlers.o)
    0x0800aa5e   0x00000002   PAD
    0x0800aa60   0x0000000c   Code   RO         6390    i.__set_errno       mc_w.l(errno.o)
    0x0800aa6c   0x00000164   Code   RO         6304    i._fp_digits        mc_w.l(printfa.o)
    0x0800abd0   0x000006dc   Code   RO         6305    i._printf_core      mc_w.l(printfa.o)
    0x0800b2ac   0x00000024   Code   RO         6306    i._printf_post_padding  mc_w.l(printfa.o)
    0x0800b2d0   0x0000002e   Code   RO         6307    i._printf_pre_padding  mc_w.l(printfa.o)
    0x0800b2fe   0x0000000a   Code   RO         6309    i._sputc            mc_w.l(printfa.o)
    0x0800b308   0x00000022   Code   RO         5859    i.airTightTest      gasroad.o
    0x0800b32a   0x000000bc   Code   RO          808    i.bsp_DetectButton  bsp_button.o
    0x0800b3e6   0x00000002   PAD
    0x0800b3e8   0x00000034   Code   RO          809    i.bsp_GetKey        bsp_button.o
    0x0800b41c   0x0000000c   Code   RO          810    i.bsp_InitButton    bsp_button.o
    0x0800b428   0x0000002c   Code   RO          811    i.bsp_InitButtonHard  bsp_button.o
    0x0800b454   0x00000178   Code   RO          812    i.bsp_InitButtonVar  bsp_button.o
    0x0800b5cc   0x00000080   Code   RO         1246    i.bsp_InitTimer     systick.o
    0x0800b64c   0x00000040   Code   RO          813    i.bsp_KeyScan       bsp_button.o
    0x0800b68c   0x00000020   Code   RO          815    i.bsp_PutKey        bsp_button.o
    0x0800b6ac   0x00000016   Code   RO         1247    i.bsp_SoftTimerDec  systick.o
    0x0800b6c2   0x00000002   PAD
    0x0800b6c4   0x00000104   Code   RO         1131    i.bsp_init          bsp.o
    0x0800b7c8   0x00000090   Code   RO         4700    i.check_fs          ff.o
    0x0800b858   0x00000014   Code   RO         4701    i.chk_chr           ff.o
    0x0800b86c   0x00000020   Code   RO         5860    i.close_paiqi       gasroad.o
    0x0800b88c   0x0000001a   Code   RO         4702    i.clust2sect        ff.o
    0x0800b8a6   0x00000002   PAD
    0x0800b8a8   0x000000a0   Code   RO         4703    i.cmp_lfn           ff.o
    0x0800b948   0x000000d6   Code   RO         4704    i.create_chain      ff.o
    0x0800ba1e   0x00000002   PAD
    0x0800ba20   0x00000270   Code   RO         4705    i.create_name       ff.o
    0x0800bc90   0x0000014c   Code   RO         5064    i.date_add          measurement.o
    0x0800bddc   0x000000e4   Code   RO         5065    i.date_dec          measurement.o
    0x0800bec0   0x00000010   Code   RO          441    i.delay_1us         utility.o
    0x0800bed0   0x0000005c   Code   RO         4706    i.dir_alloc         ff.o
    0x0800bf2c   0x000000ea   Code   RO         4707    i.dir_find          ff.o
    0x0800c016   0x0000013a   Code   RO         4708    i.dir_next          ff.o
    0x0800c150   0x0000012a   Code   RO         4710    i.dir_register      ff.o
    0x0800c27a   0x000000c8   Code   RO         4712    i.dir_sdi           ff.o
    0x0800c342   0x0000002a   Code   RO         4650    i.disk_initialize   diskio.o
    0x0800c36c   0x00000054   Code   RO         4651    i.disk_ioctl        diskio.o
    0x0800c3c0   0x000000ac   Code   RO         4652    i.disk_read         diskio.o
    0x0800c46c   0x0000001c   Code   RO         4653    i.disk_status       diskio.o
    0x0800c488   0x000000b4   Code   RO         4654    i.disk_write        diskio.o
    0x0800c53c   0x00000016   Code   RO         1147    i.ee_CheckOk        bsp_i2c_eeprom.o
    0x0800c552   0x00000070   Code   RO         1148    i.ee_ReadBytes      bsp_i2c_eeprom.o
    0x0800c5c2   0x000000aa   Code   RO         1149    i.ee_WriteBytes     bsp_i2c_eeprom.o
    0x0800c66c   0x00000020   Code   RO         4714    i.f_close           ff.o
    0x0800c68c   0x0000019a   Code   RO         4718    i.f_lseek           ff.o
    0x0800c826   0x00000002   PAD
    0x0800c828   0x0000005c   Code   RO         4721    i.f_mount           ff.o
    0x0800c884   0x0000017e   Code   RO         4722    i.f_open            ff.o
    0x0800ca02   0x000000b0   Code   RO         4731    i.f_sync            ff.o
    0x0800cab2   0x0000020c   Code   RO         4735    i.f_write           ff.o
    0x0800ccbe   0x00000002   PAD
    0x0800ccc0   0x0000007c   Code   RO         5023    i.ff_convert        cc936.o
    0x0800cd3c   0x0000005c   Code   RO         5024    i.ff_wtoupper       cc936.o
    0x0800cd98   0x000003d8   Code   RO         4736    i.find_volume       ff.o
    0x0800d170   0x00000080   Code   RO         4737    i.fit_lfn           ff.o
    0x0800d1f0   0x00000090   Code   RO         4738    i.follow_path       ff.o
    0x0800d280   0x00000024   Code   RO          711    i.fputc             bsp_usart.o
    0x0800d2a4   0x000000a0   Code   RO         5239    i.framdisplayCurve  framedisplay.o
    0x0800d344   0x00000058   Code   RO         5240    i.framdisplayZeroFault  framedisplay.o
    0x0800d39c   0x00000058   Code   RO         5241    i.framediaplay0     framedisplay.o
    0x0800d3f4   0x00000114   Code   RO         5242    i.framedisplay1     framedisplay.o
    0x0800d508   0x00000184   Code   RO         5243    i.framedisplay3     framedisplay.o
    0x0800d68c   0x0000014c   Code   RO         5244    i.framedisplay3_sub  framedisplay.o
    0x0800d7d8   0x00000024   Code   RO         5246    i.framedisplayAirTight  framedisplay.o
    0x0800d7fc   0x00000078   Code   RO         5248    i.framedisplayCO2Coeff  framedisplay.o
    0x0800d874   0x00000114   Code   RO         5249    i.framedisplayDate  framedisplay.o
    0x0800d988   0x000000c4   Code   RO         5250    i.framedisplayGasDefault  framedisplay.o
    0x0800da4c   0x000000ac   Code   RO         5251    i.framedisplayGasFactor  framedisplay.o
    0x0800daf8   0x000000cc   Code   RO         5252    i.framedisplayGas_celiang_Default  framedisplay.o
    0x0800dbc4   0x000000bc   Code   RO         5254    i.framedisplayHumidity  framedisplay.o
    0x0800dc80   0x000000a0   Code   RO         5255    i.framedisplayQC    framedisplay.o
    0x0800dd20   0x00000018   Code   RO         5257    i.framedisplayRrror  framedisplay.o
    0x0800dd38   0x00000070   Code   RO         5258    i.framedisplayRubberRing  framedisplay.o
    0x0800dda8   0x000000b4   Code   RO         5259    i.framedisplayRun   framedisplay.o
    0x0800de5c   0x000000bc   Code   RO         5260    i.framedisplaySex   framedisplay.o
    0x0800df18   0x000000a0   Code   RO         5261    i.framedisplayT0    framedisplay.o
    0x0800dfb8   0x0000004c   Code   RO         5262    i.framedisplayVersion  framedisplay.o
    0x0800e004   0x0000009c   Code   RO         5263    i.framedisplayX_B   framedisplay.o
    0x0800e0a0   0x0000009c   Code   RO         5264    i.framedisplayZERO  framedisplay.o
    0x0800e13c   0x000000a4   Code   RO         5265    i.framedisplayZEROCO2  framedisplay.o
    0x0800e1e0   0x00000018   Code   RO         5266    i.framedisplay_ok   framedisplay.o
    0x0800e1f8   0x00000110   Code   RO         5267    i.framedisplaytime  framedisplay.o
    0x0800e308   0x000000cc   Code   RO         4739    i.gen_numname       ff.o
    0x0800e3d4   0x0000013e   Code   RO         4740    i.get_fat           ff.o
    0x0800e512   0x00000002   PAD
    0x0800e514   0x00000040   Code   RO         4655    i.get_fattime       diskio.o
    0x0800e554   0x0000004a   Code   RO         4742    i.get_ldnumber      ff.o
    0x0800e59e   0x00000002   PAD
    0x0800e5a0   0x00000030   Code   RO         1176    i.i2c_Ack           bsp_i2c_gpio.o
    0x0800e5d0   0x0000003c   Code   RO         1177    i.i2c_CfgGpio       bsp_i2c_gpio.o
    0x0800e60c   0x00000020   Code   RO         1178    i.i2c_CheckDevice   bsp_i2c_gpio.o
    0x0800e62c   0x0000000e   Code   RO         1179    i.i2c_Delay         bsp_i2c_gpio.o
    0x0800e63a   0x00000002   PAD
    0x0800e63c   0x00000028   Code   RO         1180    i.i2c_NAck          bsp_i2c_gpio.o
    0x0800e664   0x00000044   Code   RO         1181    i.i2c_ReadByte      bsp_i2c_gpio.o
    0x0800e6a8   0x00000054   Code   RO         1182    i.i2c_SendByte      bsp_i2c_gpio.o
    0x0800e6fc   0x00000030   Code   RO         1183    i.i2c_Start         bsp_i2c_gpio.o
    0x0800e72c   0x00000024   Code   RO         1184    i.i2c_Stop          bsp_i2c_gpio.o
    0x0800e750   0x0000003c   Code   RO         1185    i.i2c_WaitAck       bsp_i2c_gpio.o
    0x0800e78c   0x00000054   Code   RO         1024    i.is_gasbag_exit    led.o
    0x0800e7e0   0x00000020   Code   RO         4743    i.ld_clust          ff.o
    0x0800e800   0x0000005c   Code   RO         1025    i.led_GPIO_Init     led.o
    0x0800e85c   0x000001c0   Code   RO            1    i.main              main.o
    0x0800ea1c   0x00000026   Code   RO         4744    i.mem_cmp           ff.o
    0x0800ea42   0x0000001a   Code   RO         4745    i.mem_cpy           ff.o
    0x0800ea5c   0x00000014   Code   RO         4746    i.mem_set           ff.o
    0x0800ea70   0x00000080   Code   RO         5156    i.mktimev           date.o
    0x0800eaf0   0x00000034   Code   RO         4747    i.move_window       ff.o
    0x0800eb24   0x00000188   Code   RO         4749    i.put_fat           ff.o
    0x0800ecac   0x0000006c   Code   RO         4751    i.remove_chain      ff.o
    0x0800ed18   0x00000024   Code   RO         1321    i.sd_fs_init        sd_fat_app.o
    0x0800ed3c   0x0000004c   Code   RO         6048    i.sqrt              m_ws.l(sqrt.o)
    0x0800ed88   0x00000010   Code   RO         4752    i.st_clust          ff.o
    0x0800ed98   0x00000020   Code   RO         4753    i.sum_sfn           ff.o
    0x0800edb8   0x000000c8   Code   RO         4754    i.sync_fs           ff.o
    0x0800ee80   0x00000052   Code   RO         4755    i.sync_window       ff.o
    0x0800eed2   0x00000002   PAD
    0x0800eed4   0x000000dc   Code   RO         5066    i.time_add          measurement.o
    0x0800efb0   0x000000d8   Code   RO         5067    i.time_dec          measurement.o
    0x0800f088   0x000000cc   Code   RO         5157    i.to_tm             date.o
    0x0800f154   0x00000032   Code   RO         4756    i.validate          ff.o
    0x0800f186   0x00000002   PAD
    0x0800f188   0x0000003c   Code   RO         5494    i.wr_cmd_array_6    rbc_pc_cmdrule.o
    0x0800f1c4   0x0000003a   Data   RO         4757    .constdata          ff.o
    0x0800f1fe   0x0002b0c0   Data   RO         5025    .constdata          cc936.o
    0x0803a2be   0x00000002   PAD
    0x0803a2c0   0x00000030   Data   RO         5158    .constdata          date.o
    0x0803a2f0   0x000000fb   Data   RO         5268    .conststring        framedisplay.o
    0x0803a3eb   0x00000001   PAD
    0x0803a3ec   0x00000020   Data   RO         6406    Region$$Table       anon$$obj.o


    Execution Region RW_IRAM1 (Base: 0x20000000, Size: 0x00002b90, Max: 0x00010000, ABSOLUTE)

    Base Addr    Size         Type   Attr      Idx    E Section Name        Object

    0x20000000   0x00000001   Data   RW            2    .data               main.o
    0x20000001   0x00000001   PAD
    0x20000002   0x00000002   Data   RW          226    .data               stm32f10x_it.o
    0x20000004   0x00000014   Data   RW          521    .data               bsp_sdio_sdcard.o
    0x20000018   0x00000001   Data   RW          712    .data               bsp_usart.o
    0x20000019   0x00000003   PAD
    0x2000001c   0x00000008   Data   RW         1059    .data               timer.o
    0x20000024   0x0000000d   Data   RW         1250    .data               systick.o
    0x20000031   0x00000003   PAD
    0x20000034   0x00000067   Data   RW         1307    .data               globalval.o
    0x2000009b   0x00000001   PAD
    0x2000009c   0x00000008   Data   RW         1323    .data               sd_fat_app.o
    0x200000a4   0x0000000a   Data   RW         1358    .data               adc.o
    0x200000ae   0x00000014   Data   RW         3230    .data               stm32f10x_rcc.o
    0x200000c2   0x00000002   PAD
    0x200000c4   0x00000014   Data   RW         4620    .data               system_stm32f10x.o
    0x200000d8   0x0000000a   Data   RW         4758    .data               ff.o
    0x200000e2   0x00000002   PAD
    0x200000e4   0x00000030   Data   RW         5159    .data               date.o
    0x20000114   0x00000008   Data   RW         5190    .data               rtc.o
    0x2000011c   0x00000002   Data   RW         5269    .data               framedisplay.o
    0x2000011e   0x00000002   PAD
    0x20000120   0x00000004   Data   RW         6377    .data               mc_w.l(stdout.o)
    0x20000124   0x00000004   Data   RW         6391    .data               mc_w.l(errno.o)
    0x20000128   0x000000c4   Zero   RW          520    .bss                bsp_sdio_sdcard.o
    0x200001ec   0x00000076   Zero   RW          816    .bss                bsp_button.o
    0x20000262   0x00000002   PAD
    0x20000264   0x0000001c   Zero   RW         1132    .bss                bsp.o
    0x20000280   0x00000020   Zero   RW         1249    .bss                systick.o
    0x200002a0   0x00000456   Zero   RW         1306    .bss                globalval.o
    0x200006f6   0x00000002   PAD
    0x200006f8   0x00002054   Zero   RW         1322    .bss                sd_fat_app.o
    0x2000274c   0x00000030   Zero   RW         1447    .bss                bme280.o
    0x2000277c   0x00000010   Zero   RW         6025    .bss                num2str.o
    0x2000278c   0x00000004   PAD
    0x20002790   0x00000400   Zero   RW         1622    STACK               startup_stm32f10x_hd.o


==============================================================================

Image component sizes


      Code (inc. data)   RO Data    RW Data    ZI Data      Debug   Object Name

       422         42          0         10          0       4072   adc.o
       756         10          0          0          0       2234   ads7816.o
       184         26          0          0          0       1861   beep.o
      1596         34          0          0         48       8459   bme280.o
       260         52          0          0         28        803   bsp.o
      1048        120          0          0        118       8083   bsp_button.o
       318          0          0          0          0       3133   bsp_i2c_eeprom.o
       490         36          0          0          0       5086   bsp_i2c_gpio.o
      4092        284          0         20        196      21992   bsp_sdio_sdcard.o
       550         64          0          1          0       2898   bsp_usart.o
       216         16     176320          0          0       2611   cc936.o
       184         16          0          0          0       1042   cd4051.o
       104         20          0          0          0        544   co2_serial.o
       484         20         48         48          0       2521   date.o
       570         20          0          0          0       5483   diskio.o
       384         68          0          0          0       2538   evalve.o
      6842         66         58         10          0      31904   ff.o
      4232       1974        251          2          0      13553   framedisplay.o
      3000        574          0          0          0      13464   gasroad.o
         0          0          0        103       1110       2771   globalval.o
       364         28          0          0          0       2076   led.o
       448        106          0          1          0     303719   main.o
     19844       4310          0          0          0      18023   measurement.o
       132         22          0          0          0       1579   misc.o
       696        100          0          0          0       4226   myiic.o
       100         10          0          0         16       1775   num2str.o
        18          0          0          0          0        486   nvic_config.o
      3082        386          0          0          0      27929   rbc_pc_cmdrule.o
       332          8          0          8          0       4079   rtc.o
       288         70          0          8       8276       4454   sd_fat_app.o
        36          8        304          0       1024        848   startup_stm32f10x_hd.o
       314         12          0          0          0       2583   steppermotor.o
       452         10          0          0          0       9990   stm32f10x_adc.o
        56         10          0          0          0       2239   stm32f10x_bkp.o
       156         18          0          0          0       3965   stm32f10x_dma.o
       282          6          0          0          0       1861   stm32f10x_fsmc.o
       304          0          0          0          0       3708   stm32f10x_gpio.o
       218         30          0          2          0       5500   stm32f10x_it.o
        12          6          0          0          0        530   stm32f10x_pwr.o
       492         70          0         20          0       8380   stm32f10x_rcc.o
       260         48          0          0          0       5280   stm32f10x_rtc.o
       372         86          0          0          0       9915   stm32f10x_sdio.o
       454         52          0          0          0       6078   stm32f10x_tim.o
       490          6          0          0          0       7449   stm32f10x_usart.o
       328         28          0         20          0       2241   system_stm32f10x.o
       286         40          0         13         32      18006   systick.o
       524         16          0          0          0       4408   t6963c.o
       146          0          0          0          0       4088   t6963c_port.o
       286         18          0          8          0       3462   timer.o
       110          0          0          0          0       2475   utility.o

    ----------------------------------------------------------------------
     56672       8946     177016        288      10856     606404   Object Totals
         0          0         32          0          0          0   (incl. Generated)
        58          0          3         14          8          0   (incl. Padding)

    ----------------------------------------------------------------------

      Code (inc. data)   RO Data    RW Data    ZI Data      Debug   Library Member Name

        76          0          0          0          0         84   sqrt.o
         0          0          0          0          0          0   entry.o
         0          0          0          0          0          0   entry10a.o
         0          0          0          0          0          0   entry11a.o
         8          4          0          0          0          0   entry2.o
         4          0          0          0          0          0   entry5.o
         0          0          0          0          0          0   entry7b.o
         0          0          0          0          0          0   entry8b.o
         8          4          0          0          0          0   entry9a.o
        12          6          0          4          0         68   errno.o
        30          0          0          0          0          0   handlers.o
        36          8          0          0          0         68   init.o
         0          0          0          0          0          0   iusefp.o
        30          0          0          0          0         68   llshl.o
        36          0          0          0          0         68   llsshr.o
        32          0          0          0          0         68   llushr.o
        36          0          0          0          0         68   memcpya.o
        36          0          0          0          0        108   memseta.o
      2276         96          0          0          0        596   printfa.o
         0          0          0          4          0          0   stdout.o
        44          0          0          0          0         80   uidiv.o
        98          0          0          0          0         92   uldiv.o
        48          0          0          0          0         68   cdcmple.o
        48          0          0          0          0         68   cdrcmple.o
        20          0          0          0          0         68   cfcmple.o
        20          0          0          0          0         68   cfrcmple.o
        56          0          0          0          0         88   d2f.o
       334          0          0          0          0        148   dadd.o
       222          0          0          0          0        100   ddiv.o
       186          0          0          0          0        176   depilogue.o
        50          0          0          0          0         76   dfixui.o
        48          0          0          0          0         68   dfixul.o
        34          0          0          0          0         76   dflti.o
        26          0          0          0          0         76   dfltui.o
       228          0          0          0          0         96   dmul.o
       162          0          0          0          0        100   dsqrt.o
        38          0          0          0          0         68   f2d.o
       176          0          0          0          0        140   fadd.o
       124          0          0          0          0         88   fdiv.o
       110          0          0          0          0        168   fepilogue.o
        50          0          0          0          0         68   ffixi.o
        40          0          0          0          0         68   ffixui.o
        18          0          0          0          0         68   fflti.o
        10          0          0          0          0         68   ffltui.o
       100          0          0          0          0         76   fmul.o

    ----------------------------------------------------------------------
      4916        118          0          8          0       3456   Library Totals
         6          0          0          0          0          0   (incl. Padding)

    ----------------------------------------------------------------------

      Code (inc. data)   RO Data    RW Data    ZI Data      Debug   Library Name

        76          0          0          0          0         84   m_ws.l
      2686        118          0          8          0       1284   mc_w.l
      2148          0          0          0          0       2088   mf_w.l

    ----------------------------------------------------------------------
      4916        118          0          8          0       3456   Library Totals

    ----------------------------------------------------------------------

==============================================================================


      Code (inc. data)   RO Data    RW Data    ZI Data      Debug   

     61588       9064     177016        296      10856     586768   Grand Totals
     61588       9064     177016        296      10856     586768   ELF Image Totals
     61588       9064     177016        296          0          0   ROM Totals

==============================================================================

    Total RO  Size (Code + RO Data)               238604 ( 233.01kB)
    Total RW  Size (RW Data + ZI Data)             11152 (  10.89kB)
    Total ROM Size (Code + RO Data + RW Data)     238900 ( 233.30kB)

==============================================================================

